
> rowakit@0.0.0 test C:\Working\Projects\Trung\RowaKit
> vitest run "-t" "RowaKitTable"


[7m[1m[36m RUN [39m[22m[27m [36mv1.6.1[39m [90mC:/Working/Projects/Trung/RowaKit[39m

 [2m[90mΓåô[39m[22m packages/table/src/__tests__/types.test.ts [2m ([22m[2m15 tests[22m [2m|[22m [33m15 skipped[39m[2m)[22m
 [2m[90mΓåô[39m[22m packages/table/src/__tests__/column-helpers.test.ts [2m ([22m[2m23 tests[22m [2m|[22m [33m23 skipped[39m[2m)[22m
 [2m[90mΓåô[39m[22m packages/table/src/__tests__/setup.test.ts [2m ([22m[2m2 tests[22m [2m|[22m [33m2 skipped[39m[2m)[22m
 [2m[90mΓåô[39m[22m packages/table/src/components/SmartTable.sorting.test.tsx [2m ([22m[2m21 tests[22m [2m|[22m [33m21 skipped[39m[2m)[22m
 [2m[90mΓåô[39m[22m packages/table/src/components/SmartTable.pagination.test.tsx [2m ([22m[2m21 tests[22m [2m|[22m [33m21 skipped[39m[2m)[22m
 [2m[90mΓåô[39m[22m packages/table/src/components/SmartTable.test.tsx [2m ([22m[2m24 tests[22m [2m|[22m [33m24 skipped[39m[2m)[22m
 [2m[90mΓåô[39m[22m packages/table/src/components/SmartTable.fetching.test.tsx [2m ([22m[2m22 tests[22m [2m|[22m [33m22 skipped[39m[2m)[22m
 [2m[90mΓåô[39m[22m packages/table/src/components/SmartTable.actions.test.tsx [2m ([22m[2m18 tests[22m [2m|[22m [33m18 skipped[39m[2m)[22m
 [2m[90mΓåô[39m[22m packages/table/src/components/SmartTable.styling.test.tsx [2m ([22m[2m20 tests[22m [2m|[22m [33m20 skipped[39m[2m)[22m
 [33mΓ¥»[39m packages/table/src/__tests__/RowaKitTable.test.tsx [2m ([22m[2m12 tests[22m [2m|[22m [31m12 failed[39m[2m)[22m[90m 37[2mms[22m[39m
[31m   [33mΓ¥»[31m packages/table/src/__tests__/RowaKitTable.test.tsx[2m > [22mRowaKitTable Component (A-11)[2m > [22mPagination[2m > [22mrenders table with mock fetcher[39m
[31m     ΓåÆ text is not a function[39m
[31m   [33mΓ¥»[31m packages/table/src/__tests__/RowaKitTable.test.tsx[2m > [22mRowaKitTable Component (A-11)[2m > [22mPagination[2m > [22mcalls fetcher with page 2 when next button is clicked[39m
[31m     ΓåÆ text is not a function[39m
[31m   [33mΓ¥»[31m packages/table/src/__tests__/RowaKitTable.test.tsx[2m > [22mRowaKitTable Component (A-11)[2m > [22mPagination[2m > [22mdisables next button on last page[39m
[31m     ΓåÆ text is not a function[39m
[31m   [33mΓ¥»[31m packages/table/src/__tests__/RowaKitTable.test.tsx[2m > [22mRowaKitTable Component (A-11)[2m > [22mPagination[2m > [22mdisables previous button on first page[39m
[31m     ΓåÆ text is not a function[39m
[31m   [33mΓ¥»[31m packages/table/src/__tests__/RowaKitTable.test.tsx[2m > [22mRowaKitTable Component (A-11)[2m > [22mPage Size Change[2m > [22mcalls fetcher with new page size and resets to page 1[39m
[31m     ΓåÆ text is not a function[39m
[31m   [33mΓ¥»[31m packages/table/src/__tests__/RowaKitTable.test.tsx[2m > [22mRowaKitTable Component (A-11)[2m > [22mSorting[2m > [22mcycles through sort states: none ΓåÆ asc ΓåÆ desc ΓåÆ none[39m
[31m     ΓåÆ text is not a function[39m
[31m   [33mΓ¥»[31m packages/table/src/__tests__/RowaKitTable.test.tsx[2m > [22mRowaKitTable Component (A-11)[2m > [22mSorting[2m > [22mresets page to 1 when sorting changes[39m
[31m     ΓåÆ text is not a function[39m
[31m   [33mΓ¥»[31m packages/table/src/__tests__/RowaKitTable.test.tsx[2m > [22mRowaKitTable Component (A-11)[2m > [22mError ΓåÆ Retry[2m > [22mshows error state and calls fetcher again on retry[39m
[31m     ΓåÆ text is not a function[39m
[31m   [33mΓ¥»[31m packages/table/src/__tests__/RowaKitTable.test.tsx[2m > [22mRowaKitTable Component (A-11)[2m > [22mActions Confirm[2m > [22mshows confirmation modal before calling onClick for delete action[39m
[31m     ΓåÆ text is not a function[39m
[31m   [33mΓ¥»[31m packages/table/src/__tests__/RowaKitTable.test.tsx[2m > [22mRowaKitTable Component (A-11)[2m > [22mActions Confirm[2m > [22mdoes not call onClick when cancel is clicked[39m
[31m     ΓåÆ text is not a function[39m
[31m   [33mΓ¥»[31m packages/table/src/__tests__/RowaKitTable.test.tsx[2m > [22mRowaKitTable Component (A-11)[2m > [22mEmpty State[2m > [22mshows "No data" when fetcher returns empty array[39m
[31m     ΓåÆ text is not a function[39m
[31m   [33mΓ¥»[31m packages/table/src/__tests__/RowaKitTable.test.tsx[2m > [22mRowaKitTable Component (A-11)[2m > [22mLoading State[2m > [22mshows loading state while fetching[39m
[31m     ΓåÆ text is not a function[39m

node.exe : [31mΓÄ»ΓÄ»ΓÄ»ΓÄ»ΓÄ»ΓÄ»[1m[7m Failed Tests 12 
[27m[22mΓÄ»ΓÄ»ΓÄ»ΓÄ»ΓÄ»ΓÄ»ΓÄ»[39m
At C:\Users\trunglt\AppData\Roaming\npm\pnpm.ps1:24 char:5
+     & "node$exe"  "$basedir/node_modules/pnpm/bin/pnpm.cjs" $args
+     ~~~~~~~~~~~~~~~~~~~~~~~~~~~~~~~~~~~~~~~~~~~~~~~~~~~~~~~~~~~~~
    + CategoryInfo          : NotSpecified: ([31mΓÄ»ΓÄ»ΓÄ»Γ...»ΓÄ»ΓÄ»ΓÄ» 
   [39m:String) [], RemoteException
    + FullyQualifiedErrorId : NativeCommandError
 

[31m[1m[7m FAIL [27m[22m[39m 
packages/table/src/__tests__/RowaKitTable.test.tsx[2m > 
[22mRowaKitTable Component (A-11)[2m > [22mPagination[2m > 
[22mrenders table with mock fetcher
[31m[1mTypeError[22m: text is not a function[39m
[36m [2mΓ¥»[22m 
packages/table/src/__tests__/RowaKitTable.test.tsx:[2m48:25[22m[39m
    [90m 46| [39m        [33m<[39m[33mSmartTable[39m
    [90m 47| [39m          
[33mfetcher[39m[33m=[39m[33m{[39mfetcher[33m}[39m
    [90m 48| [39m          [33mcolumns[39m[33m=[39m[33m{[39m[col[
33m.[39mtext[33m<[39m[33mUser[39m[33m>[39m([32m'name'[39m)[33m,
[39m col[33m.[39mtext[33m<[39m[33mUser[39m[33m>[39m([32m'email'[
39m)][33m}[39m
    [90m   | [39m                        [31m^[39m
    [90m 49| [39m        [33m/[39m[33m>[39m
    [90m 50| [39m      )[33m;[39m

[31m[2mΓÄ»ΓÄ»ΓÄ»ΓÄ»ΓÄ»ΓÄ»ΓÄ»ΓÄ»ΓÄ»ΓÄ»ΓÄ»ΓÄ»ΓÄ»ΓÄ»ΓÄ»ΓÄ»ΓÄ»ΓÄ»ΓÄ»ΓÄ»ΓÄ»ΓÄ
»ΓÄ»[1/12]ΓÄ»[22m[39m

[31m[1m[7m FAIL [27m[22m[39m 
packages/table/src/__tests__/RowaKitTable.test.tsx[2m > 
[22mRowaKitTable Component (A-11)[2m > [22mPagination[2m > [22mcalls 
fetcher with page 2 when next button is clicked
[31m[1mTypeError[22m: text is not a function[39m
[36m [2mΓ¥»[22m 
packages/table/src/__tests__/RowaKitTable.test.tsx:[2m81:25[22m[39m
    [90m 79| [39m        [33m<[39m[33mSmartTable[39m
    [90m 80| [39m          
[33mfetcher[39m[33m=[39m[33m{[39mfetcher[33m}[39m
    [90m 81| [39m          [33mcolumns[39m[33m=[39m[33m{[39m[col[
33m.[39mtext[33m<[39m[33mUser[39m[33m>[39m([32m'name'[39m)[33m,
[39m col[33m.[39mtext[33m<[39m[33mUser[39m[33m>[39m([32m'email'[
39m)][33m}[39m
    [90m   | [39m                        [31m^[39m
    [90m 82| [39m        [33m/[39m[33m>[39m
    [90m 83| [39m      )[33m;[39m

[31m[2mΓÄ»ΓÄ»ΓÄ»ΓÄ»ΓÄ»ΓÄ»ΓÄ»ΓÄ»ΓÄ»ΓÄ»ΓÄ»ΓÄ»ΓÄ»ΓÄ»ΓÄ»ΓÄ»ΓÄ»ΓÄ»ΓÄ»ΓÄ»ΓÄ»ΓÄ
»ΓÄ»[2/12]ΓÄ»[22m[39m

[31m[1m[7m FAIL [27m[22m[39m 
packages/table/src/__tests__/RowaKitTable.test.tsx[2m > 
[22mRowaKitTable Component (A-11)[2m > [22mPagination[2m > 
[22mdisables next button on last page
[31m[1mTypeError[22m: text is not a function[39m
[36m [2mΓ¥»[22m 
packages/table/src/__tests__/RowaKitTable.test.tsx:[2m117:25[22m[39m
    [90m115| [39m        [33m<[39m[33mSmartTable[39m
    [90m116| [39m          
[33mfetcher[39m[33m=[39m[33m{[39mfetcher[33m}[39m
    [90m117| [39m          [33mcolumns[39m[33m=[39m[33m{[39m[col[
33m.[39mtext[33m<[39m[33mUser[39m[33m>[39m([32m'name'[39m)][33m}
[39m
    [90m   | [39m                        [31m^[39m
    [90m118| [39m        [33m/[39m[33m>[39m
    [90m119| [39m      )[33m;[39m

[31m[2mΓÄ»ΓÄ»ΓÄ»ΓÄ»ΓÄ»ΓÄ»ΓÄ»ΓÄ»ΓÄ»ΓÄ»ΓÄ»ΓÄ»ΓÄ»ΓÄ»ΓÄ»ΓÄ»ΓÄ»ΓÄ»ΓÄ»ΓÄ»ΓÄ»ΓÄ
»ΓÄ»[3/12]ΓÄ»[22m[39m

[31m[1m[7m FAIL [27m[22m[39m 
packages/table/src/__tests__/RowaKitTable.test.tsx[2m > 
[22mRowaKitTable Component (A-11)[2m > [22mPagination[2m > 
[22mdisables previous button on first page
[31m[1mTypeError[22m: text is not a function[39m
[36m [2mΓ¥»[22m 
packages/table/src/__tests__/RowaKitTable.test.tsx:[2m138:25[22m[39m
    [90m136| [39m        [33m<[39m[33mSmartTable[39m
    [90m137| [39m          
[33mfetcher[39m[33m=[39m[33m{[39mfetcher[33m}[39m
    [90m138| [39m          [33mcolumns[39m[33m=[39m[33m{[39m[col[
33m.[39mtext[33m<[39m[33mUser[39m[33m>[39m([32m'name'[39m)][33m}
[39m
    [90m   | [39m                        [31m^[39m
    [90m139| [39m        [33m/[39m[33m>[39m
    [90m140| [39m      )[33m;[39m

[31m[2mΓÄ»ΓÄ»ΓÄ»ΓÄ»ΓÄ»ΓÄ»ΓÄ»ΓÄ»ΓÄ»ΓÄ»ΓÄ»ΓÄ»ΓÄ»ΓÄ»ΓÄ»ΓÄ»ΓÄ»ΓÄ»ΓÄ»ΓÄ»ΓÄ»ΓÄ
»ΓÄ»[4/12]ΓÄ»[22m[39m

[31m[1m[7m FAIL [27m[22m[39m 
packages/table/src/__tests__/RowaKitTable.test.tsx[2m > 
[22mRowaKitTable Component (A-11)[2m > [22mPage Size Change[2m > 
[22mcalls fetcher with new page size and resets to page 1
[31m[1mTypeError[22m: text is not a function[39m
[36m [2mΓ¥»[22m 
packages/table/src/__tests__/RowaKitTable.test.tsx:[2m163:25[22m[39m
    [90m161| [39m        [33m<[39m[33mSmartTable[39m
    [90m162| [39m          
[33mfetcher[39m[33m=[39m[33m{[39mfetcher[33m}[39m
    [90m163| [39m          [33mcolumns[39m[33m=[39m[33m{[39m[col[
33m.[39mtext[33m<[39m[33mUser[39m[33m>[39m([32m'name'[39m)][33m}
[39m
    [90m   | [39m                        [31m^[39m
    [90m164| [39m        [33m/[39m[33m>[39m
    [90m165| [39m      )[33m;[39m

[31m[2mΓÄ»ΓÄ»ΓÄ»ΓÄ»ΓÄ»ΓÄ»ΓÄ»ΓÄ»ΓÄ»ΓÄ»ΓÄ»ΓÄ»ΓÄ»ΓÄ»ΓÄ»ΓÄ»ΓÄ»ΓÄ»ΓÄ»ΓÄ»ΓÄ»ΓÄ
»ΓÄ»[5/12]ΓÄ»[22m[39m

[31m[1m[7m FAIL [27m[22m[39m 
packages/table/src/__tests__/RowaKitTable.test.tsx[2m > 
[22mRowaKitTable Component (A-11)[2m > [22mSorting[2m > [22mcycles 
through sort states: none ΓåÆ asc ΓåÆ desc ΓåÆ none
[31m[1mTypeError[22m: text is not a function[39m
[36m [2mΓ¥»[22m 
packages/table/src/__tests__/RowaKitTable.test.tsx:[2m211:25[22m[39m
    [90m209| [39m        [33m<[39m[33mSmartTable[39m
    [90m210| [39m          
[33mfetcher[39m[33m=[39m[33m{[39mfetcher[33m}[39m
    [90m211| [39m          [33mcolumns[39m[33m=[39m[33m{[39m[col[
33m.[39mtext[33m<[39m[33mUser[39m[33m>[39m([32m'name'[39m[33m,[
39m { sortable[33m:[39m [35mtrue[39m })][33m}[39m
    [90m   | [39m                        [31m^[39m
    [90m212| [39m        [33m/[39m[33m>[39m
    [90m213| [39m      )[33m;[39m

[31m[2mΓÄ»ΓÄ»ΓÄ»ΓÄ»ΓÄ»ΓÄ»ΓÄ»ΓÄ»ΓÄ»ΓÄ»ΓÄ»ΓÄ»ΓÄ»ΓÄ»ΓÄ»ΓÄ»ΓÄ»ΓÄ»ΓÄ»ΓÄ»ΓÄ»ΓÄ
»ΓÄ»[6/12]ΓÄ»[22m[39m

[31m[1m[7m FAIL [27m[22m[39m 
packages/table/src/__tests__/RowaKitTable.test.tsx[2m > 
[22mRowaKitTable Component (A-11)[2m > [22mSorting[2m > [22mresets 
page to 1 when sorting changes
[31m[1mTypeError[22m: text is not a function[39m
[36m [2mΓ¥»[22m 
packages/table/src/__tests__/RowaKitTable.test.tsx:[2m284:25[22m[39m
    [90m282| [39m        [33m<[39m[33mSmartTable[39m
    [90m283| [39m          
[33mfetcher[39m[33m=[39m[33m{[39mfetcher[33m}[39m
    [90m284| [39m          [33mcolumns[39m[33m=[39m[33m{[39m[col[
33m.[39mtext[33m<[39m[33mUser[39m[33m>[39m([32m'name'[39m[33m,[
39m { sortable[33m:[39m [35mtrue[39m })][33m}[39m
    [90m   | [39m                        [31m^[39m
    [90m285| [39m        [33m/[39m[33m>[39m
    [90m286| [39m      )[33m;[39m

[31m[2mΓÄ»ΓÄ»ΓÄ»ΓÄ»ΓÄ»ΓÄ»ΓÄ»ΓÄ»ΓÄ»ΓÄ»ΓÄ»ΓÄ»ΓÄ»ΓÄ»ΓÄ»ΓÄ»ΓÄ»ΓÄ»ΓÄ»ΓÄ»ΓÄ»ΓÄ
»ΓÄ»[7/12]ΓÄ»[22m[39m

[31m[1m[7m FAIL [27m[22m[39m 
packages/table/src/__tests__/RowaKitTable.test.tsx[2m > 
[22mRowaKitTable Component (A-11)[2m > [22mError ΓåÆ Retry[2m > 
[22mshows error state and calls fetcher again on retry
[31m[1mTypeError[22m: text is not a function[39m
[36m [2mΓ¥»[22m 
packages/table/src/__tests__/RowaKitTable.test.tsx:[2m337:25[22m[39m
    [90m335| [39m        [33m<[39m[33mSmartTable[39m
    [90m336| [39m          
[33mfetcher[39m[33m=[39m[33m{[39mfetcher[33m}[39m
    [90m337| [39m          [33mcolumns[39m[33m=[39m[33m{[39m[col[
33m.[39mtext[33m<[39m[33mUser[39m[33m>[39m([32m'name'[39m)][33m}
[39m
    [90m   | [39m                        [31m^[39m
    [90m338| [39m        [33m/[39m[33m>[39m
    [90m339| [39m      )[33m;[39m

[31m[2mΓÄ»ΓÄ»ΓÄ»ΓÄ»ΓÄ»ΓÄ»ΓÄ»ΓÄ»ΓÄ»ΓÄ»ΓÄ»ΓÄ»ΓÄ»ΓÄ»ΓÄ»ΓÄ»ΓÄ»ΓÄ»ΓÄ»ΓÄ»ΓÄ»ΓÄ
»ΓÄ»[8/12]ΓÄ»[22m[39m

[31m[1m[7m FAIL [27m[22m[39m 
packages/table/src/__tests__/RowaKitTable.test.tsx[2m > 
[22mRowaKitTable Component (A-11)[2m > [22mActions Confirm[2m > 
[22mshows confirmation modal before calling onClick for delete action
[31m[1mTypeError[22m: text is not a function[39m
[36m [2mΓ¥»[22m 
packages/table/src/__tests__/RowaKitTable.test.tsx:[2m377:17[22m[39m
    [90m375| [39m          
[33mfetcher[39m[33m=[39m[33m{[39mfetcher[33m}[39m
    [90m376| [39m          [33mcolumns[39m[33m=[39m[33m{[39m[
    [90m377| [39m            col[33m.[39mtext[33m<[39m[33mUser[39m
[33m>[39m([32m'name'[39m)[33m,[39m
    [90m   | [39m                [31m^[39m
    [90m378| [39m            
col[33m.[39mactions[33m<[39m[33mUser[39m[33m>[39m([
    [90m379| [39m              {

[31m[2mΓÄ»ΓÄ»ΓÄ»ΓÄ»ΓÄ»ΓÄ»ΓÄ»ΓÄ»ΓÄ»ΓÄ»ΓÄ»ΓÄ»ΓÄ»ΓÄ»ΓÄ»ΓÄ»ΓÄ»ΓÄ»ΓÄ»ΓÄ»ΓÄ»ΓÄ
»ΓÄ»[9/12]ΓÄ»[22m[39m

[31m[1m[7m FAIL [27m[22m[39m 
packages/table/src/__tests__/RowaKitTable.test.tsx[2m > 
[22mRowaKitTable Component (A-11)[2m > [22mActions Confirm[2m > 
[22mdoes not call onClick when cancel is clicked
[31m[1mTypeError[22m: text is not a function[39m
[36m [2mΓ¥»[22m 
packages/table/src/__tests__/RowaKitTable.test.tsx:[2m436:17[22m[39m
    [90m434| [39m          
[33mfetcher[39m[33m=[39m[33m{[39mfetcher[33m}[39m
    [90m435| [39m          [33mcolumns[39m[33m=[39m[33m{[39m[
    [90m436| [39m            col[33m.[39mtext[33m<[39m[33mUser[39m
[33m>[39m([32m'name'[39m)[33m,[39m
    [90m   | [39m                [31m^[39m
    [90m437| [39m            
col[33m.[39mactions[33m<[39m[33mUser[39m[33m>[39m([
    [90m438| [39m              {

[31m[2mΓÄ»ΓÄ»ΓÄ»ΓÄ»ΓÄ»ΓÄ»ΓÄ»ΓÄ»ΓÄ»ΓÄ»ΓÄ»ΓÄ»ΓÄ»ΓÄ»ΓÄ»ΓÄ»ΓÄ»ΓÄ»ΓÄ»ΓÄ»ΓÄ»ΓÄ
»[10/12]ΓÄ»[22m[39m

[31m[1m[7m FAIL [27m[22m[39m 
packages/table/src/__tests__/RowaKitTable.test.tsx[2m > 
[22mRowaKitTable Component (A-11)[2m > [22mEmpty State[2m > 
[22mshows "No data" when fetcher returns empty array
[31m[1mTypeError[22m: text is not a function[39m
[36m [2mΓ¥»[22m 
packages/table/src/__tests__/RowaKitTable.test.tsx:[2m488:25[22m[39m
    [90m486| [39m        [33m<[39m[33mSmartTable[39m
    [90m487| [39m          
[33mfetcher[39m[33m=[39m[33m{[39mfetcher[33m}[39m
    [90m488| [39m          [33mcolumns[39m[33m=[39m[33m{[39m[col[
33m.[39mtext[33m<[39m[33mUser[39m[33m>[39m([32m'name'[39m)][33m}
[39m
    [90m   | [39m                        [31m^[39m
    [90m489| [39m        [33m/[39m[33m>[39m
    [90m490| [39m      )[33m;[39m

[31m[2mΓÄ»ΓÄ»ΓÄ»ΓÄ»ΓÄ»ΓÄ»ΓÄ»ΓÄ»ΓÄ»ΓÄ»ΓÄ»ΓÄ»ΓÄ»ΓÄ»ΓÄ»ΓÄ»ΓÄ»ΓÄ»ΓÄ»ΓÄ»ΓÄ»ΓÄ
»[11/12]ΓÄ»[22m[39m

[31m[1m[7m FAIL [27m[22m[39m 
packages/table/src/__tests__/RowaKitTable.test.tsx[2m > 
[22mRowaKitTable Component (A-11)[2m > [22mLoading State[2m > 
[22mshows loading state while fetching
[31m[1mTypeError[22m: text is not a function[39m
[36m [2mΓ¥»[22m 
packages/table/src/__tests__/RowaKitTable.test.tsx:[2m507:25[22m[39m
    [90m505| [39m        [33m<[39m[33mSmartTable[39m
    [90m506| [39m          
[33mfetcher[39m[33m=[39m[33m{[39mfetcher[33m}[39m
    [90m507| [39m          [33mcolumns[39m[33m=[39m[33m{[39m[col[
33m.[39mtext[33m<[39m[33mUser[39m[33m>[39m([32m'name'[39m)][33m}
[39m
    [90m   | [39m                        [31m^[39m
    [90m508| [39m        [33m/[39m[33m>[39m
    [90m509| [39m      )[33m;[39m

[31m[2mΓÄ»ΓÄ»ΓÄ»ΓÄ»ΓÄ»ΓÄ»ΓÄ»ΓÄ»ΓÄ»ΓÄ»ΓÄ»ΓÄ»ΓÄ»ΓÄ»ΓÄ»ΓÄ»ΓÄ»ΓÄ»ΓÄ»ΓÄ»ΓÄ»ΓÄ
»[12/12]ΓÄ»[22m[39m

[2m Test Files [22m [1m[31m1 failed[39m[22m[2m | [22m[33m9 skipped[39m[90m (10)[39m
[2m      Tests [22m [1m[31m12 failed[39m[22m[2m | [22m[33m166 skipped[39m[90m (178)[39m
[2m   Start at [22m 14:06:32
[2m   Duration [22m 3.60s[2m (transform 1.21s, setup 2ms, collect 7.85s, tests 37ms, environment 17.29s, prepare 3.29s)[22m

ΓÇëELIFECYCLEΓÇë Test failed. See above for more details.
