
[7m[1m[36m RUN [39m[22m[27m [36mv1.6.1[39m [90mC:/Working/Projects/Trung/RowaKit[39m

node.exe : [90mstderr[2m | packages/demo
/src/harness/ui/scenarios.resize.test.tsx
[2m > [22m[2mColumn Resizing (UI 
Level)[2m > [22m[2mResize Behavior[2m 
> [22m[2mshould not trigger sort when 
clicking resize handle[22m[39m
At C:\Users\trunglt\AppData\Roaming\npm\pn
pm.ps1:24 char:5
+     & "node$exe"  
"$basedir/node_modules/pnpm/bin/pnpm.cjs" 
$args
+     ~~~~~~~~~~~~~~~~~~~~~~~~~~~~~~~~~~~~
~~~~~~~~~~~~~~~~~~~~~~~~~
    + CategoryInfo          : NotSpecifie 
   d: ([90mstderr[2m...andle[22m[39m  
  :String) [], RemoteException
    + FullyQualifiedErrorId : NativeComma 
   ndError
 
Resize handle not found - JSDOM limitation

[90mstderr[2m | packages/demo/src/harnes
s/ui/scenarios.resize.test.tsx[2m > 
[22m[2mColumn Resizing (UI Level)[2m > 
[22m[2mDouble-click Auto-fit[2m > 
[22m[2mshould support double-click to 
auto-fit column (logic test)[22m[39m
Auto-fit test limited by JSDOM - resize 
handle not found

 [32mΓ£ô[39m packages/demo/src/harness/ui/scenarios.resize.test.tsx [2m ([22m[2m5 tests[22m [2m|[22m [33m1 skipped[39m[2m)[22m[33m 1199[2mms[22m[39m
 [32mΓ£ô[39m packages/demo/src/harness/ui/scenarios.core.test.tsx [2m ([22m[2m8 tests[22m[2m)[22m[33m 4282[2mms[22m[39m
 [33mΓ¥»[39m packages/demo/src/harness/ui/scenarios.urlsync.test.tsx [2m ([22m[2m9 tests[22m [2m|[22m [31m2 failed[39m [2m|[22m [33m3 skipped[39m[2m)[22m[33m 5348[2mms[22m[39m
[31m   [33mΓ¥»[31m packages/demo/src/harness/ui/scenarios.urlsync.test.tsx[2m > [22mURL Sync & Saved Views (UI Level)[2m > [22mURL Sync[2m > [22mshould restore state from URL on mount[39m
[31m     ΓåÆ [2mexpect([22m[31melement[31m[2m).toHaveAttribute([22m[32m[32m"aria-sort"[32m[31m[2m, [22m[32m[32m"ascending"[32m[31m[2m) // element.getAttribute("aria-sort") === "ascending"[22m

Expected the element to have attribute:
[32m  aria-sort="ascending"[31m
Received:
[31m  null[31m[39m
[31m   [33mΓ¥»[31m packages/demo/src/harness/ui/scenarios.urlsync.test.tsx[2m > [22mURL Sync & Saved Views (UI Level)[2m > [22mURL Sync[2m > [22mshould support browser back/forward[39m
[31m     ΓåÆ Unable to find an element with the text: /page 1/i. This could be because the text is broken up by multiple elements. In this case, you can provide a function for your text matcher to make your matcher more flexible.

Ignored nodes: comments, script, style
[36m<body>[31m
  [36m<div>[31m
    [36m<div[31m
      [33mdata-testid[31m=[32m"history-test"[31m
    [36m>[31m
      [36m<div[31m
        [33mclass[31m=[32m"rowakit-table"[31m
      [36m>[31m
        [36m<table>[31m
          [36m<thead>[31m
            [36m<tr>[31m
              [36m<th[31m
                [33mdata-col-id[31m=[32m"name"[31m
                [33mrole[31m=[32m"button"[31m
                [33mstyle[31m=[32m"width: 200px;"[31m
                [33mtabindex[31m=[32m"0"[31m
              [36m>[31m
                [0mName[0m
              [36m</th>[31m
              [36m<th[31m
                [33mdata-col-id[31m=[32m"email"[31m
                [33mrole[31m=[32m"button"[31m
                [33mstyle[31m=[32m"width: 250px;"[31m
                [33mtabindex[31m=[32m"0"[31m
              [36m>[31m
                [0mEmail[0m
              [36m</th>[31m
              [36m<th[31m
                [33mdata-col-id[31m=[32m"age"[31m
                [33mrole[31m=[32m"button"[31m
                [33mstyle[31m=[32m"width: 100px;"[31m
                [33mtabindex[31m=[32m"0"[31m
              [36m>[31m
                [0mAge[0m
              [36m</th>[31m
              [36m<th[31m
                [33mdata-col-id[31m=[32m"salary"[31m
                [33mrole[31m=[32m"button"[31m
                [33mstyle[31m=[32m"width: 150px;"[31m
                [33mtabindex[31m=[32m"0"[31m
              [36m>[31m
                [0mSalary[0m
              [36m</th>[31m
              [36m<th[31m
                [33mdata-col-id[31m=[32m"department"[31m
                [33mrole[31m=[32m"button"[31m
                [33mstyle[31m=[32m"width: 150px;"[31m
                [33mtabindex[31m=[32m"0"[31m
              [36m>[31m
                [0mDepartment[0m
              [36m</th>[31m
              [36m<th[31m
                [33mdata-col-id[31m=[32m"role"[31m
              [36m>[31m
                [0mRole[0m
              [36m</th>[31m
              [36m<th[31m
                [33mdata-col-id[31m=[32m"active"[31m
                [33mrole[31m=[32m"button"[31m
                [33mtabindex[31m=[32m"0"[31m
              [36m>[31m
                [0mActive[0m
              [36m</th>[31m
              [36m<th[31m
                [33mdata-col-id[31m=[32m"joinedAt"[31m
                [33mrole[31m=[32m"button"[31m
                [33mstyle[31m=[32m"width: 150px;"[31m
                [33mtabindex[31m=[32m"0"[31m
              [36m>[31m
                [0mJoined[0m
              [36m</th>[31m
            [36m</tr>[31m
          [36m</thead>[31m
          [36m<tbody>[31m
            [36m<tr>[31m
              [36m<td[31m
                [33mdata-col-id[31m=[32m"name"[31m
                [33mstyle[31m=[32m"width: 200px;"[31m
              [36m>[31m
                [0mUser 21[0m
              [36m</td>[31m
              [36m<td[31m
                [33mdata-col-id[31m=[32m"email"[31m
                [33mstyle[31m=[32m"width: 250px;"[31m
              [36m>[31m
                [0muser21@example.com[0m
              [36m</td>[31m
              [36m<td[31m
                [33mclass[31m=[32m"rowakit-cell-number"[31m
                [33mdata-col-id[31m=[32m"age"[31m
                [33mstyle[31m=[32m"width: 100px; text-align: right;"[31m
              [36m>[31m
                [0m35[0m
              [36m</td>[31m
              [36m<td[31m
                [33mclass[31m=[32m"rowakit-cell-number"[31m
                [33mdata-col-id[31m=[32m"salary"[31m
                [33mstyle[31m=[32m"width: 150px; text-align: right;"[31m
              [36m>[31m
                [0m$119,429[0m
              [36m</td>[31m
              [36m<td[31m
                [33mdata-col-id[31m=[32m"department"[31m
                [33mstyle[31m=[32m"width: 150px;"[31m
              [36m>[31m
                [0mHR[0m
              [36m</td>[31m
              [36m<td[31m
                [33mdata-col-id[31m=[32m"role"[31m
              [36m>[31m
                [36m<span[31m
                  [33mclass[31m=[32m"rowakit-badge rowakit-badge-purple"[31m
                [36m>[31m
                  [0mAdmin[0m
                [36m</span>[31m
              [36m</td>[31m
              [36m<td[31m
                [33mdata-col-id[31m=[32m"active"[31m
              [36m>[31m
                [0mYes[0m
              [36m</td>[31m
              [36m<td[31m
                [33mdata-col-id[31m=[32m"joinedAt"[31m
                [33mstyle[31m=[32m"width: 150px;"[31m
              [36m>[31m
                [0m4/1/2022[0m
              [36m</td>[31m
            [36m</tr>[31m
            [36m<tr>[31m
              [36m<td[31m
                [33mdata-col-id[31m=[32m"name"[31m
                [33mstyle[31m=[32m"width: 200px;"[31m
              [36m>[31m
                [0mUser 22[0m
              [36m</td>[31m
              [36m<td[31m
                [33mdata-col-id[31m=[32m"email"[31m
                [33mstyle[31m=[32m"width: 250px;"[31m
              [36m>[31m
                [0muser22@example.com[0m
              [36m</td>[31m
              [36m<td[31m
                [33mclass[31m=[32m"rowakit-cell-number"[31m
                [33mdata-col-id[31m=[32m"age"[31m
                [33mstyle[31m=[32m"width: 100px; text-align: right;"[31m
              [36m>[31m
                [0m47[0m
              [36m</td>[31m
              [36m<td[31m
                [33mclass[31m=[32m"rowakit-cell-number"[31m
                [33mdata-col-id[31m=[32m"salary"[31m
                [33mstyle[31m=[32m"width: 150px; text-align: right;"[31m
              [36m>[31m
                [0m$133,143[0m
              [36m</td>[31m
              [36m<td[31m
                [33mdata-col-id[31m=[32m"department"[31m
                [33mstyle[31m=[32m"width: 150px;"[31m
              [36m>[31m
                [0mFinance[0m
              [36m</td>[31m
              [36m<td[31m
                [33mdata-col-id[31m=[32m"role"[31m
              [36m>[31m
                [36m<span[31m
                  [33mclass[31m=[32m"rowakit-badge rowakit-badge-purple"[31m
                [36m>[31m
                  [0mAdmin[0m
                [36m</span>[31m
              [36m</td>[31m
              [36m<td[31m
                [33mdata-col-id[31m=[32m"active"[31m
              [36m>[31m
                [0mYes[0m
              [36m</td>[31m
              [36m<td[31m
                [33mdata-col-id[31m=[32m"joinedAt"[31m
                [33mstyle[31m=[32m"width: 150px;"[31m
              [36m>[31m
                [0m4/1/2019[0m
              ...

Ignored nodes: comments, script, style
[36m<html>[31m
  [36m<head />[31m
  [36m<body>[31m
    [36m<div>[31m
      [36m<div[31m
        [33mdata-testid[31m=[32m"history-test"[31m
      [36m>[31m
        [36m<div[31m
          [33mclass[31m=[32m"rowakit-table"[31m
        [36m>[31m
          [36m<table>[31m
            [36m<thead>[31m
              [36m<tr>[31m
                [36m<th[31m
                  [33mdata-col-id[31m=[32m"name"[31m
                  [33mrole[31m=[32m"button"[31m
                  [33mstyle[31m=[32m"width: 200px;"[31m
                  [33mtabindex[31m=[32m"0"[31m
                [36m>[31m
                  [0mName[0m
                [36m</th>[31m
                [36m<th[31m
                  [33mdata-col-id[31m=[32m"email"[31m
                  [33mrole[31m=[32m"button"[31m
                  [33mstyle[31m=[32m"width: 250px;"[31m
                  [33mtabindex[31m=[32m"0"[31m
                [36m>[31m
                  [0mEmail[0m
                [36m</th>[31m
                [36m<th[31m
                  [33mdata-col-id[31m=[32m"age"[31m
                  [33mrole[31m=[32m"button"[31m
                  [33mstyle[31m=[32m"width: 100px;"[31m
                  [33mtabindex[31m=[32m"0"[31m
                [36m>[31m
                  [0mAge[0m
                [36m</th>[31m
                [36m<th[31m
                  [33mdata-col-id[31m=[32m"salary"[31m
                  [33mrole[31m=[32m"button"[31m
                  [33mstyle[31m=[32m"width: 150px;"[31m
                  [33mtabindex[31m=[32m"0"[31m
                [36m>[31m
                  [0mSalary[0m
                [36m</th>[31m
                [36m<th[31m
                  [33mdata-col-id[31m=[32m"department"[31m
                  [33mrole[31m=[32m"button"[31m
                  [33mstyle[31m=[32m"width: 150px;"[31m
                  [33mtabindex[31m=[32m"0"[31m
                [36m>[31m
                  [0mDepartment[0m
                [36m</th>[31m
                [36m<th[31m
                  [33mdata-col-id[31m=[32m"role"[31m
                [36m>[31m
                  [0mRole[0m
                [36m</th>[31m
                [36m<th[31m
                  [33mdata-col-id[31m=[32m"active"[31m
                  [33mrole[31m=[32m"button"[31m
                  [33mtabindex[31m=[32m"0"[31m
                [36m>[31m
                  [0mActive[0m
                [36m</th>[31m
                [36m<th[31m
                  [33mdata-col-id[31m=[32m"joinedAt"[31m
                  [33mrole[31m=[32m"button"[31m
                  [33mstyle[31m=[32m"width: 150px;"[31m
                  [33mtabindex[31m=[32m"0"[31m
                [36m>[31m
                  [0mJoined[0m
                [36m</th>[31m
              [36m</tr>[31m
            [36m</thead>[31m
            [36m<tbody>[31m
              [36m<tr>[31m
                [36m<td[31m
                  [33mdata-col-id[31m=[32m"name"[31m
                  [33mstyle[31m=[32m"width: 200px;"[31m
                [36m>[31m
                  [0mUser 21[0m
                [36m</td>[31m
                [36m<td[31m
                  [33mdata-col-id[31m=[32m"email"[31m
                  [33mstyle[31m=[32m"width: 250px;"[31m
                [36m>[31m
                  [0muser21@example.com[0m
                [36m</td>[31m
                [36m<td[31m
                  [33mclass[31m=[32m"rowakit-cell-number"[31m
                  [33mdata-col-id[31m=[32m"age"[31m
                  [33mstyle[31m=[32m"width: 100px; text-align: right;"[31m
                [36m>[31m
                  [0m35[0m
                [36m</td>[31m
                [36m<td[31m
                  [33mclass[31m=[32m"rowakit-cell-number"[31m
                  [33mdata-col-id[31m=[32m"salary"[31m
                  [33mstyle[31m=[32m"width: 150px; text-align: right;"[31m
                [36m>[31m
                  [0m$119,429[0m
                [36m</td>[31m
                [36m<td[31m
                  [33mdata-col-id[31m=[32m"department"[31m
                  [33mstyle[31m=[32m"width: 150px;"[31m
                [36m>[31m
                  [0mHR[0m
                [36m</td>[31m
                [36m<td[31m
                  [33mdata-col-id[31m=[32m"role"[31m
                [36m>[31m
                  [36m<span[31m
                    [33mclass[31m=[32m"rowakit-badge rowakit-badge-purple"[31m
                  [36m>[31m
                    [0mAdmin[0m
                  [36m</span>[31m
                [36m</td>[31m
                [36m<td[31m
                  [33mdata-col-id[31m=[32m"active"[31m
                [36m>[31m
                  [0mYes[0m
                [36m</td>[31m
                [36m<td[31m
                  [33mdata-col-id[31m=[32m"joinedAt"[31m
                  [33mstyle[31m=[32m"width: 150px;"[31m
                [36m>[31m
                  [0m4/1/2022[0m
                [36m</td>[31m
              [36m</tr>[31m
              [36m<tr>[31m
                [36m<td[31m
                  [33mdata-col-id[31m=[32m"name"[31m
                  [33mstyle[31m=[32m"width: 200px;"[31m
                [36m>[31m
                  [0mUser 22[0m
                [36m</td>[31m
                [36m<td[31m
                  [33mdata-col-id[31m=[32m"email"[31m
                  [33mstyle[31m=[32m"width: 250px;"[31m
                [36m>[31m
                  [0muser22@example.com[0m
                [36m</td>[31m
                [36m<td[31m
                  [33mclass[31m=[32m"rowakit-cell-number"[31m
                  [33mdata-col-id[31m=[32m"age"[31m
                  [33mstyle[31m=[32m"width: 100px; text-align: right;"[31m
                [36m>[31m
                  [0m47[0m
                [36m</td>[31m
                [36m<td[31m
                  [33mclass[31m=[32m"rowakit-cell-number"[31m
                  [33mdata-col-id[31m=[32m"salary"[31m
                  [33mstyle[31m=[32m"width: 150px; text-align: right;"[31m
                [36m>[31m
                  [0m$133,143[0m
                [36m</td>[31m
                [36m<td[31m
                  [33mdata-col-id[31m=[32m"department"[31m
                  [33mstyle[31m=[32m"width: 150px;"[31m
                [36m>[31m
                  [0mFinance[0m
                [36m</td>[31m
                [36m<td[31m
                  [33mdata-col-id[31m=[32m"role"[31m
                [36m>[31m
                  [36m<span[31m
                    [33mclass[31m=[32m"rowakit-badge rowakit-badge-purple"[31m
                  [36m>[31m
                    [0mAdmin[0m
                  [36m</span>[31m
                [36m</td>[31m
         ...[39m
[90mstderr[2m | packages/demo/src/harnes
s/ui/scenarios.workflow.test.tsx[2m > 
[22m[2mWorkflow Scenarios (UI 
Level)[2m > [22m[2mExport[2m > 
[22m[2mshould call exporter with query 
snapshot[22m[39m
Error: Not implemented: window.open
    at module.exports (C:\Working\Projects
\Trung\RowaKit\node_modules\.pnpm\jsdom@23
.2.0\node_modules\jsdom\lib\jsdom\browser\
not-implemented.js:9:17)
    at C:\Working\Projects\Trung\RowaKit\n
ode_modules\.pnpm\jsdom@23.2.0\node_module
s\jsdom\lib\jsdom\browser\Window.js:898:7
    at openUrl (C:\Working\Projects\Trung\
RowaKit\packages\table\src\components\Expo
rtButton.tsx:24:10)
    at onClick (C:\Working\Projects\Trung\
RowaKit\packages\table\src\components\Expo
rtButton.tsx:56:4) [90mundefined[39m

 [33mΓ¥»[39m packages/demo/src/harness/ui/scenarios.workflow.test.tsx [2m ([22m[2m9 tests[22m [2m|[22m [31m4 failed[39m[2m)[22m[33m 16620[2mms[22m[39m
[31m   [33mΓ¥»[31m packages/demo/src/harness/ui/scenarios.workflow.test.tsx[2m > [22mWorkflow Scenarios (UI Level)[2m > [22mRow Selection[2m > [22mshould reset selection on page change[39m
[31m     ΓåÆ Unable to find an element with the text: /1 selected/i. This could be because the text is broken up by multiple elements. In this case, you can provide a function for your text matcher to make your matcher more flexible.

Ignored nodes: comments, script, style
[36m<body>[31m
  [36m<div>[31m
    [36m<div[31m
      [33mdata-testid[31m=[32m"selection-test"[31m
    [36m>[31m
      [36m<div[31m
        [33mclass[31m=[32m"rowakit-table"[31m
      [36m>[31m
        [36m<table>[31m
          [36m<thead>[31m
            [36m<tr>[31m
              [36m<th>[31m
                [36m<input[31m
                  [33maria-label[31m=[32m"Select all rows"[31m
                  [33mtype[31m=[32m"checkbox"[31m
                [36m/>[31m
              [36m</th>[31m
              [36m<th[31m
                [33mdata-col-id[31m=[32m"name"[31m
                [33mrole[31m=[32m"button"[31m
                [33mstyle[31m=[32m"width: 200px;"[31m
                [33mtabindex[31m=[32m"0"[31m
              [36m>[31m
                [0mName[0m
              [36m</th>[31m
              [36m<th[31m
                [33mdata-col-id[31m=[32m"email"[31m
                [33mrole[31m=[32m"button"[31m
                [33mstyle[31m=[32m"width: 250px;"[31m
                [33mtabindex[31m=[32m"0"[31m
              [36m>[31m
                [0mEmail[0m
              [36m</th>[31m
              [36m<th[31m
                [33mdata-col-id[31m=[32m"age"[31m
                [33mrole[31m=[32m"button"[31m
                [33mstyle[31m=[32m"width: 100px;"[31m
                [33mtabindex[31m=[32m"0"[31m
              [36m>[31m
                [0mAge[0m
              [36m</th>[31m
              [36m<th[31m
                [33mdata-col-id[31m=[32m"salary"[31m
                [33mrole[31m=[32m"button"[31m
                [33mstyle[31m=[32m"width: 150px;"[31m
                [33mtabindex[31m=[32m"0"[31m
              [36m>[31m
                [0mSalary[0m
              [36m</th>[31m
              [36m<th[31m
                [33mdata-col-id[31m=[32m"department"[31m
                [33mrole[31m=[32m"button"[31m
                [33mstyle[31m=[32m"width: 150px;"[31m
                [33mtabindex[31m=[32m"0"[31m
              [36m>[31m
                [0mDepartment[0m
              [36m</th>[31m
              [36m<th[31m
                [33mdata-col-id[31m=[32m"role"[31m
              [36m>[31m
                [0mRole[0m
              [36m</th>[31m
              [36m<th[31m
                [33mdata-col-id[31m=[32m"active"[31m
                [33mrole[31m=[32m"button"[31m
                [33mtabindex[31m=[32m"0"[31m
              [36m>[31m
                [0mActive[0m
              [36m</th>[31m
              [36m<th[31m
                [33mdata-col-id[31m=[32m"joinedAt"[31m
                [33mrole[31m=[32m"button"[31m
                [33mstyle[31m=[32m"width: 150px;"[31m
                [33mtabindex[31m=[32m"0"[31m
              [36m>[31m
                [0mJoined[0m
              [36m</th>[31m
            [36m</tr>[31m
          [36m</thead>[31m
          [36m<tbody>[31m
            [36m<tr>[31m
              [36m<td>[31m
                [36m<input[31m
                  [33maria-label[31m=[32m"Select row user-1"[31m
                  [33mtype[31m=[32m"checkbox"[31m
                [36m/>[31m
              [36m</td>[31m
              [36m<td[31m
                [33mdata-col-id[31m=[32m"name"[31m
                [33mstyle[31m=[32m"width: 200px;"[31m
              [36m>[31m
                [0mUser 1[0m
              [36m</td>[31m
              [36m<td[31m
                [33mdata-col-id[31m=[32m"email"[31m
                [33mstyle[31m=[32m"width: 250px;"[31m
              [36m>[31m
                [0muser1@example.com[0m
              [36m</td>[31m
              [36m<td[31m
                [33mclass[31m=[32m"rowakit-cell-number"[31m
                [33mdata-col-id[31m=[32m"age"[31m
                [33mstyle[31m=[32m"width: 100px; text-align: right;"[31m
              [36m>[31m
                [0m64[0m
              [36m</td>[31m
              [36m<td[31m
                [33mclass[31m=[32m"rowakit-cell-number"[31m
                [33mdata-col-id[31m=[32m"salary"[31m
                [33mstyle[31m=[32m"width: 150px; text-align: right;"[31m
              [36m>[31m
                [0m$122,382[0m
              [36m</td>[31m
              [36m<td[31m
                [33mdata-col-id[31m=[32m"department"[31m
                [33mstyle[31m=[32m"width: 150px;"[31m
              [36m>[31m
                [0mFinance[0m
              [36m</td>[31m
              [36m<td[31m
                [33mdata-col-id[31m=[32m"role"[31m
              [36m>[31m
                [36m<span[31m
                  [33mclass[31m=[32m"rowakit-badge rowakit-badge-gray"[31m
                [36m>[31m
                  [0mGuest[0m
                [36m</span>[31m
              [36m</td>[31m
              [36m<td[31m
                [33mdata-col-id[31m=[32m"active"[31m
              [36m>[31m
                [0mYes[0m
              [36m</td>[31m
              [36m<td[31m
                [33mdata-col-id[31m=[32m"joinedAt"[31m
                [33mstyle[31m=[32m"width: 150px;"[31m
              [36m>[31m
                [0m8/1/2023[0m
              [36m</td>[31m
            [36m</tr>[31m
            [36m<tr>[31m
              [36m<td>[31m
                [36m<input[31m
                  [33maria-label[31m=[32m"Select row user-2"[31m
                  [33mtype[31m=[32m"checkbox"[31m
                [36m/>[31m
              [36m</td>[31m
              [36m<td[31m
                [33mdata-col-id[31m=[32m"name"[31m
                [33mstyle[31m=[32m"width: 200px;"[31m
              [36m>[31m
                [0mUser 2[0m
              [36m</td>[31m
              [36m<td[31m
                [33mdata-col-id[31m=[32m"email"[31m
                [33mstyle[31m=[32m"width: 250px;"[31m
              [36m>[31m
                [0muser2@example.com[0m
              [36m</td>[31m
              [36m<td[31m
                [33mclass[31m=[32m"rowakit-cell-number"[31m
                [33mdata-col-id[31m=[32m"age"[31m
                [33mstyle[31m=[32m"width: 100px; text-align: right;"[31m
              [36m>[31m
                [0m56[0m
              [36m</td>[31m
              [36m<td[31m
                [33mclass[31m=[32m"rowakit-cell-number"[31m
                [33mdata-col-id[31m=[32m"salary"[31m
                [33mstyle[31m=[32m"width: 150px; text-align: right;"[31m
              [36m>[31m
                [0m$115,231[0m
              [36m</td>[31m
              [36m<td[31m
                [33mdata-col-id[31m=[32m"department"[31m
                [33mstyle[31m=[32m"width: 150px;"[31m
              [36m>[31m
                [0mEngineering[0m
              [36m</td>[39...

Ignored nodes: comments, script, style
[36m<html>[31m
  [36m<head />[31m
  [36m<body>[31m
    [36m<div>[31m
      [36m<div[31m
        [33mdata-testid[31m=[32m"selection-test"[31m
      [36m>[31m
        [36m<div[31m
          [33mclass[31m=[32m"rowakit-table"[31m
        [36m>[31m
          [36m<table>[31m
            [36m<thead>[31m
              [36m<tr>[31m
                [36m<th>[31m
                  [36m<input[31m
                    [33maria-label[31m=[32m"Select all rows"[31m
                    [33mtype[31m=[32m"checkbox"[31m
                  [36m/>[31m
                [36m</th>[31m
                [36m<th[31m
                  [33mdata-col-id[31m=[32m"name"[31m
                  [33mrole[31m=[32m"button"[31m
                  [33mstyle[31m=[32m"width: 200px;"[31m
                  [33mtabindex[31m=[32m"0"[31m
                [36m>[31m
                  [0mName[0m
                [36m</th>[31m
                [36m<th[31m
                  [33mdata-col-id[31m=[32m"email"[31m
                  [33mrole[31m=[32m"button"[31m
                  [33mstyle[31m=[32m"width: 250px;"[31m
                  [33mtabindex[31m=[32m"0"[31m
                [36m>[31m
                  [0mEmail[0m
                [36m</th>[31m
                [36m<th[31m
                  [33mdata-col-id[31m=[32m"age"[31m
                  [33mrole[31m=[32m"button"[31m
                  [33mstyle[31m=[32m"width: 100px;"[31m
                  [33mtabindex[31m=[32m"0"[31m
                [36m>[31m
                  [0mAge[0m
                [36m</th>[31m
                [36m<th[31m
                  [33mdata-col-id[31m=[32m"salary"[31m
                  [33mrole[31m=[32m"button"[31m
                  [33mstyle[31m=[32m"width: 150px;"[31m
                  [33mtabindex[31m=[32m"0"[31m
                [36m>[31m
                  [0mSalary[0m
                [36m</th>[31m
                [36m<th[31m
                  [33mdata-col-id[31m=[32m"department"[31m
                  [33mrole[31m=[32m"button"[31m
                  [33mstyle[31m=[32m"width: 150px;"[31m
                  [33mtabindex[31m=[32m"0"[31m
                [36m>[31m
                  [0mDepartment[0m
                [36m</th>[31m
                [36m<th[31m
                  [33mdata-col-id[31m=[32m"role"[31m
                [36m>[31m
                  [0mRole[0m
                [36m</th>[31m
                [36m<th[31m
                  [33mdata-col-id[31m=[32m"active"[31m
                  [33mrole[31m=[32m"button"[31m
                  [33mtabindex[31m=[32m"0"[31m
                [36m>[31m
                  [0mActive[0m
                [36m</th>[31m
                [36m<th[31m
                  [33mdata-col-id[31m=[32m"joinedAt"[31m
                  [33mrole[31m=[32m"button"[31m
                  [33mstyle[31m=[32m"width: 150px;"[31m
                  [33mtabindex[31m=[32m"0"[31m
                [36m>[31m
                  [0mJoined[0m
                [36m</th>[31m
              [36m</tr>[31m
            [36m</thead>[31m
            [36m<tbody>[31m
              [36m<tr>[31m
                [36m<td>[31m
                  [36m<input[31m
                    [33maria-label[31m=[32m"Select row user-1"[31m
                    [33mtype[31m=[32m"checkbox"[31m
                  [36m/>[31m
                [36m</td>[31m
                [36m<td[31m
                  [33mdata-col-id[31m=[32m"name"[31m
                  [33mstyle[31m=[32m"width: 200px;"[31m
                [36m>[31m
                  [0mUser 1[0m
                [36m</td>[31m
                [36m<td[31m
                  [33mdata-col-id[31m=[32m"email"[31m
                  [33mstyle[31m=[32m"width: 250px;"[31m
                [36m>[31m
                  [0muser1@example.com[0m
                [36m</td>[31m
                [36m<td[31m
                  [33mclass[31m=[32m"rowakit-cell-number"[31m
                  [33mdata-col-id[31m=[32m"age"[31m
                  [33mstyle[31m=[32m"width: 100px; text-align: right;"[31m
                [36m>[31m
                  [0m64[0m
                [36m</td>[31m
                [36m<td[31m
                  [33mclass[31m=[32m"rowakit-cell-number"[31m
                  [33mdata-col-id[31m=[32m"salary"[31m
                  [33mstyle[31m=[32m"width: 150px; text-align: right;"[31m
                [36m>[31m
                  [0m$122,382[0m
                [36m</td>[31m
                [36m<td[31m
                  [33mdata-col-id[31m=[32m"department"[31m
                  [33mstyle[31m=[32m"width: 150px;"[31m
                [36m>[31m
                  [0mFinance[0m
                [36m</td>[31m
                [36m<td[31m
                  [33mdata-col-id[31m=[32m"role"[31m
                [36m>[31m
                  [36m<span[31m
                    [33mclass[31m=[32m"rowakit-badge rowakit-badge-gray"[31m
                  [36m>[31m
                    [0mGuest[0m
                  [36m</span>[31m
                [36m</td>[31m
                [36m<td[31m
                  [33mdata-col-id[31m=[32m"active"[31m
                [36m>[31m
                  [0mYes[0m
                [36m</td>[31m
                [36m<td[31m
                  [33mdata-col-id[31m=[32m"joinedAt"[31m
                  [33mstyle[31m=[32m"width: 150px;"[31m
                [36m>[31m
                  [0m8/1/2023[0m
                [36m</td>[31m
              [36m</tr>[31m
              [36m<tr>[31m
                [36m<td>[31m
                  [36m<input[31m
                    [33maria-label[31m=[32m"Select row user-2"[31m
                    [33mtype[31m=[32m"checkbox"[31m
                  [36m/>[31m
                [36m</td>[31m
                [36m<td[31m
                  [33mdata-col-id[31m=[32m"name"[31m
                  [33mstyle[31m=[32m"width: 200px;"[31m
                [36m>[31m
                  [0mUser 2[0m
                [36m</td>[31m
                [36m<td[31m
                  [33mdata-col-id[31m=[32m"email"[31m
                  [33mstyle[31m=[32m"width: 250px;"[31m
                [36m>[31m
                  [0muser2@example.com[0m
                [36m</td>[31m
                [36m<td[31m
                  [33mclass[31m=[32m"rowakit-cell-number"[31m
                  [33mdata-col-id[31m=[32m"age"[31m
                  [33mstyle[31m=[32m"width: 100px; text-align: right;"[31m
                [36m>[31m
                  [0m56[0m
                [36m</td>[31m
                [36m<td[31m
                  [33mclass[31m=[32m"rowakit-cell-number"[31m
                  [33mdata-col-id[31m=[32m"salary"[31m
                  [33mstyl...[39m
[31m   [33mΓ¥»[31m packages/demo/src/harness/ui/scenarios.workflow.test.tsx[2m > [22mWorkflow Scenarios (UI Level)[2m > [22mBulk Actions[2m > [22mshould call bulk action with selected keys[39m
[31m     ΓåÆ Unable to find an element with the text: /2 selected/i. This could be because the text is broken up by multiple elements. In this case, you can provide a function for your text matcher to make your matcher more flexible.

Ignored nodes: comments, script, style
[36m<body>[31m
  [36m<div>[31m
    [36m<div[31m
      [33mdata-testid[31m=[32m"bulk-action-test"[31m
    [36m>[31m
      [36m<div[31m
        [33mclass[31m=[32m"rowakit-table"[31m
      [36m>[31m
        [36m<table>[31m
          [36m<thead>[31m
            [36m<tr>[31m
              [36m<th>[31m
                [36m<input[31m
                  [33maria-label[31m=[32m"Select all rows"[31m
                  [33mtype[31m=[32m"checkbox"[31m
                [36m/>[31m
              [36m</th>[31m
              [36m<th[31m
                [33mdata-col-id[31m=[32m"name"[31m
                [33mrole[31m=[32m"button"[31m
                [33mstyle[31m=[32m"width: 200px;"[31m
                [33mtabindex[31m=[32m"0"[31m
              [36m>[31m
                [0mName[0m
              [36m</th>[31m
              [36m<th[31m
                [33mdata-col-id[31m=[32m"email"[31m
                [33mrole[31m=[32m"button"[31m
                [33mstyle[31m=[32m"width: 250px;"[31m
                [33mtabindex[31m=[32m"0"[31m
              [36m>[31m
                [0mEmail[0m
              [36m</th>[31m
              [36m<th[31m
                [33mdata-col-id[31m=[32m"age"[31m
                [33mrole[31m=[32m"button"[31m
                [33mstyle[31m=[32m"width: 100px;"[31m
                [33mtabindex[31m=[32m"0"[31m
              [36m>[31m
                [0mAge[0m
              [36m</th>[31m
              [36m<th[31m
                [33mdata-col-id[31m=[32m"salary"[31m
                [33mrole[31m=[32m"button"[31m
                [33mstyle[31m=[32m"width: 150px;"[31m
                [33mtabindex[31m=[32m"0"[31m
              [36m>[31m
                [0mSalary[0m
              [36m</th>[31m
              [36m<th[31m
                [33mdata-col-id[31m=[32m"department"[31m
                [33mrole[31m=[32m"button"[31m
                [33mstyle[31m=[32m"width: 150px;"[31m
                [33mtabindex[31m=[32m"0"[31m
              [36m>[31m
                [0mDepartment[0m
              [36m</th>[31m
              [36m<th[31m
                [33mdata-col-id[31m=[32m"role"[31m
              [36m>[31m
                [0mRole[0m
              [36m</th>[31m
              [36m<th[31m
                [33mdata-col-id[31m=[32m"active"[31m
                [33mrole[31m=[32m"button"[31m
                [33mtabindex[31m=[32m"0"[31m
              [36m>[31m
                [0mActive[0m
              [36m</th>[31m
              [36m<th[31m
                [33mdata-col-id[31m=[32m"joinedAt"[31m
                [33mrole[31m=[32m"button"[31m
                [33mstyle[31m=[32m"width: 150px;"[31m
                [33mtabindex[31m=[32m"0"[31m
              [36m>[31m
                [0mJoined[0m
              [36m</th>[31m
            [36m</tr>[31m
          [36m</thead>[31m
          [36m<tbody>[31m
            [36m<tr>[31m
              [36m<td>[31m
                [36m<input[31m
                  [33maria-label[31m=[32m"Select row user-1"[31m
                  [33mtype[31m=[32m"checkbox"[31m
                [36m/>[31m
              [36m</td>[31m
              [36m<td[31m
                [33mdata-col-id[31m=[32m"name"[31m
                [33mstyle[31m=[32m"width: 200px;"[31m
              [36m>[31m
                [0mUser 1[0m
              [36m</td>[31m
              [36m<td[31m
                [33mdata-col-id[31m=[32m"email"[31m
                [33mstyle[31m=[32m"width: 250px;"[31m
              [36m>[31m
                [0muser1@example.com[0m
              [36m</td>[31m
              [36m<td[31m
                [33mclass[31m=[32m"rowakit-cell-number"[31m
                [33mdata-col-id[31m=[32m"age"[31m
                [33mstyle[31m=[32m"width: 100px; text-align: right;"[31m
              [36m>[31m
                [0m64[0m
              [36m</td>[31m
              [36m<td[31m
                [33mclass[31m=[32m"rowakit-cell-number"[31m
                [33mdata-col-id[31m=[32m"salary"[31m
                [33mstyle[31m=[32m"width: 150px; text-align: right;"[31m
              [36m>[31m
                [0m$122,382[0m
              [36m</td>[31m
              [36m<td[31m
                [33mdata-col-id[31m=[32m"department"[31m
                [33mstyle[31m=[32m"width: 150px;"[31m
              [36m>[31m
                [0mFinance[0m
              [36m</td>[31m
              [36m<td[31m
                [33mdata-col-id[31m=[32m"role"[31m
              [36m>[31m
                [36m<span[31m
                  [33mclass[31m=[32m"rowakit-badge rowakit-badge-gray"[31m
                [36m>[31m
                  [0mGuest[0m
                [36m</span>[31m
              [36m</td>[31m
              [36m<td[31m
                [33mdata-col-id[31m=[32m"active"[31m
              [36m>[31m
                [0mYes[0m
              [36m</td>[31m
              [36m<td[31m
                [33mdata-col-id[31m=[32m"joinedAt"[31m
                [33mstyle[31m=[32m"width: 150px;"[31m
              [36m>[31m
                [0m8/1/2023[0m
              [36m</td>[31m
            [36m</tr>[31m
            [36m<tr>[31m
              [36m<td>[31m
                [36m<input[31m
                  [33maria-label[31m=[32m"Select row user-2"[31m
                  [33mtype[31m=[32m"checkbox"[31m
                [36m/>[31m
              [36m</td>[31m
              [36m<td[31m
                [33mdata-col-id[31m=[32m"name"[31m
                [33mstyle[31m=[32m"width: 200px;"[31m
              [36m>[31m
                [0mUser 2[0m
              [36m</td>[31m
              [36m<td[31m
                [33mdata-col-id[31m=[32m"email"[31m
                [33mstyle[31m=[32m"width: 250px;"[31m
              [36m>[31m
                [0muser2@example.com[0m
              [36m</td>[31m
              [36m<td[31m
                [33mclass[31m=[32m"rowakit-cell-number"[31m
                [33mdata-col-id[31m=[32m"age"[31m
                [33mstyle[31m=[32m"width: 100px; text-align: right;"[31m
              [36m>[31m
                [0m56[0m
              [36m</td>[31m
              [36m<td[31m
                [33mclass[31m=[32m"rowakit-cell-number"[31m
                [33mdata-col-id[31m=[32m"salary"[31m
                [33mstyle[31m=[32m"width: 150px; text-align: right;"[31m
              [36m>[31m
                [0m$115,231[0m
              [36m</td>[31m
              [36m<td[31m
                [33mdata-col-id[31m=[32m"department"[31m
                [33mstyle[31m=[32m"width: 150px;"[31m
              [36m>[31m
                [0mEngineering[0m
              [36m</td>[...

Ignored nodes: comments, script, style
[36m<html>[31m
  [36m<head />[31m
  [36m<body>[31m
    [36m<div>[31m
      [36m<div[31m
        [33mdata-testid[31m=[32m"bulk-action-test"[31m
      [36m>[31m
        [36m<div[31m
          [33mclass[31m=[32m"rowakit-table"[31m
        [36m>[31m
          [36m<table>[31m
            [36m<thead>[31m
              [36m<tr>[31m
                [36m<th>[31m
                  [36m<input[31m
                    [33maria-label[31m=[32m"Select all rows"[31m
                    [33mtype[31m=[32m"checkbox"[31m
                  [36m/>[31m
                [36m</th>[31m
                [36m<th[31m
                  [33mdata-col-id[31m=[32m"name"[31m
                  [33mrole[31m=[32m"button"[31m
                  [33mstyle[31m=[32m"width: 200px;"[31m
                  [33mtabindex[31m=[32m"0"[31m
                [36m>[31m
                  [0mName[0m
                [36m</th>[31m
                [36m<th[31m
                  [33mdata-col-id[31m=[32m"email"[31m
                  [33mrole[31m=[32m"button"[31m
                  [33mstyle[31m=[32m"width: 250px;"[31m
                  [33mtabindex[31m=[32m"0"[31m
                [36m>[31m
                  [0mEmail[0m
                [36m</th>[31m
                [36m<th[31m
                  [33mdata-col-id[31m=[32m"age"[31m
                  [33mrole[31m=[32m"button"[31m
                  [33mstyle[31m=[32m"width: 100px;"[31m
                  [33mtabindex[31m=[32m"0"[31m
                [36m>[31m
                  [0mAge[0m
                [36m</th>[31m
                [36m<th[31m
                  [33mdata-col-id[31m=[32m"salary"[31m
                  [33mrole[31m=[32m"button"[31m
                  [33mstyle[31m=[32m"width: 150px;"[31m
                  [33mtabindex[31m=[32m"0"[31m
                [36m>[31m
                  [0mSalary[0m
                [36m</th>[31m
                [36m<th[31m
                  [33mdata-col-id[31m=[32m"department"[31m
                  [33mrole[31m=[32m"button"[31m
                  [33mstyle[31m=[32m"width: 150px;"[31m
                  [33mtabindex[31m=[32m"0"[31m
                [36m>[31m
                  [0mDepartment[0m
                [36m</th>[31m
                [36m<th[31m
                  [33mdata-col-id[31m=[32m"role"[31m
                [36m>[31m
                  [0mRole[0m
                [36m</th>[31m
                [36m<th[31m
                  [33mdata-col-id[31m=[32m"active"[31m
                  [33mrole[31m=[32m"button"[31m
                  [33mtabindex[31m=[32m"0"[31m
                [36m>[31m
                  [0mActive[0m
                [36m</th>[31m
                [36m<th[31m
                  [33mdata-col-id[31m=[32m"joinedAt"[31m
                  [33mrole[31m=[32m"button"[31m
                  [33mstyle[31m=[32m"width: 150px;"[31m
                  [33mtabindex[31m=[32m"0"[31m
                [36m>[31m
                  [0mJoined[0m
                [36m</th>[31m
              [36m</tr>[31m
            [36m</thead>[31m
            [36m<tbody>[31m
              [36m<tr>[31m
                [36m<td>[31m
                  [36m<input[31m
                    [33maria-label[31m=[32m"Select row user-1"[31m
                    [33mtype[31m=[32m"checkbox"[31m
                  [36m/>[31m
                [36m</td>[31m
                [36m<td[31m
                  [33mdata-col-id[31m=[32m"name"[31m
                  [33mstyle[31m=[32m"width: 200px;"[31m
                [36m>[31m
                  [0mUser 1[0m
                [36m</td>[31m
                [36m<td[31m
                  [33mdata-col-id[31m=[32m"email"[31m
                  [33mstyle[31m=[32m"width: 250px;"[31m
                [36m>[31m
                  [0muser1@example.com[0m
                [36m</td>[31m
                [36m<td[31m
                  [33mclass[31m=[32m"rowakit-cell-number"[31m
                  [33mdata-col-id[31m=[32m"age"[31m
                  [33mstyle[31m=[32m"width: 100px; text-align: right;"[31m
                [36m>[31m
                  [0m64[0m
                [36m</td>[31m
                [36m<td[31m
                  [33mclass[31m=[32m"rowakit-cell-number"[31m
                  [33mdata-col-id[31m=[32m"salary"[31m
                  [33mstyle[31m=[32m"width: 150px; text-align: right;"[31m
                [36m>[31m
                  [0m$122,382[0m
                [36m</td>[31m
                [36m<td[31m
                  [33mdata-col-id[31m=[32m"department"[31m
                  [33mstyle[31m=[32m"width: 150px;"[31m
                [36m>[31m
                  [0mFinance[0m
                [36m</td>[31m
                [36m<td[31m
                  [33mdata-col-id[31m=[32m"role"[31m
                [36m>[31m
                  [36m<span[31m
                    [33mclass[31m=[32m"rowakit-badge rowakit-badge-gray"[31m
                  [36m>[31m
                    [0mGuest[0m
                  [36m</span>[31m
                [36m</td>[31m
                [36m<td[31m
                  [33mdata-col-id[31m=[32m"active"[31m
                [36m>[31m
                  [0mYes[0m
                [36m</td>[31m
                [36m<td[31m
                  [33mdata-col-id[31m=[32m"joinedAt"[31m
                  [33mstyle[31m=[32m"width: 150px;"[31m
                [36m>[31m
                  [0m8/1/2023[0m
                [36m</td>[31m
              [36m</tr>[31m
              [36m<tr>[31m
                [36m<td>[31m
                  [36m<input[31m
                    [33maria-label[31m=[32m"Select row user-2"[31m
                    [33mtype[31m=[32m"checkbox"[31m
                  [36m/>[31m
                [36m</td>[31m
                [36m<td[31m
                  [33mdata-col-id[31m=[32m"name"[31m
                  [33mstyle[31m=[32m"width: 200px;"[31m
                [36m>[31m
                  [0mUser 2[0m
                [36m</td>[31m
                [36m<td[31m
                  [33mdata-col-id[31m=[32m"email"[31m
                  [33mstyle[31m=[32m"width: 250px;"[31m
                [36m>[31m
                  [0muser2@example.com[0m
                [36m</td>[31m
                [36m<td[31m
                  [33mclass[31m=[32m"rowakit-cell-number"[31m
                  [33mdata-col-id[31m=[32m"age"[31m
                  [33mstyle[31m=[32m"width: 100px; text-align: right;"[31m
                [36m>[31m
                  [0m56[0m
                [36m</td>[31m
                [36m<td[31m
                  [33mclass[31m=[32m"rowakit-cell-number"[31m
                  [33mdata-col-id[31m=[32m"salary"[31m
                  [33mst...[39m
[31m   [33mΓ¥»[31m packages/demo/src/harness/ui/scenarios.workflow.test.tsx[2m > [22mWorkflow Scenarios (UI Level)[2m > [22mBulk Actions[2m > [22mshould show confirmation dialog and cancel[39m
[31m     ΓåÆ Unable to find role="button" and name `/delete/i`

Ignored nodes: comments, script, style
[36m<body>[31m
  [36m<div>[31m
    [36m<div[31m
      [33mdata-testid[31m=[32m"bulk-confirm-test"[31m
    [36m>[31m
      [36m<div[31m
        [33mclass[31m=[32m"rowakit-table"[31m
      [36m>[31m
        [36m<table>[31m
          [36m<thead>[31m
            [36m<tr>[31m
              [36m<th>[31m
                [36m<input[31m
                  [33maria-label[31m=[32m"Select all rows"[31m
                  [33mtype[31m=[32m"checkbox"[31m
                [36m/>[31m
              [36m</th>[31m
              [36m<th[31m
                [33mdata-col-id[31m=[32m"name"[31m
                [33mrole[31m=[32m"button"[31m
                [33mstyle[31m=[32m"width: 200px;"[31m
                [33mtabindex[31m=[32m"0"[31m
              [36m>[31m
                [0mName[0m
              [36m</th>[31m
              [36m<th[31m
                [33mdata-col-id[31m=[32m"email"[31m
                [33mrole[31m=[32m"button"[31m
                [33mstyle[31m=[32m"width: 250px;"[31m
                [33mtabindex[31m=[32m"0"[31m
              [36m>[31m
                [0mEmail[0m
              [36m</th>[31m
              [36m<th[31m
                [33mdata-col-id[31m=[32m"age"[31m
                [33mrole[31m=[32m"button"[31m
                [33mstyle[31m=[32m"width: 100px;"[31m
                [33mtabindex[31m=[32m"0"[31m
              [36m>[31m
                [0mAge[0m
              [36m</th>[31m
              [36m<th[31m
                [33mdata-col-id[31m=[32m"salary"[31m
                [33mrole[31m=[32m"button"[31m
                [33mstyle[31m=[32m"width: 150px;"[31m
                [33mtabindex[31m=[32m"0"[31m
              [36m>[31m
                [0mSalary[0m
              [36m</th>[31m
              [36m<th[31m
                [33mdata-col-id[31m=[32m"department"[31m
                [33mrole[31m=[32m"button"[31m
                [33mstyle[31m=[32m"width: 150px;"[31m
                [33mtabindex[31m=[32m"0"[31m
              [36m>[31m
                [0mDepartment[0m
              [36m</th>[31m
              [36m<th[31m
                [33mdata-col-id[31m=[32m"role"[31m
              [36m>[31m
                [0mRole[0m
              [36m</th>[31m
              [36m<th[31m
                [33mdata-col-id[31m=[32m"active"[31m
                [33mrole[31m=[32m"button"[31m
                [33mtabindex[31m=[32m"0"[31m
              [36m>[31m
                [0mActive[0m
              [36m</th>[31m
              [36m<th[31m
                [33mdata-col-id[31m=[32m"joinedAt"[31m
                [33mrole[31m=[32m"button"[31m
                [33mstyle[31m=[32m"width: 150px;"[31m
                [33mtabindex[31m=[32m"0"[31m
              [36m>[31m
                [0mJoined[0m
              [36m</th>[31m
            [36m</tr>[31m
          [36m</thead>[31m
          [36m<tbody>[31m
            [36m<tr>[31m
              [36m<td>[31m
                [36m<input[31m
                  [33maria-label[31m=[32m"Select row user-1"[31m
                  [33mtype[31m=[32m"checkbox"[31m
                [36m/>[31m
              [36m</td>[31m
              [36m<td[31m
                [33mdata-col-id[31m=[32m"name"[31m
                [33mstyle[31m=[32m"width: 200px;"[31m
              [36m>[31m
                [0mUser 1[0m
              [36m</td>[31m
              [36m<td[31m
                [33mdata-col-id[31m=[32m"email"[31m
                [33mstyle[31m=[32m"width: 250px;"[31m
              [36m>[31m
                [0muser1@example.com[0m
              [36m</td>[31m
              [36m<td[31m
                [33mclass[31m=[32m"rowakit-cell-number"[31m
                [33mdata-col-id[31m=[32m"age"[31m
                [33mstyle[31m=[32m"width: 100px; text-align: right;"[31m
              [36m>[31m
                [0m64[0m
              [36m</td>[31m
              [36m<td[31m
                [33mclass[31m=[32m"rowakit-cell-number"[31m
                [33mdata-col-id[31m=[32m"salary"[31m
                [33mstyle[31m=[32m"width: 150px; text-align: right;"[31m
              [36m>[31m
                [0m$122,382[0m
              [36m</td>[31m
              [36m<td[31m
                [33mdata-col-id[31m=[32m"department"[31m
                [33mstyle[31m=[32m"width: 150px;"[31m
              [36m>[31m
                [0mFinance[0m
              [36m</td>[31m
              [36m<td[31m
                [33mdata-col-id[31m=[32m"role"[31m
              [36m>[31m
                [36m<span[31m
                  [33mclass[31m=[32m"rowakit-badge rowakit-badge-gray"[31m
                [36m>[31m
                  [0mGuest[0m
                [36m</span>[31m
              [36m</td>[31m
              [36m<td[31m
                [33mdata-col-id[31m=[32m"active"[31m
              [36m>[31m
                [0mYes[0m
              [36m</td>[31m
              [36m<td[31m
                [33mdata-col-id[31m=[32m"joinedAt"[31m
                [33mstyle[31m=[32m"width: 150px;"[31m
              [36m>[31m
                [0m8/1/2023[0m
              [36m</td>[31m
            [36m</tr>[31m
            [36m<tr>[31m
              [36m<td>[31m
                [36m<input[31m
                  [33maria-label[31m=[32m"Select row user-2"[31m
                  [33mtype[31m=[32m"checkbox"[31m
                [36m/>[31m
              [36m</td>[31m
              [36m<td[31m
                [33mdata-col-id[31m=[32m"name"[31m
                [33mstyle[31m=[32m"width: 200px;"[31m
              [36m>[31m
                [0mUser 2[0m
              [36m</td>[31m
              [36m<td[31m
                [33mdata-col-id[31m=[32m"email"[31m
                [33mstyle[31m=[32m"width: 250px;"[31m
              [36m>[31m
                [0muser2@example.com[0m
              [36m</td>[31m
              [36m<td[31m
                [33mclass[31m=[32m"rowakit-cell-number"[31m
                [33mdata-col-id[31m=[32m"age"[31m
                [33mstyle[31m=[32m"width: 100px; text-align: right;"[31m
              [36m>[31m
                [0m56[0m
              [36m</td>[31m
              [36m<td[31m
                [33mclass[31m=[32m"rowakit-cell-number"[31m
                [33mdata-col-id[31m=[32m"salary"[31m
                [33mstyle[31m=[32m"width: 150px; text-align: right;"[31m
              [36m>[31m
                [0m$115,231[0m
              [36m</td>[31m
              [36m<td[31m
                [33mdata-col-id[31m=[32m"department"[31m
                [33mstyle[31m=[32m"width: 150px;"[31m
              [36m>[31m
                [0mEngineering[0m
              [36m</td>...

Ignored nodes: comments, script, style
[36m<html>[31m
  [36m<head />[31m
  [36m<body>[31m
    [36m<div>[31m
      [36m<div[31m
        [33mdata-testid[31m=[32m"bulk-confirm-test"[31m
      [36m>[31m
        [36m<div[31m
          [33mclass[31m=[32m"rowakit-table"[31m
        [36m>[31m
          [36m<table>[31m
            [36m<thead>[31m
              [36m<tr>[31m
                [36m<th>[31m
                  [36m<input[31m
                    [33maria-label[31m=[32m"Select all rows"[31m
                    [33mtype[31m=[32m"checkbox"[31m
                  [36m/>[31m
                [36m</th>[31m
                [36m<th[31m
                  [33mdata-col-id[31m=[32m"name"[31m
                  [33mrole[31m=[32m"button"[31m
                  [33mstyle[31m=[32m"width: 200px;"[31m
                  [33mtabindex[31m=[32m"0"[31m
                [36m>[31m
                  [0mName[0m
                [36m</th>[31m
                [36m<th[31m
                  [33mdata-col-id[31m=[32m"email"[31m
                  [33mrole[31m=[32m"button"[31m
                  [33mstyle[31m=[32m"width: 250px;"[31m
                  [33mtabindex[31m=[32m"0"[31m
                [36m>[31m
                  [0mEmail[0m
                [36m</th>[31m
                [36m<th[31m
                  [33mdata-col-id[31m=[32m"age"[31m
                  [33mrole[31m=[32m"button"[31m
                  [33mstyle[31m=[32m"width: 100px;"[31m
                  [33mtabindex[31m=[32m"0"[31m
                [36m>[31m
                  [0mAge[0m
                [36m</th>[31m
                [36m<th[31m
                  [33mdata-col-id[31m=[32m"salary"[31m
                  [33mrole[31m=[32m"button"[31m
                  [33mstyle[31m=[32m"width: 150px;"[31m
                  [33mtabindex[31m=[32m"0"[31m
                [36m>[31m
                  [0mSalary[0m
                [36m</th>[31m
                [36m<th[31m
                  [33mdata-col-id[31m=[32m"department"[31m
                  [33mrole[31m=[32m"button"[31m
                  [33mstyle[31m=[32m"width: 150px;"[31m
                  [33mtabindex[31m=[32m"0"[31m
                [36m>[31m
                  [0mDepartment[0m
                [36m</th>[31m
                [36m<th[31m
                  [33mdata-col-id[31m=[32m"role"[31m
                [36m>[31m
                  [0mRole[0m
                [36m</th>[31m
                [36m<th[31m
                  [33mdata-col-id[31m=[32m"active"[31m
                  [33mrole[31m=[32m"button"[31m
                  [33mtabindex[31m=[32m"0"[31m
                [36m>[31m
                  [0mActive[0m
                [36m</th>[31m
                [36m<th[31m
                  [33mdata-col-id[31m=[32m"joinedAt"[31m
                  [33mrole[31m=[32m"button"[31m
                  [33mstyle[31m=[32m"width: 150px;"[31m
                  [33mtabindex[31m=[32m"0"[31m
                [36m>[31m
                  [0mJoined[0m
                [36m</th>[31m
              [36m</tr>[31m
            [36m</thead>[31m
            [36m<tbody>[31m
              [36m<tr>[31m
                [36m<td>[31m
                  [36m<input[31m
                    [33maria-label[31m=[32m"Select row user-1"[31m
                    [33mtype[31m=[32m"checkbox"[31m
                  [36m/>[31m
                [36m</td>[31m
                [36m<td[31m
                  [33mdata-col-id[31m=[32m"name"[31m
                  [33mstyle[31m=[32m"width: 200px;"[31m
                [36m>[31m
                  [0mUser 1[0m
                [36m</td>[31m
                [36m<td[31m
                  [33mdata-col-id[31m=[32m"email"[31m
                  [33mstyle[31m=[32m"width: 250px;"[31m
                [36m>[31m
                  [0muser1@example.com[0m
                [36m</td>[31m
                [36m<td[31m
                  [33mclass[31m=[32m"rowakit-cell-number"[31m
                  [33mdata-col-id[31m=[32m"age"[31m
                  [33mstyle[31m=[32m"width: 100px; text-align: right;"[31m
                [36m>[31m
                  [0m64[0m
                [36m</td>[31m
                [36m<td[31m
                  [33mclass[31m=[32m"rowakit-cell-number"[31m
                  [33mdata-col-id[31m=[32m"salary"[31m
                  [33mstyle[31m=[32m"width: 150px; text-align: right;"[31m
                [36m>[31m
                  [0m$122,382[0m
                [36m</td>[31m
                [36m<td[31m
                  [33mdata-col-id[31m=[32m"department"[31m
                  [33mstyle[31m=[32m"width: 150px;"[31m
                [36m>[31m
                  [0mFinance[0m
                [36m</td>[31m
                [36m<td[31m
                  [33mdata-col-id[31m=[32m"role"[31m
                [36m>[31m
                  [36m<span[31m
                    [33mclass[31m=[32m"rowakit-badge rowakit-badge-gray"[31m
                  [36m>[31m
                    [0mGuest[0m
                  [36m</span>[31m
                [36m</td>[31m
                [36m<td[31m
                  [33mdata-col-id[31m=[32m"active"[31m
                [36m>[31m
                  [0mYes[0m
                [36m</td>[31m
                [36m<td[31m
                  [33mdata-col-id[31m=[32m"joinedAt"[31m
                  [33mstyle[31m=[32m"width: 150px;"[31m
                [36m>[31m
                  [0m8/1/2023[0m
                [36m</td>[31m
              [36m</tr>[31m
              [36m<tr>[31m
                [36m<td>[31m
                  [36m<input[31m
                    [33maria-label[31m=[32m"Select row user-2"[31m
                    [33mtype[31m=[32m"checkbox"[31m
                  [36m/>[31m
                [36m</td>[31m
                [36m<td[31m
                  [33mdata-col-id[31m=[32m"name"[31m
                  [33mstyle[31m=[32m"width: 200px;"[31m
                [36m>[31m
                  [0mUser 2[0m
                [36m</td>[31m
                [36m<td[31m
                  [33mdata-col-id[31m=[32m"email"[31m
                  [33mstyle[31m=[32m"width: 250px;"[31m
                [36m>[31m
                  [0muser2@example.com[0m
                [36m</td>[31m
                [36m<td[31m
                  [33mclass[31m=[32m"rowakit-cell-number"[31m
                  [33mdata-col-id[31m=[32m"age"[31m
                  [33mstyle[31m=[32m"width: 100px; text-align: right;"[31m
                [36m>[31m
                  [0m56[0m
                [36m</td>[31m
                [36m<td[31m
                  [33mclass[31m=[32m"rowakit-cell-number"[31m
                  [33mdata-col-id[31m=[32m"salary"[31m
                  [33ms...[39m
[31m   [33mΓ¥»[31m packages/demo/src/harness/ui/scenarios.workflow.test.tsx[2m > [22mWorkflow Scenarios (UI Level)[2m > [22mBulk Actions[2m > [22mshould show confirmation dialog and confirm[39m
[31m     ΓåÆ Unable to find role="button" and name `/delete/i`

Ignored nodes: comments, script, style
[36m<body>[31m
  [36m<div>[31m
    [36m<div[31m
      [33mdata-testid[31m=[32m"bulk-confirm-test"[31m
    [36m>[31m
      [36m<div[31m
        [33mclass[31m=[32m"rowakit-table"[31m
      [36m>[31m
        [36m<table>[31m
          [36m<thead>[31m
            [36m<tr>[31m
              [36m<th>[31m
                [36m<input[31m
                  [33maria-label[31m=[32m"Select all rows"[31m
                  [33mtype[31m=[32m"checkbox"[31m
                [36m/>[31m
              [36m</th>[31m
              [36m<th[31m
                [33mdata-col-id[31m=[32m"name"[31m
                [33mrole[31m=[32m"button"[31m
                [33mstyle[31m=[32m"width: 200px;"[31m
                [33mtabindex[31m=[32m"0"[31m
              [36m>[31m
                [0mName[0m
              [36m</th>[31m
              [36m<th[31m
                [33mdata-col-id[31m=[32m"email"[31m
                [33mrole[31m=[32m"button"[31m
                [33mstyle[31m=[32m"width: 250px;"[31m
                [33mtabindex[31m=[32m"0"[31m
              [36m>[31m
                [0mEmail[0m
              [36m</th>[31m
              [36m<th[31m
                [33mdata-col-id[31m=[32m"age"[31m
                [33mrole[31m=[32m"button"[31m
                [33mstyle[31m=[32m"width: 100px;"[31m
                [33mtabindex[31m=[32m"0"[31m
              [36m>[31m
                [0mAge[0m
              [36m</th>[31m
              [36m<th[31m
                [33mdata-col-id[31m=[32m"salary"[31m
                [33mrole[31m=[32m"button"[31m
                [33mstyle[31m=[32m"width: 150px;"[31m
                [33mtabindex[31m=[32m"0"[31m
              [36m>[31m
                [0mSalary[0m
              [36m</th>[31m
              [36m<th[31m
                [33mdata-col-id[31m=[32m"department"[31m
                [33mrole[31m=[32m"button"[31m
                [33mstyle[31m=[32m"width: 150px;"[31m
                [33mtabindex[31m=[32m"0"[31m
              [36m>[31m
                [0mDepartment[0m
              [36m</th>[31m
              [36m<th[31m
                [33mdata-col-id[31m=[32m"role"[31m
              [36m>[31m
                [0mRole[0m
              [36m</th>[31m
              [36m<th[31m
                [33mdata-col-id[31m=[32m"active"[31m
                [33mrole[31m=[32m"button"[31m
                [33mtabindex[31m=[32m"0"[31m
              [36m>[31m
                [0mActive[0m
              [36m</th>[31m
              [36m<th[31m
                [33mdata-col-id[31m=[32m"joinedAt"[31m
                [33mrole[31m=[32m"button"[31m
                [33mstyle[31m=[32m"width: 150px;"[31m
                [33mtabindex[31m=[32m"0"[31m
              [36m>[31m
                [0mJoined[0m
              [36m</th>[31m
            [36m</tr>[31m
          [36m</thead>[31m
          [36m<tbody>[31m
            [36m<tr>[31m
              [36m<td>[31m
                [36m<input[31m
                  [33maria-label[31m=[32m"Select row user-1"[31m
                  [33mtype[31m=[32m"checkbox"[31m
                [36m/>[31m
              [36m</td>[31m
              [36m<td[31m
                [33mdata-col-id[31m=[32m"name"[31m
                [33mstyle[31m=[32m"width: 200px;"[31m
              [36m>[31m
                [0mUser 1[0m
              [36m</td>[31m
              [36m<td[31m
                [33mdata-col-id[31m=[32m"email"[31m
                [33mstyle[31m=[32m"width: 250px;"[31m
              [36m>[31m
                [0muser1@example.com[0m
              [36m</td>[31m
              [36m<td[31m
                [33mclass[31m=[32m"rowakit-cell-number"[31m
                [33mdata-col-id[31m=[32m"age"[31m
                [33mstyle[31m=[32m"width: 100px; text-align: right;"[31m
              [36m>[31m
                [0m64[0m
              [36m</td>[31m
              [36m<td[31m
                [33mclass[31m=[32m"rowakit-cell-number"[31m
                [33mdata-col-id[31m=[32m"salary"[31m
                [33mstyle[31m=[32m"width: 150px; text-align: right;"[31m
              [36m>[31m
                [0m$122,382[0m
              [36m</td>[31m
              [36m<td[31m
                [33mdata-col-id[31m=[32m"department"[31m
                [33mstyle[31m=[32m"width: 150px;"[31m
              [36m>[31m
                [0mFinance[0m
              [36m</td>[31m
              [36m<td[31m
                [33mdata-col-id[31m=[32m"role"[31m
              [36m>[31m
                [36m<span[31m
                  [33mclass[31m=[32m"rowakit-badge rowakit-badge-gray"[31m
                [36m>[31m
                  [0mGuest[0m
                [36m</span>[31m
              [36m</td>[31m
              [36m<td[31m
                [33mdata-col-id[31m=[32m"active"[31m
              [36m>[31m
                [0mYes[0m
              [36m</td>[31m
              [36m<td[31m
                [33mdata-col-id[31m=[32m"joinedAt"[31m
                [33mstyle[31m=[32m"width: 150px;"[31m
              [36m>[31m
                [0m8/1/2023[0m
              [36m</td>[31m
            [36m</tr>[31m
            [36m<tr>[31m
              [36m<td>[31m
                [36m<input[31m
                  [33maria-label[31m=[32m"Select row user-2"[31m
                  [33mtype[31m=[32m"checkbox"[31m
                [36m/>[31m
              [36m</td>[31m
              [36m<td[31m
                [33mdata-col-id[31m=[32m"name"[31m
                [33mstyle[31m=[32m"width: 200px;"[31m
              [36m>[31m
                [0mUser 2[0m
              [36m</td>[31m
              [36m<td[31m
                [33mdata-col-id[31m=[32m"email"[31m
                [33mstyle[31m=[32m"width: 250px;"[31m
              [36m>[31m
                [0muser2@example.com[0m
              [36m</td>[31m
              [36m<td[31m
                [33mclass[31m=[32m"rowakit-cell-number"[31m
                [33mdata-col-id[31m=[32m"age"[31m
                [33mstyle[31m=[32m"width: 100px; text-align: right;"[31m
              [36m>[31m
                [0m56[0m
              [36m</td>[31m
              [36m<td[31m
                [33mclass[31m=[32m"rowakit-cell-number"[31m
                [33mdata-col-id[31m=[32m"salary"[31m
                [33mstyle[31m=[32m"width: 150px; text-align: right;"[31m
              [36m>[31m
                [0m$115,231[0m
              [36m</td>[31m
              [36m<td[31m
                [33mdata-col-id[31m=[32m"department"[31m
                [33mstyle[31m=[32m"width: 150px;"[31m
              [36m>[31m
                [0mEngineering[0m
              [36m</td>...

Ignored nodes: comments, script, style
[36m<html>[31m
  [36m<head />[31m
  [36m<body>[31m
    [36m<div>[31m
      [36m<div[31m
        [33mdata-testid[31m=[32m"bulk-confirm-test"[31m
      [36m>[31m
        [36m<div[31m
          [33mclass[31m=[32m"rowakit-table"[31m
        [36m>[31m
          [36m<table>[31m
            [36m<thead>[31m
              [36m<tr>[31m
                [36m<th>[31m
                  [36m<input[31m
                    [33maria-label[31m=[32m"Select all rows"[31m
                    [33mtype[31m=[32m"checkbox"[31m
                  [36m/>[31m
                [36m</th>[31m
                [36m<th[31m
                  [33mdata-col-id[31m=[32m"name"[31m
                  [33mrole[31m=[32m"button"[31m
                  [33mstyle[31m=[32m"width: 200px;"[31m
                  [33mtabindex[31m=[32m"0"[31m
                [36m>[31m
                  [0mName[0m
                [36m</th>[31m
                [36m<th[31m
                  [33mdata-col-id[31m=[32m"email"[31m
                  [33mrole[31m=[32m"button"[31m
                  [33mstyle[31m=[32m"width: 250px;"[31m
                  [33mtabindex[31m=[32m"0"[31m
                [36m>[31m
                  [0mEmail[0m
                [36m</th>[31m
                [36m<th[31m
                  [33mdata-col-id[31m=[32m"age"[31m
                  [33mrole[31m=[32m"button"[31m
                  [33mstyle[31m=[32m"width: 100px;"[31m
                  [33mtabindex[31m=[32m"0"[31m
                [36m>[31m
                  [0mAge[0m
                [36m</th>[31m
                [36m<th[31m
                  [33mdata-col-id[31m=[32m"salary"[31m
                  [33mrole[31m=[32m"button"[31m
                  [33mstyle[31m=[32m"width: 150px;"[31m
                  [33mtabindex[31m=[32m"0"[31m
                [36m>[31m
                  [0mSalary[0m
                [36m</th>[31m
                [36m<th[31m
                  [33mdata-col-id[31m=[32m"department"[31m
                  [33mrole[31m=[32m"button"[31m
                  [33mstyle[31m=[32m"width: 150px;"[31m
                  [33mtabindex[31m=[32m"0"[31m
                [36m>[31m
                  [0mDepartment[0m
                [36m</th>[31m
                [36m<th[31m
                  [33mdata-col-id[31m=[32m"role"[31m
                [36m>[31m
                  [0mRole[0m
                [36m</th>[31m
                [36m<th[31m
                  [33mdata-col-id[31m=[32m"active"[31m
                  [33mrole[31m=[32m"button"[31m
                  [33mtabindex[31m=[32m"0"[31m
                [36m>[31m
                  [0mActive[0m
                [36m</th>[31m
                [36m<th[31m
                  [33mdata-col-id[31m=[32m"joinedAt"[31m
                  [33mrole[31m=[32m"button"[31m
                  [33mstyle[31m=[32m"width: 150px;"[31m
                  [33mtabindex[31m=[32m"0"[31m
                [36m>[31m
                  [0mJoined[0m
                [36m</th>[31m
              [36m</tr>[31m
            [36m</thead>[31m
            [36m<tbody>[31m
              [36m<tr>[31m
                [36m<td>[31m
                  [36m<input[31m
                    [33maria-label[31m=[32m"Select row user-1"[31m
                    [33mtype[31m=[32m"checkbox"[31m
                  [36m/>[31m
                [36m</td>[31m
                [36m<td[31m
                  [33mdata-col-id[31m=[32m"name"[31m
                  [33mstyle[31m=[32m"width: 200px;"[31m
                [36m>[31m
                  [0mUser 1[0m
                [36m</td>[31m
                [36m<td[31m
                  [33mdata-col-id[31m=[32m"email"[31m
                  [33mstyle[31m=[32m"width: 250px;"[31m
                [36m>[31m
                  [0muser1@example.com[0m
                [36m</td>[31m
                [36m<td[31m
                  [33mclass[31m=[32m"rowakit-cell-number"[31m
                  [33mdata-col-id[31m=[32m"age"[31m
                  [33mstyle[31m=[32m"width: 100px; text-align: right;"[31m
                [36m>[31m
                  [0m64[0m
                [36m</td>[31m
                [36m<td[31m
                  [33mclass[31m=[32m"rowakit-cell-number"[31m
                  [33mdata-col-id[31m=[32m"salary"[31m
                  [33mstyle[31m=[32m"width: 150px; text-align: right;"[31m
                [36m>[31m
                  [0m$122,382[0m
                [36m</td>[31m
                [36m<td[31m
                  [33mdata-col-id[31m=[32m"department"[31m
                  [33mstyle[31m=[32m"width: 150px;"[31m
                [36m>[31m
                  [0mFinance[0m
                [36m</td>[31m
                [36m<td[31m
                  [33mdata-col-id[31m=[32m"role"[31m
                [36m>[31m
                  [36m<span[31m
                    [33mclass[31m=[32m"rowakit-badge rowakit-badge-gray"[31m
                  [36m>[31m
                    [0mGuest[0m
                  [36m</span>[31m
                [36m</td>[31m
                [36m<td[31m
                  [33mdata-col-id[31m=[32m"active"[31m
                [36m>[31m
                  [0mYes[0m
                [36m</td>[31m
                [36m<td[31m
                  [33mdata-col-id[31m=[32m"joinedAt"[31m
                  [33mstyle[31m=[32m"width: 150px;"[31m
                [36m>[31m
                  [0m8/1/2023[0m
                [36m</td>[31m
              [36m</tr>[31m
              [36m<tr>[31m
                [36m<td>[31m
                  [36m<input[31m
                    [33maria-label[31m=[32m"Select row user-2"[31m
                    [33mtype[31m=[32m"checkbox"[31m
                  [36m/>[31m
                [36m</td>[31m
                [36m<td[31m
                  [33mdata-col-id[31m=[32m"name"[31m
                  [33mstyle[31m=[32m"width: 200px;"[31m
                [36m>[31m
                  [0mUser 2[0m
                [36m</td>[31m
                [36m<td[31m
                  [33mdata-col-id[31m=[32m"email"[31m
                  [33mstyle[31m=[32m"width: 250px;"[31m
                [36m>[31m
                  [0muser2@example.com[0m
                [36m</td>[31m
                [36m<td[31m
                  [33mclass[31m=[32m"rowakit-cell-number"[31m
                  [33mdata-col-id[31m=[32m"age"[31m
                  [33mstyle[31m=[32m"width: 100px; text-align: right;"[31m
                [36m>[31m
                  [0m56[0m
                [36m</td>[31m
                [36m<td[31m
                  [33mclass[31m=[32m"rowakit-cell-number"[31m
                  [33mdata-col-id[31m=[32m"salary"[31m
                  [33ms...[39m

[31mΓÄ»ΓÄ»ΓÄ»ΓÄ»ΓÄ»ΓÄ»ΓÄ»[1m[7m Failed 
Tests 6 
[27m[22mΓÄ»ΓÄ»ΓÄ»ΓÄ»ΓÄ»ΓÄ»ΓÄ»[39m

[31m[1m[7m FAIL [27m[22m[39m package
s/demo/src/harness/ui/scenarios.urlsync.te
st.tsx[2m > [22mURL Sync & Saved Views 
(UI Level)[2m > [22mURL Sync[2m > 
[22mshould restore state from URL on 
mount
[31m[1mError[22m: [2mexpect([22m[31m
element[31m[2m).toHaveAttribute([22m[3
2m[32m"aria-sort"[32m[31m[2m, 
[22m[32m[32m"ascending"[32m[31m[2m) 
// element.getAttribute("aria-sort") === 
"ascending"[22m

Expected the element to have attribute:
[32m  aria-sort="ascending"[31m
Received:
[31m  null[31m[39m
[36m [2mΓ¥»[22m packages/demo/src/harne
ss/ui/scenarios.urlsync.test.tsx:[2m128:2
6[22m[39m
    [90m126| [39m      [90m// Verify 
sort restored[39m
    [90m127| [39m      [35mconst[39m 
nameHeader [33m=[39m screen[33m.[39m[
34mgetByRole[39m([32m'button'[39m[33m,
[39m { name[33m:[39m [36m/name/i[39m 
})[33m;[39m
    [90m128| [39m      [34mexpect[39m(
nameHeader)[33m.[39m[34mtoHaveAttribute
[39m([32m'aria-sort'[39m[33m,[39m 
[32m'ascending'[39m)[33m;[39m
    [90m   | [39m                       
  [31m^[39m
    [90m129| [39m    })[33m;[39m
    [90m130| [39m

[31m[2mΓÄ»ΓÄ»ΓÄ»ΓÄ»ΓÄ»ΓÄ»ΓÄ»ΓÄ»ΓÄ»ΓÄ»ΓÄ»
ΓÄ»ΓÄ»ΓÄ»ΓÄ»ΓÄ»ΓÄ»ΓÄ»ΓÄ»ΓÄ»ΓÄ»ΓÄ»ΓÄ»ΓÄ»[1/
6]ΓÄ»[22m[39m

[31m[1m[7m FAIL [27m[22m[39m package
s/demo/src/harness/ui/scenarios.urlsync.te
st.tsx[2m > [22mURL Sync & Saved Views 
(UI Level)[2m > [22mURL Sync[2m > 
[22mshould support browser back/forward
[31m[1mTestingLibraryElementError[22m[
39m: Unable to find an element with the 
text: /page 1/i. This could be because 
the text is broken up by multiple 
elements. In this case, you can provide a 
function for your text matcher to make 
your matcher more flexible.

Ignored nodes: comments, script, style
[36m<body>[39m
  [36m<div>[39m
    [36m<div[39m
      [33mdata-testid[39m=[32m"history-
test"[39m
    [36m>[39m
      [36m<div[39m
        
[33mclass[39m=[32m"rowakit-table"[39m
      [36m>[39m
        [36m<table>[39m
          [36m<thead>[39m
            [36m<tr>[39m
              [36m<th[39m
                
[33mdata-col-id[39m=[32m"name"[39m
                
[33mrole[39m=[32m"button"[39m
                
[33mstyle[39m=[32m"width: 200px;"[39m
                
[33mtabindex[39m=[32m"0"[39m
              [36m>[39m
                [0mName[0m
              [36m</th>[39m
              [36m<th[39m
                
[33mdata-col-id[39m=[32m"email"[39m
                
[33mrole[39m=[32m"button"[39m
                
[33mstyle[39m=[32m"width: 250px;"[39m
                
[33mtabindex[39m=[32m"0"[39m
              [36m>[39m
                [0mEmail[0m
              [36m</th>[39m
              [36m<th[39m
                
[33mdata-col-id[39m=[32m"age"[39m
                
[33mrole[39m=[32m"button"[39m
                
[33mstyle[39m=[32m"width: 100px;"[39m
                
[33mtabindex[39m=[32m"0"[39m
              [36m>[39m
                [0mAge[0m
              [36m</th>[39m
              [36m<th[39m
                
[33mdata-col-id[39m=[32m"salary"[39m
                
[33mrole[39m=[32m"button"[39m
                
[33mstyle[39m=[32m"width: 150px;"[39m
                
[33mtabindex[39m=[32m"0"[39m
              [36m>[39m
                [0mSalary[0m
              [36m</th>[39m
              [36m<th[39m
                [33mdata-col-id[39m=[32
m"department"[39m
                
[33mrole[39m=[32m"button"[39m
                
[33mstyle[39m=[32m"width: 150px;"[39m
                
[33mtabindex[39m=[32m"0"[39m
              [36m>[39m
                [0mDepartment[0m
              [36m</th>[39m
              [36m<th[39m
                
[33mdata-col-id[39m=[32m"role"[39m
              [36m>[39m
                [0mRole[0m
              [36m</th>[39m
              [36m<th[39m
                
[33mdata-col-id[39m=[32m"active"[39m
                
[33mrole[39m=[32m"button"[39m
                
[33mtabindex[39m=[32m"0"[39m
              [36m>[39m
                [0mActive[0m
              [36m</th>[39m
              [36m<th[39m
                
[33mdata-col-id[39m=[32m"joinedAt"[39m
                
[33mrole[39m=[32m"button"[39m
                
[33mstyle[39m=[32m"width: 150px;"[39m
                
[33mtabindex[39m=[32m"0"[39m
              [36m>[39m
                [0mJoined[0m
              [36m</th>[39m
            [36m</tr>[39m
          [36m</thead>[39m
          [36m<tbody>[39m
            [36m<tr>[39m
              [36m<td[39m
                
[33mdata-col-id[39m=[32m"name"[39m
                
[33mstyle[39m=[32m"width: 200px;"[39m
              [36m>[39m
                [0mUser 21[0m
              [36m</td>[39m
              [36m<td[39m
                
[33mdata-col-id[39m=[32m"email"[39m
                
[33mstyle[39m=[32m"width: 250px;"[39m
              [36m>[39m
                [0muser21@example.com[0m
              [36m</td>[39m
              [36m<td[39m
                [33mclass[39m=[32m"rowa
kit-cell-number"[39m
                
[33mdata-col-id[39m=[32m"age"[39m
                
[33mstyle[39m=[32m"width: 100px; 
text-align: right;"[39m
              [36m>[39m
                [0m35[0m
              [36m</td>[39m
              [36m<td[39m
                [33mclass[39m=[32m"rowa
kit-cell-number"[39m
                
[33mdata-col-id[39m=[32m"salary"[39m
                
[33mstyle[39m=[32m"width: 150px; 
text-align: right;"[39m
              [36m>[39m
                [0m$119,429[0m
              [36m</td>[39m
              [36m<td[39m
                [33mdata-col-id[39m=[32
m"department"[39m
                
[33mstyle[39m=[32m"width: 150px;"[39m
              [36m>[39m
                [0mHR[0m
              [36m</td>[39m
              [36m<td[39m
                
[33mdata-col-id[39m=[32m"role"[39m
              [36m>[39m
                [36m<span[39m
                  
[33mclass[39m=[32m"rowakit-badge 
rowakit-badge-purple"[39m
                [36m>[39m
                  [0mAdmin[0m
                [36m</span>[39m
              [36m</td>[39m
              [36m<td[39m
                
[33mdata-col-id[39m=[32m"active"[39m
              [36m>[39m
                [0mYes[0m
              [36m</td>[39m
              [36m<td[39m
                
[33mdata-col-id[39m=[32m"joinedAt"[39m
                
[33mstyle[39m=[32m"width: 150px;"[39m
              [36m>[39m
                [0m4/1/2022[0m
              [36m</td>[39m
            [36m</tr>[39m
            [36m<tr>[39m
              [36m<td[39m
                
[33mdata-col-id[39m=[32m"name"[39m
                
[33mstyle[39m=[32m"width: 200px;"[39m
              [36m>[39m
                [0mUser 22[0m
              [36m</td>[39m
              [36m<td[39m
                
[33mdata-col-id[39m=[32m"email"[39m
                
[33mstyle[39m=[32m"width: 250px;"[39m
              [36m>[39m
                [0muser22@example.com[0m
              [36m</td>[39m
              [36m<td[39m
                [33mclass[39m=[32m"rowa
kit-cell-number"[39m
                
[33mdata-col-id[39m=[32m"age"[39m
                
[33mstyle[39m=[32m"width: 100px; 
text-align: right;"[39m
              [36m>[39m
                [0m47[0m
              [36m</td>[39m
              [36m<td[39m
                [33mclass[39m=[32m"rowa
kit-cell-number"[39m
                
[33mdata-col-id[39m=[32m"salary"[39m
                
[33mstyle[39m=[32m"width: 150px; 
text-align: right;"[39m
              [36m>[39m
                [0m$133,143[0m
              [36m</td>[39m
              [36m<td[39m
                [33mdata-col-id[39m=[32
m"department"[39m
                
[33mstyle[39m=[32m"width: 150px;"[39m
              [36m>[39m
                [0mFinance[0m
              [36m</td>[39m
              [36m<td[39m
                
[33mdata-col-id[39m=[32m"role"[39m
              [36m>[39m
                [36m<span[39m
                  
[33mclass[39m=[32m"rowakit-badge 
rowakit-badge-purple"[39m
                [36m>[39m
                  [0mAdmin[0m
                [36m</span>[39m
              [36m</td>[39m
              [36m<td[39m
                
[33mdata-col-id[39m=[32m"active"[39m
              [36m>[39m
                [0mYes[0m
              [36m</td>[39m
              [36m<td[39m
                
[33mdata-col-id[39m=[32m"joinedAt"[39m
                
[33mstyle[39m=[32m"width: 150px;"[39m
              [36m>[39m
                [0m4/1/2019[0m
              ...

Ignored nodes: comments, script, style
[36m<html>[39m
  [36m<head />[39m
  [36m<body>[39m
    [36m<div>[39m
      [36m<div[39m
        [33mdata-testid[39m=[32m"histor
y-test"[39m
      [36m>[39m
        [36m<div[39m
          
[33mclass[39m=[32m"rowakit-table"[39m
        [36m>[39m
          [36m<table>[39m
            [36m<thead>[39m
              [36m<tr>[39m
                [36m<th[39m
                  
[33mdata-col-id[39m=[32m"name"[39m
                  
[33mrole[39m=[32m"button"[39m
                  
[33mstyle[39m=[32m"width: 200px;"[39m
                  
[33mtabindex[39m=[32m"0"[39m
                [36m>[39m
                  [0mName[0m
                [36m</th>[39m
                [36m<th[39m
                  
[33mdata-col-id[39m=[32m"email"[39m
                  
[33mrole[39m=[32m"button"[39m
                  
[33mstyle[39m=[32m"width: 250px;"[39m
                  
[33mtabindex[39m=[32m"0"[39m
                [36m>[39m
                  [0mEmail[0m
                [36m</th>[39m
                [36m<th[39m
                  
[33mdata-col-id[39m=[32m"age"[39m
                  
[33mrole[39m=[32m"button"[39m
                  
[33mstyle[39m=[32m"width: 100px;"[39m
                  
[33mtabindex[39m=[32m"0"[39m
                [36m>[39m
                  [0mAge[0m
                [36m</th>[39m
                [36m<th[39m
                  
[33mdata-col-id[39m=[32m"salary"[39m
                  
[33mrole[39m=[32m"button"[39m
                  
[33mstyle[39m=[32m"width: 150px;"[39m
                  
[33mtabindex[39m=[32m"0"[39m
                [36m>[39m
                  [0mSalary[0m
                [36m</th>[39m
                [36m<th[39m
                  [33mdata-col-id[39m=[
32m"department"[39m
                  
[33mrole[39m=[32m"button"[39m
                  
[33mstyle[39m=[32m"width: 150px;"[39m
                  
[33mtabindex[39m=[32m"0"[39m
                [36m>[39m
                  [0mDepartment[0m
                [36m</th>[39m
                [36m<th[39m
                  
[33mdata-col-id[39m=[32m"role"[39m
                [36m>[39m
                  [0mRole[0m
                [36m</th>[39m
                [36m<th[39m
                  
[33mdata-col-id[39m=[32m"active"[39m
                  
[33mrole[39m=[32m"button"[39m
                  
[33mtabindex[39m=[32m"0"[39m
                [36m>[39m
                  [0mActive[0m
                [36m</th>[39m
                [36m<th[39m
                  
[33mdata-col-id[39m=[32m"joinedAt"[39m
                  
[33mrole[39m=[32m"button"[39m
                  
[33mstyle[39m=[32m"width: 150px;"[39m
                  
[33mtabindex[39m=[32m"0"[39m
                [36m>[39m
                  [0mJoined[0m
                [36m</th>[39m
              [36m</tr>[39m
            [36m</thead>[39m
            [36m<tbody>[39m
              [36m<tr>[39m
                [36m<td[39m
                  
[33mdata-col-id[39m=[32m"name"[39m
                  
[33mstyle[39m=[32m"width: 200px;"[39m
                [36m>[39m
                  [0mUser 21[0m
                [36m</td>[39m
                [36m<td[39m
                  
[33mdata-col-id[39m=[32m"email"[39m
                  
[33mstyle[39m=[32m"width: 250px;"[39m
                [36m>[39m
                  
[0muser21@example.com[0m
                [36m</td>[39m
                [36m<td[39m
                  [33mclass[39m=[32m"ro
wakit-cell-number"[39m
                  
[33mdata-col-id[39m=[32m"age"[39m
                  
[33mstyle[39m=[32m"width: 100px; 
text-align: right;"[39m
                [36m>[39m
                  [0m35[0m
                [36m</td>[39m
                [36m<td[39m
                  [33mclass[39m=[32m"ro
wakit-cell-number"[39m
                  
[33mdata-col-id[39m=[32m"salary"[39m
                  
[33mstyle[39m=[32m"width: 150px; 
text-align: right;"[39m
                [36m>[39m
                  [0m$119,429[0m
                [36m</td>[39m
                [36m<td[39m
                  [33mdata-col-id[39m=[
32m"department"[39m
                  
[33mstyle[39m=[32m"width: 150px;"[39m
                [36m>[39m
                  [0mHR[0m
                [36m</td>[39m
                [36m<td[39m
                  
[33mdata-col-id[39m=[32m"role"[39m
                [36m>[39m
                  [36m<span[39m
                    
[33mclass[39m=[32m"rowakit-badge 
rowakit-badge-purple"[39m
                  [36m>[39m
                    [0mAdmin[0m
                  [36m</span>[39m
                [36m</td>[39m
                [36m<td[39m
                  
[33mdata-col-id[39m=[32m"active"[39m
                [36m>[39m
                  [0mYes[0m
                [36m</td>[39m
                [36m<td[39m
                  
[33mdata-col-id[39m=[32m"joinedAt"[39m
                  
[33mstyle[39m=[32m"width: 150px;"[39m
                [36m>[39m
                  [0m4/1/2022[0m
                [36m</td>[39m
              [36m</tr>[39m
              [36m<tr>[39m
                [36m<td[39m
                  
[33mdata-col-id[39m=[32m"name"[39m
                  
[33mstyle[39m=[32m"width: 200px;"[39m
                [36m>[39m
                  [0mUser 22[0m
                [36m</td>[39m
                [36m<td[39m
                  
[33mdata-col-id[39m=[32m"email"[39m
                  
[33mstyle[39m=[32m"width: 250px;"[39m
                [36m>[39m
                  
[0muser22@example.com[0m
                [36m</td>[39m
                [36m<td[39m
                  [33mclass[39m=[32m"ro
wakit-cell-number"[39m
                  
[33mdata-col-id[39m=[32m"age"[39m
                  
[33mstyle[39m=[32m"width: 100px; 
text-align: right;"[39m
                [36m>[39m
                  [0m47[0m
                [36m</td>[39m
                [36m<td[39m
                  [33mclass[39m=[32m"ro
wakit-cell-number"[39m
                  
[33mdata-col-id[39m=[32m"salary"[39m
                  
[33mstyle[39m=[32m"width: 150px; 
text-align: right;"[39m
                [36m>[39m
                  [0m$133,143[0m
                [36m</td>[39m
                [36m<td[39m
                  [33mdata-col-id[39m=[
32m"department"[39m
                  
[33mstyle[39m=[32m"width: 150px;"[39m
                [36m>[39m
                  [0mFinance[0m
                [36m</td>[39m
                [36m<td[39m
                  
[33mdata-col-id[39m=[32m"role"[39m
                [36m>[39m
                  [36m<span[39m
                    
[33mclass[39m=[32m"rowakit-badge 
rowakit-badge-purple"[39m
                  [36m>[39m
                    [0mAdmin[0m
                  [36m</span>[39m
                [36m</td>[39m
         ...
[90m [2mΓ¥»[22m Proxy.waitForWrapper no
de_modules/.pnpm/@testing-library+dom@9.3.
4/node_modules/@testing-library/dom/dist/w
ait-for.js:[2m163:27[22m[39m
[36m [2mΓ¥»[22m packages/demo/src/harne
ss/ui/scenarios.urlsync.test.tsx:[2m157:1
3[22m[39m
    [90m155| [39m
    [90m156| [39m      [90m// Verify 
back to page 1[39m
    [90m157| [39m      [35mawait[39m 
[34mwaitFor[39m(() [33m=>[39m {
    [90m   | [39m            [31m^[39m
    [90m158| [39m        [34mexpect[39
m(screen[33m.[39m[34mgetByText[39m([3
6m/page 1/i[39m))[33m.[39m[34mtoBeInTh
eDocument[39m()[33m;[39m
    [90m159| [39m      }[33m,[39m { 
timeout[33m:[39m [34m3000[39m 
})[33m;[39m

[31m[2mΓÄ»ΓÄ»ΓÄ»ΓÄ»ΓÄ»ΓÄ»ΓÄ»ΓÄ»ΓÄ»ΓÄ»ΓÄ»
ΓÄ»ΓÄ»ΓÄ»ΓÄ»ΓÄ»ΓÄ»ΓÄ»ΓÄ»ΓÄ»ΓÄ»ΓÄ»ΓÄ»ΓÄ»[2/
6]ΓÄ»[22m[39m

[31m[1m[7m FAIL [27m[22m[39m package
s/demo/src/harness/ui/scenarios.workflow.t
est.tsx[2m > [22mWorkflow Scenarios (UI 
Level)[2m > [22mRow Selection[2m > 
[22mshould reset selection on page change
[31m[1mTestingLibraryElementError[22m[
39m: Unable to find an element with the 
text: /1 selected/i. This could be 
because the text is broken up by multiple 
elements. In this case, you can provide a 
function for your text matcher to make 
your matcher more flexible.

Ignored nodes: comments, script, style
[36m<body>[39m
  [36m<div>[39m
    [36m<div[39m
      [33mdata-testid[39m=[32m"selectio
n-test"[39m
    [36m>[39m
      [36m<div[39m
        
[33mclass[39m=[32m"rowakit-table"[39m
      [36m>[39m
        [36m<table>[39m
          [36m<thead>[39m
            [36m<tr>[39m
              [36m<th>[39m
                [36m<input[39m
                  
[33maria-label[39m=[32m"Select all 
rows"[39m
                  
[33mtype[39m=[32m"checkbox"[39m
                [36m/>[39m
              [36m</th>[39m
              [36m<th[39m
                
[33mdata-col-id[39m=[32m"name"[39m
                
[33mrole[39m=[32m"button"[39m
                
[33mstyle[39m=[32m"width: 200px;"[39m
                
[33mtabindex[39m=[32m"0"[39m
              [36m>[39m
                [0mName[0m
              [36m</th>[39m
              [36m<th[39m
                
[33mdata-col-id[39m=[32m"email"[39m
                
[33mrole[39m=[32m"button"[39m
                
[33mstyle[39m=[32m"width: 250px;"[39m
                
[33mtabindex[39m=[32m"0"[39m
              [36m>[39m
                [0mEmail[0m
              [36m</th>[39m
              [36m<th[39m
                
[33mdata-col-id[39m=[32m"age"[39m
                
[33mrole[39m=[32m"button"[39m
                
[33mstyle[39m=[32m"width: 100px;"[39m
                
[33mtabindex[39m=[32m"0"[39m
              [36m>[39m
                [0mAge[0m
              [36m</th>[39m
              [36m<th[39m
                
[33mdata-col-id[39m=[32m"salary"[39m
                
[33mrole[39m=[32m"button"[39m
                
[33mstyle[39m=[32m"width: 150px;"[39m
                
[33mtabindex[39m=[32m"0"[39m
              [36m>[39m
                [0mSalary[0m
              [36m</th>[39m
              [36m<th[39m
                [33mdata-col-id[39m=[32
m"department"[39m
                
[33mrole[39m=[32m"button"[39m
                
[33mstyle[39m=[32m"width: 150px;"[39m
                
[33mtabindex[39m=[32m"0"[39m
              [36m>[39m
                [0mDepartment[0m
              [36m</th>[39m
              [36m<th[39m
                
[33mdata-col-id[39m=[32m"role"[39m
              [36m>[39m
                [0mRole[0m
              [36m</th>[39m
              [36m<th[39m
                
[33mdata-col-id[39m=[32m"active"[39m
                
[33mrole[39m=[32m"button"[39m
                
[33mtabindex[39m=[32m"0"[39m
              [36m>[39m
                [0mActive[0m
              [36m</th>[39m
              [36m<th[39m
                
[33mdata-col-id[39m=[32m"joinedAt"[39m
                
[33mrole[39m=[32m"button"[39m
                
[33mstyle[39m=[32m"width: 150px;"[39m
                
[33mtabindex[39m=[32m"0"[39m
              [36m>[39m
                [0mJoined[0m
              [36m</th>[39m
            [36m</tr>[39m
          [36m</thead>[39m
          [36m<tbody>[39m
            [36m<tr>[39m
              [36m<td>[39m
                [36m<input[39m
                  
[33maria-label[39m=[32m"Select row 
user-1"[39m
                  
[33mtype[39m=[32m"checkbox"[39m
                [36m/>[39m
              [36m</td>[39m
              [36m<td[39m
                
[33mdata-col-id[39m=[32m"name"[39m
                
[33mstyle[39m=[32m"width: 200px;"[39m
              [36m>[39m
                [0mUser 1[0m
              [36m</td>[39m
              [36m<td[39m
                
[33mdata-col-id[39m=[32m"email"[39m
                
[33mstyle[39m=[32m"width: 250px;"[39m
              [36m>[39m
                [0muser1@example.com[0m
              [36m</td>[39m
              [36m<td[39m
                [33mclass[39m=[32m"rowa
kit-cell-number"[39m
                
[33mdata-col-id[39m=[32m"age"[39m
                
[33mstyle[39m=[32m"width: 100px; 
text-align: right;"[39m
              [36m>[39m
                [0m64[0m
              [36m</td>[39m
              [36m<td[39m
                [33mclass[39m=[32m"rowa
kit-cell-number"[39m
                
[33mdata-col-id[39m=[32m"salary"[39m
                
[33mstyle[39m=[32m"width: 150px; 
text-align: right;"[39m
              [36m>[39m
                [0m$122,382[0m
              [36m</td>[39m
              [36m<td[39m
                [33mdata-col-id[39m=[32
m"department"[39m
                
[33mstyle[39m=[32m"width: 150px;"[39m
              [36m>[39m
                [0mFinance[0m
              [36m</td>[39m
              [36m<td[39m
                
[33mdata-col-id[39m=[32m"role"[39m
              [36m>[39m
                [36m<span[39m
                  
[33mclass[39m=[32m"rowakit-badge 
rowakit-badge-gray"[39m
                [36m>[39m
                  [0mGuest[0m
                [36m</span>[39m
              [36m</td>[39m
              [36m<td[39m
                
[33mdata-col-id[39m=[32m"active"[39m
              [36m>[39m
                [0mYes[0m
              [36m</td>[39m
              [36m<td[39m
                
[33mdata-col-id[39m=[32m"joinedAt"[39m
                
[33mstyle[39m=[32m"width: 150px;"[39m
              [36m>[39m
                [0m8/1/2023[0m
              [36m</td>[39m
            [36m</tr>[39m
            [36m<tr>[39m
              [36m<td>[39m
                [36m<input[39m
                  
[33maria-label[39m=[32m"Select row 
user-2"[39m
                  
[33mtype[39m=[32m"checkbox"[39m
                [36m/>[39m
              [36m</td>[39m
              [36m<td[39m
                
[33mdata-col-id[39m=[32m"name"[39m
                
[33mstyle[39m=[32m"width: 200px;"[39m
              [36m>[39m
                [0mUser 2[0m
              [36m</td>[39m
              [36m<td[39m
                
[33mdata-col-id[39m=[32m"email"[39m
                
[33mstyle[39m=[32m"width: 250px;"[39m
              [36m>[39m
                [0muser2@example.com[0m
              [36m</td>[39m
              [36m<td[39m
                [33mclass[39m=[32m"rowa
kit-cell-number"[39m
                
[33mdata-col-id[39m=[32m"age"[39m
                
[33mstyle[39m=[32m"width: 100px; 
text-align: right;"[39m
              [36m>[39m
                [0m56[0m
              [36m</td>[39m
              [36m<td[39m
                [33mclass[39m=[32m"rowa
kit-cell-number"[39m
                
[33mdata-col-id[39m=[32m"salary"[39m
                
[33mstyle[39m=[32m"width: 150px; 
text-align: right;"[39m
              [36m>[39m
                [0m$115,231[0m
              [36m</td>[39m
              [36m<td[39m
                [33mdata-col-id[39m=[32
m"department"[39m
                
[33mstyle[39m=[32m"width: 150px;"[39m
              [36m>[39m
                [0mEngineering[0m
              [36m</td>[39...

Ignored nodes: comments, script, style
[36m<html>[39m
  [36m<head />[39m
  [36m<body>[39m
    [36m<div>[39m
      [36m<div[39m
        [33mdata-testid[39m=[32m"select
ion-test"[39m
      [36m>[39m
        [36m<div[39m
          
[33mclass[39m=[32m"rowakit-table"[39m
        [36m>[39m
          [36m<table>[39m
            [36m<thead>[39m
              [36m<tr>[39m
                [36m<th>[39m
                  [36m<input[39m
                    
[33maria-label[39m=[32m"Select all 
rows"[39m
                    
[33mtype[39m=[32m"checkbox"[39m
                  [36m/>[39m
                [36m</th>[39m
                [36m<th[39m
                  
[33mdata-col-id[39m=[32m"name"[39m
                  
[33mrole[39m=[32m"button"[39m
                  
[33mstyle[39m=[32m"width: 200px;"[39m
                  
[33mtabindex[39m=[32m"0"[39m
                [36m>[39m
                  [0mName[0m
                [36m</th>[39m
                [36m<th[39m
                  
[33mdata-col-id[39m=[32m"email"[39m
                  
[33mrole[39m=[32m"button"[39m
                  
[33mstyle[39m=[32m"width: 250px;"[39m
                  
[33mtabindex[39m=[32m"0"[39m
                [36m>[39m
                  [0mEmail[0m
                [36m</th>[39m
                [36m<th[39m
                  
[33mdata-col-id[39m=[32m"age"[39m
                  
[33mrole[39m=[32m"button"[39m
                  
[33mstyle[39m=[32m"width: 100px;"[39m
                  
[33mtabindex[39m=[32m"0"[39m
                [36m>[39m
                  [0mAge[0m
                [36m</th>[39m
                [36m<th[39m
                  
[33mdata-col-id[39m=[32m"salary"[39m
                  
[33mrole[39m=[32m"button"[39m
                  
[33mstyle[39m=[32m"width: 150px;"[39m
                  
[33mtabindex[39m=[32m"0"[39m
                [36m>[39m
                  [0mSalary[0m
                [36m</th>[39m
                [36m<th[39m
                  [33mdata-col-id[39m=[
32m"department"[39m
                  
[33mrole[39m=[32m"button"[39m
                  
[33mstyle[39m=[32m"width: 150px;"[39m
                  
[33mtabindex[39m=[32m"0"[39m
                [36m>[39m
                  [0mDepartment[0m
                [36m</th>[39m
                [36m<th[39m
                  
[33mdata-col-id[39m=[32m"role"[39m
                [36m>[39m
                  [0mRole[0m
                [36m</th>[39m
                [36m<th[39m
                  
[33mdata-col-id[39m=[32m"active"[39m
                  
[33mrole[39m=[32m"button"[39m
                  
[33mtabindex[39m=[32m"0"[39m
                [36m>[39m
                  [0mActive[0m
                [36m</th>[39m
                [36m<th[39m
                  
[33mdata-col-id[39m=[32m"joinedAt"[39m
                  
[33mrole[39m=[32m"button"[39m
                  
[33mstyle[39m=[32m"width: 150px;"[39m
                  
[33mtabindex[39m=[32m"0"[39m
                [36m>[39m
                  [0mJoined[0m
                [36m</th>[39m
              [36m</tr>[39m
            [36m</thead>[39m
            [36m<tbody>[39m
              [36m<tr>[39m
                [36m<td>[39m
                  [36m<input[39m
                    
[33maria-label[39m=[32m"Select row 
user-1"[39m
                    
[33mtype[39m=[32m"checkbox"[39m
                  [36m/>[39m
                [36m</td>[39m
                [36m<td[39m
                  
[33mdata-col-id[39m=[32m"name"[39m
                  
[33mstyle[39m=[32m"width: 200px;"[39m
                [36m>[39m
                  [0mUser 1[0m
                [36m</td>[39m
                [36m<td[39m
                  
[33mdata-col-id[39m=[32m"email"[39m
                  
[33mstyle[39m=[32m"width: 250px;"[39m
                [36m>[39m
                  
[0muser1@example.com[0m
                [36m</td>[39m
                [36m<td[39m
                  [33mclass[39m=[32m"ro
wakit-cell-number"[39m
                  
[33mdata-col-id[39m=[32m"age"[39m
                  
[33mstyle[39m=[32m"width: 100px; 
text-align: right;"[39m
                [36m>[39m
                  [0m64[0m
                [36m</td>[39m
                [36m<td[39m
                  [33mclass[39m=[32m"ro
wakit-cell-number"[39m
                  
[33mdata-col-id[39m=[32m"salary"[39m
                  
[33mstyle[39m=[32m"width: 150px; 
text-align: right;"[39m
                [36m>[39m
                  [0m$122,382[0m
                [36m</td>[39m
                [36m<td[39m
                  [33mdata-col-id[39m=[
32m"department"[39m
                  
[33mstyle[39m=[32m"width: 150px;"[39m
                [36m>[39m
                  [0mFinance[0m
                [36m</td>[39m
                [36m<td[39m
                  
[33mdata-col-id[39m=[32m"role"[39m
                [36m>[39m
                  [36m<span[39m
                    
[33mclass[39m=[32m"rowakit-badge 
rowakit-badge-gray"[39m
                  [36m>[39m
                    [0mGuest[0m
                  [36m</span>[39m
                [36m</td>[39m
                [36m<td[39m
                  
[33mdata-col-id[39m=[32m"active"[39m
                [36m>[39m
                  [0mYes[0m
                [36m</td>[39m
                [36m<td[39m
                  
[33mdata-col-id[39m=[32m"joinedAt"[39m
                  
[33mstyle[39m=[32m"width: 150px;"[39m
                [36m>[39m
                  [0m8/1/2023[0m
                [36m</td>[39m
              [36m</tr>[39m
              [36m<tr>[39m
                [36m<td>[39m
                  [36m<input[39m
                    
[33maria-label[39m=[32m"Select row 
user-2"[39m
                    
[33mtype[39m=[32m"checkbox"[39m
                  [36m/>[39m
                [36m</td>[39m
                [36m<td[39m
                  
[33mdata-col-id[39m=[32m"name"[39m
                  
[33mstyle[39m=[32m"width: 200px;"[39m
                [36m>[39m
                  [0mUser 2[0m
                [36m</td>[39m
                [36m<td[39m
                  
[33mdata-col-id[39m=[32m"email"[39m
                  
[33mstyle[39m=[32m"width: 250px;"[39m
                [36m>[39m
                  
[0muser2@example.com[0m
                [36m</td>[39m
                [36m<td[39m
                  [33mclass[39m=[32m"ro
wakit-cell-number"[39m
                  
[33mdata-col-id[39m=[32m"age"[39m
                  
[33mstyle[39m=[32m"width: 100px; 
text-align: right;"[39m
                [36m>[39m
                  [0m56[0m
                [36m</td>[39m
                [36m<td[39m
                  [33mclass[39m=[32m"ro
wakit-cell-number"[39m
                  
[33mdata-col-id[39m=[32m"salary"[39m
                  [33mstyl...
[90m [2mΓ¥»[22m Proxy.waitForWrapper no
de_modules/.pnpm/@testing-library+dom@9.3.
4/node_modules/@testing-library/dom/dist/w
ait-for.js:[2m163:27[22m[39m
[36m [2mΓ¥»[22m packages/demo/src/harne
ss/ui/scenarios.workflow.test.tsx:[2m136:
13[22m[39m
    [90m134| [39m      [35mawait[39m u
ser[33m.[39m[34mclick[39m(checkboxes[
[34m1[39m])[33m;[39m
    [90m135| [39m      
    [90m136| [39m      [35mawait[39m 
[34mwaitFor[39m(() [33m=>[39m {
    [90m   | [39m            [31m^[39m
    [90m137| [39m        [34mexpect[39
m(screen[33m.[39m[34mgetByText[39m([3
6m/1 selected/i[39m))[33m.[39m[34mtoBe
InTheDocument[39m()[33m;[39m
    [90m138| [39m      }[33m,[39m { 
timeout[33m:[39m [34m3000[39m 
})[33m;[39m

[31m[2mΓÄ»ΓÄ»ΓÄ»ΓÄ»ΓÄ»ΓÄ»ΓÄ»ΓÄ»ΓÄ»ΓÄ»ΓÄ»
ΓÄ»ΓÄ»ΓÄ»ΓÄ»ΓÄ»ΓÄ»ΓÄ»ΓÄ»ΓÄ»ΓÄ»ΓÄ»ΓÄ»ΓÄ»[3/
6]ΓÄ»[22m[39m

[31m[1m[7m FAIL [27m[22m[39m package
s/demo/src/harness/ui/scenarios.workflow.t
est.tsx[2m > [22mWorkflow Scenarios (UI 
Level)[2m > [22mBulk Actions[2m > 
[22mshould call bulk action with 
selected keys
[31m[1mTestingLibraryElementError[22m[
39m: Unable to find an element with the 
text: /2 selected/i. This could be 
because the text is broken up by multiple 
elements. In this case, you can provide a 
function for your text matcher to make 
your matcher more flexible.

Ignored nodes: comments, script, style
[36m<body>[39m
  [36m<div>[39m
    [36m<div[39m
      [33mdata-testid[39m=[32m"bulk-act
ion-test"[39m
    [36m>[39m
      [36m<div[39m
        
[33mclass[39m=[32m"rowakit-table"[39m
      [36m>[39m
        [36m<table>[39m
          [36m<thead>[39m
            [36m<tr>[39m
              [36m<th>[39m
                [36m<input[39m
                  
[33maria-label[39m=[32m"Select all 
rows"[39m
                  
[33mtype[39m=[32m"checkbox"[39m
                [36m/>[39m
              [36m</th>[39m
              [36m<th[39m
                
[33mdata-col-id[39m=[32m"name"[39m
                
[33mrole[39m=[32m"button"[39m
                
[33mstyle[39m=[32m"width: 200px;"[39m
                
[33mtabindex[39m=[32m"0"[39m
              [36m>[39m
                [0mName[0m
              [36m</th>[39m
              [36m<th[39m
                
[33mdata-col-id[39m=[32m"email"[39m
                
[33mrole[39m=[32m"button"[39m
                
[33mstyle[39m=[32m"width: 250px;"[39m
                
[33mtabindex[39m=[32m"0"[39m
              [36m>[39m
                [0mEmail[0m
              [36m</th>[39m
              [36m<th[39m
                
[33mdata-col-id[39m=[32m"age"[39m
                
[33mrole[39m=[32m"button"[39m
                
[33mstyle[39m=[32m"width: 100px;"[39m
                
[33mtabindex[39m=[32m"0"[39m
              [36m>[39m
                [0mAge[0m
              [36m</th>[39m
              [36m<th[39m
                
[33mdata-col-id[39m=[32m"salary"[39m
                
[33mrole[39m=[32m"button"[39m
                
[33mstyle[39m=[32m"width: 150px;"[39m
                
[33mtabindex[39m=[32m"0"[39m
              [36m>[39m
                [0mSalary[0m
              [36m</th>[39m
              [36m<th[39m
                [33mdata-col-id[39m=[32
m"department"[39m
                
[33mrole[39m=[32m"button"[39m
                
[33mstyle[39m=[32m"width: 150px;"[39m
                
[33mtabindex[39m=[32m"0"[39m
              [36m>[39m
                [0mDepartment[0m
              [36m</th>[39m
              [36m<th[39m
                
[33mdata-col-id[39m=[32m"role"[39m
              [36m>[39m
                [0mRole[0m
              [36m</th>[39m
              [36m<th[39m
                
[33mdata-col-id[39m=[32m"active"[39m
                
[33mrole[39m=[32m"button"[39m
                
[33mtabindex[39m=[32m"0"[39m
              [36m>[39m
                [0mActive[0m
              [36m</th>[39m
              [36m<th[39m
                
[33mdata-col-id[39m=[32m"joinedAt"[39m
                
[33mrole[39m=[32m"button"[39m
                
[33mstyle[39m=[32m"width: 150px;"[39m
                
[33mtabindex[39m=[32m"0"[39m
              [36m>[39m
                [0mJoined[0m
              [36m</th>[39m
            [36m</tr>[39m
          [36m</thead>[39m
          [36m<tbody>[39m
            [36m<tr>[39m
              [36m<td>[39m
                [36m<input[39m
                  
[33maria-label[39m=[32m"Select row 
user-1"[39m
                  
[33mtype[39m=[32m"checkbox"[39m
                [36m/>[39m
              [36m</td>[39m
              [36m<td[39m
                
[33mdata-col-id[39m=[32m"name"[39m
                
[33mstyle[39m=[32m"width: 200px;"[39m
              [36m>[39m
                [0mUser 1[0m
              [36m</td>[39m
              [36m<td[39m
                
[33mdata-col-id[39m=[32m"email"[39m
                
[33mstyle[39m=[32m"width: 250px;"[39m
              [36m>[39m
                [0muser1@example.com[0m
              [36m</td>[39m
              [36m<td[39m
                [33mclass[39m=[32m"rowa
kit-cell-number"[39m
                
[33mdata-col-id[39m=[32m"age"[39m
                
[33mstyle[39m=[32m"width: 100px; 
text-align: right;"[39m
              [36m>[39m
                [0m64[0m
              [36m</td>[39m
              [36m<td[39m
                [33mclass[39m=[32m"rowa
kit-cell-number"[39m
                
[33mdata-col-id[39m=[32m"salary"[39m
                
[33mstyle[39m=[32m"width: 150px; 
text-align: right;"[39m
              [36m>[39m
                [0m$122,382[0m
              [36m</td>[39m
              [36m<td[39m
                [33mdata-col-id[39m=[32
m"department"[39m
                
[33mstyle[39m=[32m"width: 150px;"[39m
              [36m>[39m
                [0mFinance[0m
              [36m</td>[39m
              [36m<td[39m
                
[33mdata-col-id[39m=[32m"role"[39m
              [36m>[39m
                [36m<span[39m
                  
[33mclass[39m=[32m"rowakit-badge 
rowakit-badge-gray"[39m
                [36m>[39m
                  [0mGuest[0m
                [36m</span>[39m
              [36m</td>[39m
              [36m<td[39m
                
[33mdata-col-id[39m=[32m"active"[39m
              [36m>[39m
                [0mYes[0m
              [36m</td>[39m
              [36m<td[39m
                
[33mdata-col-id[39m=[32m"joinedAt"[39m
                
[33mstyle[39m=[32m"width: 150px;"[39m
              [36m>[39m
                [0m8/1/2023[0m
              [36m</td>[39m
            [36m</tr>[39m
            [36m<tr>[39m
              [36m<td>[39m
                [36m<input[39m
                  
[33maria-label[39m=[32m"Select row 
user-2"[39m
                  
[33mtype[39m=[32m"checkbox"[39m
                [36m/>[39m
              [36m</td>[39m
              [36m<td[39m
                
[33mdata-col-id[39m=[32m"name"[39m
                
[33mstyle[39m=[32m"width: 200px;"[39m
              [36m>[39m
                [0mUser 2[0m
              [36m</td>[39m
              [36m<td[39m
                
[33mdata-col-id[39m=[32m"email"[39m
                
[33mstyle[39m=[32m"width: 250px;"[39m
              [36m>[39m
                [0muser2@example.com[0m
              [36m</td>[39m
              [36m<td[39m
                [33mclass[39m=[32m"rowa
kit-cell-number"[39m
                
[33mdata-col-id[39m=[32m"age"[39m
                
[33mstyle[39m=[32m"width: 100px; 
text-align: right;"[39m
              [36m>[39m
                [0m56[0m
              [36m</td>[39m
              [36m<td[39m
                [33mclass[39m=[32m"rowa
kit-cell-number"[39m
                
[33mdata-col-id[39m=[32m"salary"[39m
                
[33mstyle[39m=[32m"width: 150px; 
text-align: right;"[39m
              [36m>[39m
                [0m$115,231[0m
              [36m</td>[39m
              [36m<td[39m
                [33mdata-col-id[39m=[32
m"department"[39m
                
[33mstyle[39m=[32m"width: 150px;"[39m
              [36m>[39m
                [0mEngineering[0m
              [36m</td>[...

Ignored nodes: comments, script, style
[36m<html>[39m
  [36m<head />[39m
  [36m<body>[39m
    [36m<div>[39m
      [36m<div[39m
        [33mdata-testid[39m=[32m"bulk-a
ction-test"[39m
      [36m>[39m
        [36m<div[39m
          
[33mclass[39m=[32m"rowakit-table"[39m
        [36m>[39m
          [36m<table>[39m
            [36m<thead>[39m
              [36m<tr>[39m
                [36m<th>[39m
                  [36m<input[39m
                    
[33maria-label[39m=[32m"Select all 
rows"[39m
                    
[33mtype[39m=[32m"checkbox"[39m
                  [36m/>[39m
                [36m</th>[39m
                [36m<th[39m
                  
[33mdata-col-id[39m=[32m"name"[39m
                  
[33mrole[39m=[32m"button"[39m
                  
[33mstyle[39m=[32m"width: 200px;"[39m
                  
[33mtabindex[39m=[32m"0"[39m
                [36m>[39m
                  [0mName[0m
                [36m</th>[39m
                [36m<th[39m
                  
[33mdata-col-id[39m=[32m"email"[39m
                  
[33mrole[39m=[32m"button"[39m
                  
[33mstyle[39m=[32m"width: 250px;"[39m
                  
[33mtabindex[39m=[32m"0"[39m
                [36m>[39m
                  [0mEmail[0m
                [36m</th>[39m
                [36m<th[39m
                  
[33mdata-col-id[39m=[32m"age"[39m
                  
[33mrole[39m=[32m"button"[39m
                  
[33mstyle[39m=[32m"width: 100px;"[39m
                  
[33mtabindex[39m=[32m"0"[39m
                [36m>[39m
                  [0mAge[0m
                [36m</th>[39m
                [36m<th[39m
                  
[33mdata-col-id[39m=[32m"salary"[39m
                  
[33mrole[39m=[32m"button"[39m
                  
[33mstyle[39m=[32m"width: 150px;"[39m
                  
[33mtabindex[39m=[32m"0"[39m
                [36m>[39m
                  [0mSalary[0m
                [36m</th>[39m
                [36m<th[39m
                  [33mdata-col-id[39m=[
32m"department"[39m
                  
[33mrole[39m=[32m"button"[39m
                  
[33mstyle[39m=[32m"width: 150px;"[39m
                  
[33mtabindex[39m=[32m"0"[39m
                [36m>[39m
                  [0mDepartment[0m
                [36m</th>[39m
                [36m<th[39m
                  
[33mdata-col-id[39m=[32m"role"[39m
                [36m>[39m
                  [0mRole[0m
                [36m</th>[39m
                [36m<th[39m
                  
[33mdata-col-id[39m=[32m"active"[39m
                  
[33mrole[39m=[32m"button"[39m
                  
[33mtabindex[39m=[32m"0"[39m
                [36m>[39m
                  [0mActive[0m
                [36m</th>[39m
                [36m<th[39m
                  
[33mdata-col-id[39m=[32m"joinedAt"[39m
                  
[33mrole[39m=[32m"button"[39m
                  
[33mstyle[39m=[32m"width: 150px;"[39m
                  
[33mtabindex[39m=[32m"0"[39m
                [36m>[39m
                  [0mJoined[0m
                [36m</th>[39m
              [36m</tr>[39m
            [36m</thead>[39m
            [36m<tbody>[39m
              [36m<tr>[39m
                [36m<td>[39m
                  [36m<input[39m
                    
[33maria-label[39m=[32m"Select row 
user-1"[39m
                    
[33mtype[39m=[32m"checkbox"[39m
                  [36m/>[39m
                [36m</td>[39m
                [36m<td[39m
                  
[33mdata-col-id[39m=[32m"name"[39m
                  
[33mstyle[39m=[32m"width: 200px;"[39m
                [36m>[39m
                  [0mUser 1[0m
                [36m</td>[39m
                [36m<td[39m
                  
[33mdata-col-id[39m=[32m"email"[39m
                  
[33mstyle[39m=[32m"width: 250px;"[39m
                [36m>[39m
                  
[0muser1@example.com[0m
                [36m</td>[39m
                [36m<td[39m
                  [33mclass[39m=[32m"ro
wakit-cell-number"[39m
                  
[33mdata-col-id[39m=[32m"age"[39m
                  
[33mstyle[39m=[32m"width: 100px; 
text-align: right;"[39m
                [36m>[39m
                  [0m64[0m
                [36m</td>[39m
                [36m<td[39m
                  [33mclass[39m=[32m"ro
wakit-cell-number"[39m
                  
[33mdata-col-id[39m=[32m"salary"[39m
                  
[33mstyle[39m=[32m"width: 150px; 
text-align: right;"[39m
                [36m>[39m
                  [0m$122,382[0m
                [36m</td>[39m
                [36m<td[39m
                  [33mdata-col-id[39m=[
32m"department"[39m
                  
[33mstyle[39m=[32m"width: 150px;"[39m
                [36m>[39m
                  [0mFinance[0m
                [36m</td>[39m
                [36m<td[39m
                  
[33mdata-col-id[39m=[32m"role"[39m
                [36m>[39m
                  [36m<span[39m
                    
[33mclass[39m=[32m"rowakit-badge 
rowakit-badge-gray"[39m
                  [36m>[39m
                    [0mGuest[0m
                  [36m</span>[39m
                [36m</td>[39m
                [36m<td[39m
                  
[33mdata-col-id[39m=[32m"active"[39m
                [36m>[39m
                  [0mYes[0m
                [36m</td>[39m
                [36m<td[39m
                  
[33mdata-col-id[39m=[32m"joinedAt"[39m
                  
[33mstyle[39m=[32m"width: 150px;"[39m
                [36m>[39m
                  [0m8/1/2023[0m
                [36m</td>[39m
              [36m</tr>[39m
              [36m<tr>[39m
                [36m<td>[39m
                  [36m<input[39m
                    
[33maria-label[39m=[32m"Select row 
user-2"[39m
                    
[33mtype[39m=[32m"checkbox"[39m
                  [36m/>[39m
                [36m</td>[39m
                [36m<td[39m
                  
[33mdata-col-id[39m=[32m"name"[39m
                  
[33mstyle[39m=[32m"width: 200px;"[39m
                [36m>[39m
                  [0mUser 2[0m
                [36m</td>[39m
                [36m<td[39m
                  
[33mdata-col-id[39m=[32m"email"[39m
                  
[33mstyle[39m=[32m"width: 250px;"[39m
                [36m>[39m
                  
[0muser2@example.com[0m
                [36m</td>[39m
                [36m<td[39m
                  [33mclass[39m=[32m"ro
wakit-cell-number"[39m
                  
[33mdata-col-id[39m=[32m"age"[39m
                  
[33mstyle[39m=[32m"width: 100px; 
text-align: right;"[39m
                [36m>[39m
                  [0m56[0m
                [36m</td>[39m
                [36m<td[39m
                  [33mclass[39m=[32m"ro
wakit-cell-number"[39m
                  
[33mdata-col-id[39m=[32m"salary"[39m
                  [33mst...
[90m [2mΓ¥»[22m Proxy.waitForWrapper no
de_modules/.pnpm/@testing-library+dom@9.3.
4/node_modules/@testing-library/dom/dist/w
ait-for.js:[2m163:27[22m[39m
[36m [2mΓ¥»[22m packages/demo/src/harne
ss/ui/scenarios.workflow.test.tsx:[2m184:
13[22m[39m
    [90m182| [39m      [35mawait[39m u
ser[33m.[39m[34mclick[39m(checkboxes[
[34m2[39m])[33m;[39m
    [90m183| [39m
    [90m184| [39m      [35mawait[39m 
[34mwaitFor[39m(() [33m=>[39m {
    [90m   | [39m            [31m^[39m
    [90m185| [39m        [34mexpect[39
m(screen[33m.[39m[34mgetByText[39m([3
6m/2 selected/i[39m))[33m.[39m[34mtoBe
InTheDocument[39m()[33m;[39m
    [90m186| [39m      }[33m,[39m { 
timeout[33m:[39m [34m3000[39m 
})[33m;[39m

[31m[2mΓÄ»ΓÄ»ΓÄ»ΓÄ»ΓÄ»ΓÄ»ΓÄ»ΓÄ»ΓÄ»ΓÄ»ΓÄ»
ΓÄ»ΓÄ»ΓÄ»ΓÄ»ΓÄ»ΓÄ»ΓÄ»ΓÄ»ΓÄ»ΓÄ»ΓÄ»ΓÄ»ΓÄ»[4/
6]ΓÄ»[22m[39m

[31m[1m[7m FAIL [27m[22m[39m package
s/demo/src/harness/ui/scenarios.workflow.t
est.tsx[2m > [22mWorkflow Scenarios (UI 
Level)[2m > [22mBulk Actions[2m > 
[22mshould show confirmation dialog and 
cancel
[31m[1mTestingLibraryElementError[22m[
39m: Unable to find role="button" and 
name `/delete/i`

Ignored nodes: comments, script, style
[36m<body>[39m
  [36m<div>[39m
    [36m<div[39m
      [33mdata-testid[39m=[32m"bulk-con
firm-test"[39m
    [36m>[39m
      [36m<div[39m
        
[33mclass[39m=[32m"rowakit-table"[39m
      [36m>[39m
        [36m<table>[39m
          [36m<thead>[39m
            [36m<tr>[39m
              [36m<th>[39m
                [36m<input[39m
                  
[33maria-label[39m=[32m"Select all 
rows"[39m
                  
[33mtype[39m=[32m"checkbox"[39m
                [36m/>[39m
              [36m</th>[39m
              [36m<th[39m
                
[33mdata-col-id[39m=[32m"name"[39m
                
[33mrole[39m=[32m"button"[39m
                
[33mstyle[39m=[32m"width: 200px;"[39m
                
[33mtabindex[39m=[32m"0"[39m
              [36m>[39m
                [0mName[0m
              [36m</th>[39m
              [36m<th[39m
                
[33mdata-col-id[39m=[32m"email"[39m
                
[33mrole[39m=[32m"button"[39m
                
[33mstyle[39m=[32m"width: 250px;"[39m
                
[33mtabindex[39m=[32m"0"[39m
              [36m>[39m
                [0mEmail[0m
              [36m</th>[39m
              [36m<th[39m
                
[33mdata-col-id[39m=[32m"age"[39m
                
[33mrole[39m=[32m"button"[39m
                
[33mstyle[39m=[32m"width: 100px;"[39m
                
[33mtabindex[39m=[32m"0"[39m
              [36m>[39m
                [0mAge[0m
              [36m</th>[39m
              [36m<th[39m
                
[33mdata-col-id[39m=[32m"salary"[39m
                
[33mrole[39m=[32m"button"[39m
                
[33mstyle[39m=[32m"width: 150px;"[39m
                
[33mtabindex[39m=[32m"0"[39m
              [36m>[39m
                [0mSalary[0m
              [36m</th>[39m
              [36m<th[39m
                [33mdata-col-id[39m=[32
m"department"[39m
                
[33mrole[39m=[32m"button"[39m
                
[33mstyle[39m=[32m"width: 150px;"[39m
                
[33mtabindex[39m=[32m"0"[39m
              [36m>[39m
                [0mDepartment[0m
              [36m</th>[39m
              [36m<th[39m
                
[33mdata-col-id[39m=[32m"role"[39m
              [36m>[39m
                [0mRole[0m
              [36m</th>[39m
              [36m<th[39m
                
[33mdata-col-id[39m=[32m"active"[39m
                
[33mrole[39m=[32m"button"[39m
                
[33mtabindex[39m=[32m"0"[39m
              [36m>[39m
                [0mActive[0m
              [36m</th>[39m
              [36m<th[39m
                
[33mdata-col-id[39m=[32m"joinedAt"[39m
                
[33mrole[39m=[32m"button"[39m
                
[33mstyle[39m=[32m"width: 150px;"[39m
                
[33mtabindex[39m=[32m"0"[39m
              [36m>[39m
                [0mJoined[0m
              [36m</th>[39m
            [36m</tr>[39m
          [36m</thead>[39m
          [36m<tbody>[39m
            [36m<tr>[39m
              [36m<td>[39m
                [36m<input[39m
                  
[33maria-label[39m=[32m"Select row 
user-1"[39m
                  
[33mtype[39m=[32m"checkbox"[39m
                [36m/>[39m
              [36m</td>[39m
              [36m<td[39m
                
[33mdata-col-id[39m=[32m"name"[39m
                
[33mstyle[39m=[32m"width: 200px;"[39m
              [36m>[39m
                [0mUser 1[0m
              [36m</td>[39m
              [36m<td[39m
                
[33mdata-col-id[39m=[32m"email"[39m
                
[33mstyle[39m=[32m"width: 250px;"[39m
              [36m>[39m
                [0muser1@example.com[0m
              [36m</td>[39m
              [36m<td[39m
                [33mclass[39m=[32m"rowa
kit-cell-number"[39m
                
[33mdata-col-id[39m=[32m"age"[39m
                
[33mstyle[39m=[32m"width: 100px; 
text-align: right;"[39m
              [36m>[39m
                [0m64[0m
              [36m</td>[39m
              [36m<td[39m
                [33mclass[39m=[32m"rowa
kit-cell-number"[39m
                
[33mdata-col-id[39m=[32m"salary"[39m
                
[33mstyle[39m=[32m"width: 150px; 
text-align: right;"[39m
              [36m>[39m
                [0m$122,382[0m
              [36m</td>[39m
              [36m<td[39m
                [33mdata-col-id[39m=[32
m"department"[39m
                
[33mstyle[39m=[32m"width: 150px;"[39m
              [36m>[39m
                [0mFinance[0m
              [36m</td>[39m
              [36m<td[39m
                
[33mdata-col-id[39m=[32m"role"[39m
              [36m>[39m
                [36m<span[39m
                  
[33mclass[39m=[32m"rowakit-badge 
rowakit-badge-gray"[39m
                [36m>[39m
                  [0mGuest[0m
                [36m</span>[39m
              [36m</td>[39m
              [36m<td[39m
                
[33mdata-col-id[39m=[32m"active"[39m
              [36m>[39m
                [0mYes[0m
              [36m</td>[39m
              [36m<td[39m
                
[33mdata-col-id[39m=[32m"joinedAt"[39m
                
[33mstyle[39m=[32m"width: 150px;"[39m
              [36m>[39m
                [0m8/1/2023[0m
              [36m</td>[39m
            [36m</tr>[39m
            [36m<tr>[39m
              [36m<td>[39m
                [36m<input[39m
                  
[33maria-label[39m=[32m"Select row 
user-2"[39m
                  
[33mtype[39m=[32m"checkbox"[39m
                [36m/>[39m
              [36m</td>[39m
              [36m<td[39m
                
[33mdata-col-id[39m=[32m"name"[39m
                
[33mstyle[39m=[32m"width: 200px;"[39m
              [36m>[39m
                [0mUser 2[0m
              [36m</td>[39m
              [36m<td[39m
                
[33mdata-col-id[39m=[32m"email"[39m
                
[33mstyle[39m=[32m"width: 250px;"[39m
              [36m>[39m
                [0muser2@example.com[0m
              [36m</td>[39m
              [36m<td[39m
                [33mclass[39m=[32m"rowa
kit-cell-number"[39m
                
[33mdata-col-id[39m=[32m"age"[39m
                
[33mstyle[39m=[32m"width: 100px; 
text-align: right;"[39m
              [36m>[39m
                [0m56[0m
              [36m</td>[39m
              [36m<td[39m
                [33mclass[39m=[32m"rowa
kit-cell-number"[39m
                
[33mdata-col-id[39m=[32m"salary"[39m
                
[33mstyle[39m=[32m"width: 150px; 
text-align: right;"[39m
              [36m>[39m
                [0m$115,231[0m
              [36m</td>[39m
              [36m<td[39m
                [33mdata-col-id[39m=[32
m"department"[39m
                
[33mstyle[39m=[32m"width: 150px;"[39m
              [36m>[39m
                [0mEngineering[0m
              [36m</td>...

Ignored nodes: comments, script, style
[36m<html>[39m
  [36m<head />[39m
  [36m<body>[39m
    [36m<div>[39m
      [36m<div[39m
        [33mdata-testid[39m=[32m"bulk-c
onfirm-test"[39m
      [36m>[39m
        [36m<div[39m
          
[33mclass[39m=[32m"rowakit-table"[39m
        [36m>[39m
          [36m<table>[39m
            [36m<thead>[39m
              [36m<tr>[39m
                [36m<th>[39m
                  [36m<input[39m
                    
[33maria-label[39m=[32m"Select all 
rows"[39m
                    
[33mtype[39m=[32m"checkbox"[39m
                  [36m/>[39m
                [36m</th>[39m
                [36m<th[39m
                  
[33mdata-col-id[39m=[32m"name"[39m
                  
[33mrole[39m=[32m"button"[39m
                  
[33mstyle[39m=[32m"width: 200px;"[39m
                  
[33mtabindex[39m=[32m"0"[39m
                [36m>[39m
                  [0mName[0m
                [36m</th>[39m
                [36m<th[39m
                  
[33mdata-col-id[39m=[32m"email"[39m
                  
[33mrole[39m=[32m"button"[39m
                  
[33mstyle[39m=[32m"width: 250px;"[39m
                  
[33mtabindex[39m=[32m"0"[39m
                [36m>[39m
                  [0mEmail[0m
                [36m</th>[39m
                [36m<th[39m
                  
[33mdata-col-id[39m=[32m"age"[39m
                  
[33mrole[39m=[32m"button"[39m
                  
[33mstyle[39m=[32m"width: 100px;"[39m
                  
[33mtabindex[39m=[32m"0"[39m
                [36m>[39m
                  [0mAge[0m
                [36m</th>[39m
                [36m<th[39m
                  
[33mdata-col-id[39m=[32m"salary"[39m
                  
[33mrole[39m=[32m"button"[39m
                  
[33mstyle[39m=[32m"width: 150px;"[39m
                  
[33mtabindex[39m=[32m"0"[39m
                [36m>[39m
                  [0mSalary[0m
                [36m</th>[39m
                [36m<th[39m
                  [33mdata-col-id[39m=[
32m"department"[39m
                  
[33mrole[39m=[32m"button"[39m
                  
[33mstyle[39m=[32m"width: 150px;"[39m
                  
[33mtabindex[39m=[32m"0"[39m
                [36m>[39m
                  [0mDepartment[0m
                [36m</th>[39m
                [36m<th[39m
                  
[33mdata-col-id[39m=[32m"role"[39m
                [36m>[39m
                  [0mRole[0m
                [36m</th>[39m
                [36m<th[39m
                  
[33mdata-col-id[39m=[32m"active"[39m
                  
[33mrole[39m=[32m"button"[39m
                  
[33mtabindex[39m=[32m"0"[39m
                [36m>[39m
                  [0mActive[0m
                [36m</th>[39m
                [36m<th[39m
                  
[33mdata-col-id[39m=[32m"joinedAt"[39m
                  
[33mrole[39m=[32m"button"[39m
                  
[33mstyle[39m=[32m"width: 150px;"[39m
                  
[33mtabindex[39m=[32m"0"[39m
                [36m>[39m
                  [0mJoined[0m
                [36m</th>[39m
              [36m</tr>[39m
            [36m</thead>[39m
            [36m<tbody>[39m
              [36m<tr>[39m
                [36m<td>[39m
                  [36m<input[39m
                    
[33maria-label[39m=[32m"Select row 
user-1"[39m
                    
[33mtype[39m=[32m"checkbox"[39m
                  [36m/>[39m
                [36m</td>[39m
                [36m<td[39m
                  
[33mdata-col-id[39m=[32m"name"[39m
                  
[33mstyle[39m=[32m"width: 200px;"[39m
                [36m>[39m
                  [0mUser 1[0m
                [36m</td>[39m
                [36m<td[39m
                  
[33mdata-col-id[39m=[32m"email"[39m
                  
[33mstyle[39m=[32m"width: 250px;"[39m
                [36m>[39m
                  
[0muser1@example.com[0m
                [36m</td>[39m
                [36m<td[39m
                  [33mclass[39m=[32m"ro
wakit-cell-number"[39m
                  
[33mdata-col-id[39m=[32m"age"[39m
                  
[33mstyle[39m=[32m"width: 100px; 
text-align: right;"[39m
                [36m>[39m
                  [0m64[0m
                [36m</td>[39m
                [36m<td[39m
                  [33mclass[39m=[32m"ro
wakit-cell-number"[39m
                  
[33mdata-col-id[39m=[32m"salary"[39m
                  
[33mstyle[39m=[32m"width: 150px; 
text-align: right;"[39m
                [36m>[39m
                  [0m$122,382[0m
                [36m</td>[39m
                [36m<td[39m
                  [33mdata-col-id[39m=[
32m"department"[39m
                  
[33mstyle[39m=[32m"width: 150px;"[39m
                [36m>[39m
                  [0mFinance[0m
                [36m</td>[39m
                [36m<td[39m
                  
[33mdata-col-id[39m=[32m"role"[39m
                [36m>[39m
                  [36m<span[39m
                    
[33mclass[39m=[32m"rowakit-badge 
rowakit-badge-gray"[39m
                  [36m>[39m
                    [0mGuest[0m
                  [36m</span>[39m
                [36m</td>[39m
                [36m<td[39m
                  
[33mdata-col-id[39m=[32m"active"[39m
                [36m>[39m
                  [0mYes[0m
                [36m</td>[39m
                [36m<td[39m
                  
[33mdata-col-id[39m=[32m"joinedAt"[39m
                  
[33mstyle[39m=[32m"width: 150px;"[39m
                [36m>[39m
                  [0m8/1/2023[0m
                [36m</td>[39m
              [36m</tr>[39m
              [36m<tr>[39m
                [36m<td>[39m
                  [36m<input[39m
                    
[33maria-label[39m=[32m"Select row 
user-2"[39m
                    
[33mtype[39m=[32m"checkbox"[39m
                  [36m/>[39m
                [36m</td>[39m
                [36m<td[39m
                  
[33mdata-col-id[39m=[32m"name"[39m
                  
[33mstyle[39m=[32m"width: 200px;"[39m
                [36m>[39m
                  [0mUser 2[0m
                [36m</td>[39m
                [36m<td[39m
                  
[33mdata-col-id[39m=[32m"email"[39m
                  
[33mstyle[39m=[32m"width: 250px;"[39m
                [36m>[39m
                  
[0muser2@example.com[0m
                [36m</td>[39m
                [36m<td[39m
                  [33mclass[39m=[32m"ro
wakit-cell-number"[39m
                  
[33mdata-col-id[39m=[32m"age"[39m
                  
[33mstyle[39m=[32m"width: 100px; 
text-align: right;"[39m
                [36m>[39m
                  [0m56[0m
                [36m</td>[39m
                [36m<td[39m
                  [33mclass[39m=[32m"ro
wakit-cell-number"[39m
                  
[33mdata-col-id[39m=[32m"salary"[39m
                  [33ms...
[90m [2mΓ¥»[22m Proxy.waitForWrapper no
de_modules/.pnpm/@testing-library+dom@9.3.
4/node_modules/@testing-library/dom/dist/w
ait-for.js:[2m163:27[22m[39m
[36m [2mΓ¥»[22m packages/demo/src/harne
ss/ui/scenarios.workflow.test.tsx:[2m235:
13[22m[39m
    [90m233| [39m
    [90m234| [39m      [90m// Wait for 
selection to register[39m
    [90m235| [39m      [35mawait[39m 
[34mwaitFor[39m(() [33m=>[39m {
    [90m   | [39m            [31m^[39m
    [90m236| [39m        [34mexpect[39
m(screen[33m.[39m[34mgetByRole[39m([3
2m'button'[39m[33m,[39m { 
name[33m:[39m [36m/delete/i[39m 
}))[33m.[39m[34mtoBeIn[39mΓÇª
    [90m237| [39m        [34mexpect[39
m(screen[33m.[39m[34mgetByText[39m([3
6m/1 selected/i[39m))[33m.[39m[34mtoBe
InTheDocument[39m()[33m;[39m

[31m[2mΓÄ»ΓÄ»ΓÄ»ΓÄ»ΓÄ»ΓÄ»ΓÄ»ΓÄ»ΓÄ»ΓÄ»ΓÄ»
ΓÄ»ΓÄ»ΓÄ»ΓÄ»ΓÄ»ΓÄ»ΓÄ»ΓÄ»ΓÄ»ΓÄ»ΓÄ»ΓÄ»ΓÄ»[5/
6]ΓÄ»[22m[39m

[31m[1m[7m FAIL [27m[22m[39m package
s/demo/src/harness/ui/scenarios.workflow.t
est.tsx[2m > [22mWorkflow Scenarios (UI 
Level)[2m > [22mBulk Actions[2m > 
[22mshould show confirmation dialog and 
confirm
[31m[1mTestingLibraryElementError[22m[
39m: Unable to find role="button" and 
name `/delete/i`

Ignored nodes: comments, script, style
[36m<body>[39m
  [36m<div>[39m
    [36m<div[39m
      [33mdata-testid[39m=[32m"bulk-con
firm-test"[39m
    [36m>[39m
      [36m<div[39m
        
[33mclass[39m=[32m"rowakit-table"[39m
      [36m>[39m
        [36m<table>[39m
          [36m<thead>[39m
            [36m<tr>[39m
              [36m<th>[39m
                [36m<input[39m
                  
[33maria-label[39m=[32m"Select all 
rows"[39m
                  
[33mtype[39m=[32m"checkbox"[39m
                [36m/>[39m
              [36m</th>[39m
              [36m<th[39m
                
[33mdata-col-id[39m=[32m"name"[39m
                
[33mrole[39m=[32m"button"[39m
                
[33mstyle[39m=[32m"width: 200px;"[39m
                
[33mtabindex[39m=[32m"0"[39m
              [36m>[39m
                [0mName[0m
              [36m</th>[39m
              [36m<th[39m
                
[33mdata-col-id[39m=[32m"email"[39m
                
[33mrole[39m=[32m"button"[39m
                
[33mstyle[39m=[32m"width: 250px;"[39m
                
[33mtabindex[39m=[32m"0"[39m
              [36m>[39m
                [0mEmail[0m
              [36m</th>[39m
              [36m<th[39m
                
[33mdata-col-id[39m=[32m"age"[39m
                
[33mrole[39m=[32m"button"[39m
                
[33mstyle[39m=[32m"width: 100px;"[39m
                
[33mtabindex[39m=[32m"0"[39m
              [36m>[39m
                [0mAge[0m
              [36m</th>[39m
              [36m<th[39m
                
[33mdata-col-id[39m=[32m"salary"[39m
                
[33mrole[39m=[32m"button"[39m
                
[33mstyle[39m=[32m"width: 150px;"[39m
                
[33mtabindex[39m=[32m"0"[39m
              [36m>[39m
                [0mSalary[0m
              [36m</th>[39m
              [36m<th[39m
                [33mdata-col-id[39m=[32
m"department"[39m
                
[33mrole[39m=[32m"button"[39m
                
[33mstyle[39m=[32m"width: 150px;"[39m
                
[33mtabindex[39m=[32m"0"[39m
              [36m>[39m
                [0mDepartment[0m
              [36m</th>[39m
              [36m<th[39m
                
[33mdata-col-id[39m=[32m"role"[39m
              [36m>[39m
                [0mRole[0m
              [36m</th>[39m
              [36m<th[39m
                
[33mdata-col-id[39m=[32m"active"[39m
                
[33mrole[39m=[32m"button"[39m
                
[33mtabindex[39m=[32m"0"[39m
              [36m>[39m
                [0mActive[0m
              [36m</th>[39m
              [36m<th[39m
                
[33mdata-col-id[39m=[32m"joinedAt"[39m
                
[33mrole[39m=[32m"button"[39m
                
[33mstyle[39m=[32m"width: 150px;"[39m
                
[33mtabindex[39m=[32m"0"[39m
              [36m>[39m
                [0mJoined[0m
              [36m</th>[39m
            [36m</tr>[39m
          [36m</thead>[39m
          [36m<tbody>[39m
            [36m<tr>[39m
              [36m<td>[39m
                [36m<input[39m
                  
[33maria-label[39m=[32m"Select row 
user-1"[39m
                  
[33mtype[39m=[32m"checkbox"[39m
                [36m/>[39m
              [36m</td>[39m
              [36m<td[39m
                
[33mdata-col-id[39m=[32m"name"[39m
                
[33mstyle[39m=[32m"width: 200px;"[39m
              [36m>[39m
                [0mUser 1[0m
              [36m</td>[39m
              [36m<td[39m
                
[33mdata-col-id[39m=[32m"email"[39m
                
[33mstyle[39m=[32m"width: 250px;"[39m
              [36m>[39m
                [0muser1@example.com[0m
              [36m</td>[39m
              [36m<td[39m
                [33mclass[39m=[32m"rowa
kit-cell-number"[39m
                
[33mdata-col-id[39m=[32m"age"[39m
                
[33mstyle[39m=[32m"width: 100px; 
text-align: right;"[39m
              [36m>[39m
                [0m64[0m
              [36m</td>[39m
              [36m<td[39m
                [33mclass[39m=[32m"rowa
kit-cell-number"[39m
                
[33mdata-col-id[39m=[32m"salary"[39m
                
[33mstyle[39m=[32m"width: 150px; 
text-align: right;"[39m
              [36m>[39m
                [0m$122,382[0m
              [36m</td>[39m
              [36m<td[39m
                [33mdata-col-id[39m=[32
m"department"[39m
                
[33mstyle[39m=[32m"width: 150px;"[39m
              [36m>[39m
                [0mFinance[0m
              [36m</td>[39m
              [36m<td[39m
                
[33mdata-col-id[39m=[32m"role"[39m
              [36m>[39m
                [36m<span[39m
                  
[33mclass[39m=[32m"rowakit-badge 
rowakit-badge-gray"[39m
                [36m>[39m
                  [0mGuest[0m
                [36m</span>[39m
              [36m</td>[39m
              [36m<td[39m
                
[33mdata-col-id[39m=[32m"active"[39m
              [36m>[39m
                [0mYes[0m
              [36m</td>[39m
              [36m<td[39m
                
[33mdata-col-id[39m=[32m"joinedAt"[39m
                
[33mstyle[39m=[32m"width: 150px;"[39m
              [36m>[39m
                [0m8/1/2023[0m
              [36m</td>[39m
            [36m</tr>[39m
            [36m<tr>[39m
              [36m<td>[39m
                [36m<input[39m
                  
[33maria-label[39m=[32m"Select row 
user-2"[39m
                  
[33mtype[39m=[32m"checkbox"[39m
                [36m/>[39m
              [36m</td>[39m
              [36m<td[39m
                
[33mdata-col-id[39m=[32m"name"[39m
                
[33mstyle[39m=[32m"width: 200px;"[39m
              [36m>[39m
                [0mUser 2[0m
              [36m</td>[39m
              [36m<td[39m
                
[33mdata-col-id[39m=[32m"email"[39m
                
[33mstyle[39m=[32m"width: 250px;"[39m
              [36m>[39m
                [0muser2@example.com[0m
              [36m</td>[39m
              [36m<td[39m
                [33mclass[39m=[32m"rowa
kit-cell-number"[39m
                
[33mdata-col-id[39m=[32m"age"[39m
                
[33mstyle[39m=[32m"width: 100px; 
text-align: right;"[39m
              [36m>[39m
                [0m56[0m
              [36m</td>[39m
              [36m<td[39m
                [33mclass[39m=[32m"rowa
kit-cell-number"[39m
                
[33mdata-col-id[39m=[32m"salary"[39m
                
[33mstyle[39m=[32m"width: 150px; 
text-align: right;"[39m
              [36m>[39m
                [0m$115,231[0m
              [36m</td>[39m
              [36m<td[39m
                [33mdata-col-id[39m=[32
m"department"[39m
                
[33mstyle[39m=[32m"width: 150px;"[39m
              [36m>[39m
                [0mEngineering[0m
              [36m</td>...

Ignored nodes: comments, script, style
[36m<html>[39m
  [36m<head />[39m
  [36m<body>[39m
    [36m<div>[39m
      [36m<div[39m
        [33mdata-testid[39m=[32m"bulk-c
onfirm-test"[39m
      [36m>[39m
        [36m<div[39m
          
[33mclass[39m=[32m"rowakit-table"[39m
        [36m>[39m
          [36m<table>[39m
            [36m<thead>[39m
              [36m<tr>[39m
                [36m<th>[39m
                  [36m<input[39m
                    
[33maria-label[39m=[32m"Select all 
rows"[39m
                    
[33mtype[39m=[32m"checkbox"[39m
                  [36m/>[39m
                [36m</th>[39m
                [36m<th[39m
                  
[33mdata-col-id[39m=[32m"name"[39m
                  
[33mrole[39m=[32m"button"[39m
                  
[33mstyle[39m=[32m"width: 200px;"[39m
                  
[33mtabindex[39m=[32m"0"[39m
                [36m>[39m
                  [0mName[0m
                [36m</th>[39m
                [36m<th[39m
                  
[33mdata-col-id[39m=[32m"email"[39m
                  
[33mrole[39m=[32m"button"[39m
                  
[33mstyle[39m=[32m"width: 250px;"[39m
                  
[33mtabindex[39m=[32m"0"[39m
                [36m>[39m
                  [0mEmail[0m
                [36m</th>[39m
                [36m<th[39m
                  
[33mdata-col-id[39m=[32m"age"[39m
                  
[33mrole[39m=[32m"button"[39m
                  
[33mstyle[39m=[32m"width: 100px;"[39m
                  
[33mtabindex[39m=[32m"0"[39m
                [36m>[39m
                  [0mAge[0m
                [36m</th>[39m
                [36m<th[39m
                  
[33mdata-col-id[39m=[32m"salary"[39m
                  
[33mrole[39m=[32m"button"[39m
                  
[33mstyle[39m=[32m"width: 150px;"[39m
                  
[33mtabindex[39m=[32m"0"[39m
                [36m>[39m
                  [0mSalary[0m
[2m Test Files [22m [1m[31m2 failed[39m[22m[2m | [22m[1m[32m2 passed[39m[22m[90m (4)[39m
                [36m</th>[39m
                [36m<th[39m
                  [33mdata-col-id[39m=[
32m"department"[39m
                  
[33mrole[39m=[32m"button"[39m
                  
[33mstyle[39m=[32m"width: 150px;"[39m
                  
[33mtabindex[39m=[32m"0"[39m
                [36m>[39m
                  [0mDepartment[0m
                [36m</th>[39m
                [36m<th[39m
                  
[33mdata-col-id[39m=[32m"role"[39m
                [36m>[39m
                  [0mRole[0m
                [36m</th>[39m
                [36m<th[39m
                  
[33mdata-col-id[39m=[32m"active"[39m
                  
[33mrole[39m=[32m"button"[39m
                  
[33mtabindex[39m=[32m"0"[39m
                [36m>[39m
                  [0mActive[0m
                [36m</th>[39m
                [36m<th[39m
                  
[33mdata-col-id[39m=[32m"joinedAt"[39m
                  
[33mrole[39m=[32m"button"[39m
                  
[33mstyle[39m=[32m"width: 150px;"[39m
                  
[33mtabindex[39m=[32m"0"[39m
                [36m>[39m
                  [0mJoined[0m
                [36m</th>[39m
              [36m</tr>[39m
            [36m</thead>[39m
[2m      Tests [22m [1m[31m6 failed[39m[22m[2m | [22m[1m[32m21 passed[39m[22m[2m | [22m[33m4 skipped[39m[90m (31)[39m
[2m   Start at [22m 03:55:06
[2m   Duration [22m 22.29s[2m (transform 1.07s, setup 2ms, collect 8.49s, tests 27.45s, environment 10.80s, prepare 1.34s)[22m

            [36m<tbody>[39m
              [36m<tr>[39m
                [36m<td>[39m
                  [36m<input[39m
                    
[33maria-label[39m=[32m"Select row 
user-1"[39m
                    
[33mtype[39m=[32m"checkbox"[39m
                  [36m/>[39m
                [36m</td>[39m
                [36m<td[39m
                  
[33mdata-col-id[39m=[32m"name"[39m
                  
[33mstyle[39m=[32m"width: 200px;"[39m
                [36m>[39m
                  [0mUser 1[0m
                [36m</td>[39m
                [36m<td[39m
                  
[33mdata-col-id[39m=[32m"email"[39m
                  
[33mstyle[39m=[32m"width: 250px;"[39m
                [36m>[39m
                  
[0muser1@example.com[0m
                [36m</td>[39m
                [36m<td[39m
                  [33mclass[39m=[32m"ro
wakit-cell-number"[39m
                  
[33mdata-col-id[39m=[32m"age"[39m
                  
[33mstyle[39m=[32m"width: 100px; 
text-align: right;"[39m
                [36m>[39m
                  [0m64[0m
                [36m</td>[39m
                [36m<td[39m
                  [33mclass[39m=[32m"ro
wakit-cell-number"[39m
                  
[33mdata-col-id[39m=[32m"salary"[39m
                  
[33mstyle[39m=[32m"width: 150px; 
text-align: right;"[39m
                [36m>[39m
                  [0m$122,382[0m
                [36m</td>[39m
                [36m<td[39m
                  [33mdata-col-id[39m=[
32m"department"[39m
                  
[33mstyle[39m=[32m"width: 150px;"[39m
                [36m>[39m
                  [0mFinance[0m
                [36m</td>[39m
                [36m<td[39m
                  
[33mdata-col-id[39m=[32m"role"[39m
                [36m>[39m
                  [36m<span[39m
                    
[33mclass[39m=[32m"rowakit-badge 
rowakit-badge-gray"[39m
                  [36m>[39m
                    [0mGuest[0m
                  [36m</span>[39m
                [36m</td>[39m
                [36m<td[39m
                  
[33mdata-col-id[39m=[32m"active"[39m
                [36m>[39m
                  [0mYes[0m
                [36m</td>[39m
                [36m<td[39m
                  
[33mdata-col-id[39m=[32m"joinedAt"[39m
                  
[33mstyle[39m=[32m"width: 150px;"[39m
                [36m>[39m
                  [0m8/1/2023[0m
                [36m</td>[39m
              [36m</tr>[39m
              [36m<tr>[39m
                [36m<td>[39m
                  [36m<input[39m
                    
[33maria-label[39m=[32m"Select row 
user-2"[39m
                    
[33mtype[39m=[32m"checkbox"[39m
                  [36m/>[39m
                [36m</td>[39m
                [36m<td[39m
                  
[33mdata-col-id[39m=[32m"name"[39m
                  
[33mstyle[39m=[32m"width: 200px;"[39m
                [36m>[39m
                  [0mUser 2[0m
                [36m</td>[39m
                [36m<td[39m
                  
[33mdata-col-id[39m=[32m"email"[39m
                  
[33mstyle[39m=[32m"width: 250px;"[39m
                [36m>[39m
                  
[0muser2@example.com[0m
                [36m</td>[39m
                [36m<td[39m
                  [33mclass[39m=[32m"ro
wakit-cell-number"[39m
                  
[33mdata-col-id[39m=[32m"age"[39m
                  
[33mstyle[39m=[32m"width: 100px; 
text-align: right;"[39m
                [36m>[39m
                  [0m56[0m
                [36m</td>[39m
                [36m<td[39m
                  [33mclass[39m=[32m"ro
wakit-cell-number"[39m
                  
[33mdata-col-id[39m=[32m"salary"[39m
                  [33ms...
[90m [2mΓ¥»[22m Proxy.waitForWrapper no
de_modules/.pnpm/@testing-library+dom@9.3.
4/node_modules/@testing-library/dom/dist/w
ait-for.js:[2m163:27[22m[39m
[36m [2mΓ¥»[22m packages/demo/src/harne
ss/ui/scenarios.workflow.test.tsx:[2m294:
13[22m[39m
    [90m292| [39m
    [90m293| [39m      [90m// Wait for 
selection to register and delete button 
to appear[39m
    [90m294| [39m      [35mawait[39m 
[34mwaitFor[39m(() [33m=>[39m {
    [90m   | [39m            [31m^[39m
    [90m295| [39m        [34mexpect[39
m(screen[33m.[39m[34mgetByRole[39m([3
2m'button'[39m[33m,[39m { 
name[33m:[39m [36m/delete/i[39m 
}))[33m.[39m[34mtoBeIn[39mΓÇª
    [90m296| [39m        [34mexpect[39
m(screen[33m.[39m[34mgetByText[39m([3
6m/1 selected/i[39m))[33m.[39m[34mtoBe
InTheDocument[39m()[33m;[39m

[31m[2mΓÄ»ΓÄ»ΓÄ»ΓÄ»ΓÄ»ΓÄ»ΓÄ»ΓÄ»ΓÄ»ΓÄ»ΓÄ»
ΓÄ»ΓÄ»ΓÄ»ΓÄ»ΓÄ»ΓÄ»ΓÄ»ΓÄ»ΓÄ»ΓÄ»ΓÄ»ΓÄ»ΓÄ»[6/
6]ΓÄ»[22m[39m

