
> rowakit@0.0.0 test C:\Working\Projects\Trung\RowaKit
> vitest run


[7m[1m[36m RUN [39m[22m[27m [36mv1.6.1[39m [90mC:/Working/Projects/Trung/RowaKit[39m

 [32mΓ£ô[39m packages/table/src/__tests__/types.test.ts [2m ([22m[2m15 tests[22m[2m)[22m[90m 76[2mms[22m[39m
 [32mΓ£ô[39m packages/table/src/__tests__/setup.test.ts [2m ([22m[2m2 tests[22m[2m)[22m[90m 29[2mms[22m[39m
 [32mΓ£ô[39m packages/table/src/__tests__/column-helpers.test.ts [2m ([22m[2m23 tests[22m[2m)[22m[33m 417[2mms[22m[39m
node.exe : [90mstderr[2m | 
packages/table/src/components/SmartTable.test.tsx[2m > 
[22m[2mSmartTable Component[2m > [22m[2mBasic Rendering[2m > 
[22m[2mrenders correct number of column headers[22m[39m
At C:\Users\trunglt\AppData\Roaming\npm\pnpm.ps1:24 char:5
+     & "node$exe"  "$basedir/node_modules/pnpm/bin/pnpm.cjs" $args
+     ~~~~~~~~~~~~~~~~~~~~~~~~~~~~~~~~~~~~~~~~~~~~~~~~~~~~~~~~~~~~~
    + CategoryInfo          : NotSpecified: ([90mstderr[2m...aders[22m 
   [39m:String) [], RemoteException
    + FullyQualifiedErrorId : NativeCommandError
 
Warning: An update to RowaKitTable inside a test was not wrapped in 
act(...).

When testing, code that causes React state updates should be wrapped into 
act(...):

act(() => {
  /* fire events that update state */
});
/* assert on the output */

This ensures that you're testing the behavior the user would see in the 
browser. Learn more at https://reactjs.org/link/wrap-tests-with-act
    at RowaKitTable (C:\Working\Projects\Trung\RowaKit\packages\table\src\
components\SmartTable.tsx:103:3)

[90mstderr[2m | 
packages/table/src/components/SmartTable.styling.test.tsx[2m > 
[22m[2mSmartTable Styling[2m > [22m[2mResponsive Behavior[2m > 
[22m[2mhandles many columns without breaking layout[22m[39m
Warning: Encountered two children with the same key, `name`. Keys should 
be unique so that components maintain their identity across updates. 
Non-unique keys may cause children to be duplicated and/or omitted ΓÇö 
the behavior is unsupported and could change in a future version.
    at tr
    at thead
    at table
    at div
    at RowaKitTable (C:\Working\Projects\Trung\RowaKit\packages\table\src\
components\SmartTable.tsx:103:3)
Warning: Encountered two children with the same key, `email`. Keys should 
be unique so that components maintain their identity across updates. 
Non-unique keys may cause children to be duplicated and/or omitted ΓÇö 
the behavior is unsupported and could change in a future version.
    at tr
    at thead
    at table
    at div
    at RowaKitTable (C:\Working\Projects\Trung\RowaKit\packages\table\src\
components\SmartTable.tsx:103:3)
Warning: Encountered two children with the same key, `name`. Keys should 
be unique so that components maintain their identity across updates. 
Non-unique keys may cause children to be duplicated and/or omitted ΓÇö 
the behavior is unsupported and could change in a future version.
    at tr
    at thead
    at table
    at div
    at RowaKitTable (C:\Working\Projects\Trung\RowaKit\packages\table\src\
components\SmartTable.tsx:103:3)
Warning: Encountered two children with the same key, `email`. Keys should 
be unique so that components maintain their identity across updates. 
Non-unique keys may cause children to be duplicated and/or omitted ΓÇö 
the behavior is unsupported and could change in a future version.
    at tr
    at thead
    at table
    at div
    at RowaKitTable (C:\Working\Projects\Trung\RowaKit\packages\table\src\
components\SmartTable.tsx:103:3)
Warning: Encountered two children with the same key, `name`. Keys should 
be unique so that components maintain their identity across updates. 
Non-unique keys may cause children to be duplicated and/or omitted ΓÇö 
the behavior is unsupported and could change in a future version.
    at tr
    at thead
    at table
    at div
    at RowaKitTable (C:\Working\Projects\Trung\RowaKit\packages\table\src\
components\SmartTable.tsx:103:3)
Warning: Encountered two children with the same key, `email`. Keys should 
be unique so that components maintain their identity across updates. 
Non-unique keys may cause children to be duplicated and/or omitted ΓÇö 
the behavior is unsupported and could change in a future version.
    at tr
    at thead
    at table
    at div
    at RowaKitTable (C:\Working\Projects\Trung\RowaKit\packages\table\src\
components\SmartTable.tsx:103:3)
Warning: Encountered two children with the same key, `name`. Keys should 
be unique so that components maintain their identity across updates. 
Non-unique keys may cause children to be duplicated and/or omitted ΓÇö 
the behavior is unsupported and could change in a future version.
    at tr
    at thead
    at table
    at div
    at RowaKitTable (C:\Working\Projects\Trung\RowaKit\packages\table\src\
components\SmartTable.tsx:103:3)
Warning: Encountered two children with the same key, `email`. Keys should 
be unique so that components maintain their identity across updates. 
Non-unique keys may cause children to be duplicated and/or omitted ΓÇö 
the behavior is unsupported and could change in a future version.
    at tr
    at thead
    at table
    at div
    at RowaKitTable (C:\Working\Projects\Trung\RowaKit\packages\table\src\
components\SmartTable.tsx:103:3)
Warning: Encountered two children with the same key, `name`. Keys should 
be unique so that components maintain their identity across updates. 
Non-unique keys may cause children to be duplicated and/or omitted ΓÇö 
the behavior is unsupported and could change in a future version.
    at tr
    at thead
    at table
    at div
    at RowaKitTable (C:\Working\Projects\Trung\RowaKit\packages\table\src\
components\SmartTable.tsx:103:3)
Warning: Encountered two children with the same key, `email`. Keys should 
be unique so that components maintain their identity across updates. 
Non-unique keys may cause children to be duplicated and/or omitted ΓÇö 
the behavior is unsupported and could change in a future version.
    at tr
    at thead
    at table
    at div
    at RowaKitTable (C:\Working\Projects\Trung\RowaKit\packages\table\src\
components\SmartTable.tsx:103:3)
Warning: Encountered two children with the same key, `name`. Keys should 
be unique so that components maintain their identity across updates. 
Non-unique keys may cause children to be duplicated and/or omitted ΓÇö 
the behavior is unsupported and could change in a future version.
    at tr
    at thead
    at table
    at div
    at RowaKitTable (C:\Working\Projects\Trung\RowaKit\packages\table\src\
components\SmartTable.tsx:103:3)
Warning: Encountered two children with the same key, `email`. Keys should 
be unique so that components maintain their identity across updates. 
Non-unique keys may cause children to be duplicated and/or omitted ΓÇö 
the behavior is unsupported and could change in a future version.
    at tr
    at thead
    at table
    at div
    at RowaKitTable (C:\Working\Projects\Trung\RowaKit\packages\table\src\
components\SmartTable.tsx:103:3)
Warning: Encountered two children with the same key, `name`. Keys should 
be unique so that components maintain their identity across updates. 
Non-unique keys may cause children to be duplicated and/or omitted ΓÇö 
the behavior is unsupported and could change in a future version.
    at tr
    at tbody
    at table
    at div
    at RowaKitTable (C:\Working\Projects\Trung\RowaKit\packages\table\src\
components\SmartTable.tsx:103:3)
Warning: Encountered two children with the same key, `email`. Keys should 
be unique so that components maintain their identity across updates. 
Non-unique keys may cause children to be duplicated and/or omitted ΓÇö 
the behavior is unsupported and could change in a future version.
    at tr
    at tbody
    at table
    at div
    at RowaKitTable (C:\Working\Projects\Trung\RowaKit\packages\table\src\
components\SmartTable.tsx:103:3)
Warning: Encountered two children with the same key, `name`. Keys should 
be unique so that components maintain their identity across updates. 
Non-unique keys may cause children to be duplicated and/or omitted ΓÇö 
the behavior is unsupported and could change in a future version.
    at tr
    at tbody
    at table
    at div
    at RowaKitTable (C:\Working\Projects\Trung\RowaKit\packages\table\src\
components\SmartTable.tsx:103:3)
Warning: Encountered two children with the same key, `email`. Keys should 
be unique so that components maintain their identity across updates. 
Non-unique keys may cause children to be duplicated and/or omitted ΓÇö 
the behavior is unsupported and could change in a future version.
    at tr
    at tbody
    at table
    at div
    at RowaKitTable (C:\Working\Projects\Trung\RowaKit\packages\table\src\
components\SmartTable.tsx:103:3)
Warning: Encountered two children with the same key, `name`. Keys should 
be unique so that components maintain their identity across updates. 
Non-unique keys may cause children to be duplicated and/or omitted ΓÇö 
the behavior is unsupported and could change in a future version.
    at tr
    at tbody
    at table
    at div
    at RowaKitTable (C:\Working\Projects\Trung\RowaKit\packages\table\src\
components\SmartTable.tsx:103:3)
Warning: Encountered two children with the same key, `email`. Keys should 
be unique so that components maintain their identity across updates. 
Non-unique keys may cause children to be duplicated and/or omitted ΓÇö 
the behavior is unsupported and could change in a future version.
    at tr
    at tbody
    at table
    at div
    at RowaKitTable (C:\Working\Projects\Trung\RowaKit\packages\table\src\
components\SmartTable.tsx:103:3)
Warning: Encountered two children with the same key, `name`. Keys should 
be unique so that components maintain their identity across updates. 
Non-unique keys may cause children to be duplicated and/or omitted ΓÇö 
the behavior is unsupported and could change in a future version.
    at tr
    at tbody
    at table
    at div
    at RowaKitTable (C:\Working\Projects\Trung\RowaKit\packages\table\src\
components\SmartTable.tsx:103:3)
Warning: Encountered two children with the same key, `email`. Keys should 
be unique so that components maintain their identity across updates. 
Non-unique keys may cause children to be duplicated and/or omitted ΓÇö 
the behavior is unsupported and could change in a future version.
    at tr
    at tbody
    at table
    at div
    at RowaKitTable (C:\Working\Projects\Trung\RowaKit\packages\table\src\
components\SmartTable.tsx:103:3)
Warning: Encountered two children with the same key, `name`. Keys should 
be unique so that components maintain their identity across updates. 
Non-unique keys may cause children to be duplicated and/or omitted ΓÇö 
the behavior is unsupported and could change in a future version.
    at tr
    at tbody
    at table
    at div
    at RowaKitTable (C:\Working\Projects\Trung\RowaKit\packages\table\src\
components\SmartTable.tsx:103:3)
Warning: Encountered two children with the same key, `email`. Keys should 
be unique so that components maintain their identity across updates. 
Non-unique keys may cause children to be duplicated and/or omitted ΓÇö 
the behavior is unsupported and could change in a future version.
    at tr
    at tbody
    at table
    at div
    at RowaKitTable (C:\Working\Projects\Trung\RowaKit\packages\table\src\
components\SmartTable.tsx:103:3)
Warning: Encountered two children with the same key, `name`. Keys should 
be unique so that components maintain their identity across updates. 
Non-unique keys may cause children to be duplicated and/or omitted ΓÇö 
the behavior is unsupported and could change in a future version.
    at tr
    at tbody
    at table
    at div
    at RowaKitTable (C:\Working\Projects\Trung\RowaKit\packages\table\src\
components\SmartTable.tsx:103:3)
Warning: Encountered two children with the same key, `email`. Keys should 
be unique so that components maintain their identity across updates. 
Non-unique keys may cause children to be duplicated and/or omitted ΓÇö 
the behavior is unsupported and could change in a future version.
    at tr
    at tbody
    at table
    at div
    at RowaKitTable (C:\Working\Projects\Trung\RowaKit\packages\table\src\
components\SmartTable.tsx:103:3)

[90mstderr[2m | packages/table/src/components/SmartTable.test.tsx[2m > 
[22m[2mSmartTable Component[2m > [22m[2mBasic Rendering[2m > 
[22m[2mmaintains column order[22m[39m
Warning: An update to RowaKitTable inside a test was not wrapped in 
act(...).

When testing, code that causes React state updates should be wrapped into 
act(...):

act(() => {
  /* fire events that update state */
});
/* assert on the output */

This ensures that you're testing the behavior the user would see in the 
browser. Learn more at https://reactjs.org/link/wrap-tests-with-act
    at RowaKitTable (C:\Working\Projects\Trung\RowaKit\packages\table\src\
components\SmartTable.tsx:103:3)

[90mstderr[2m | packages/table/src/components/SmartTable.test.tsx[2m > 
[22m[2mSmartTable Component[2m > [22m[2mHeader Rendering[2m > 
[22m[2muses column.header when provided[22m[39m
Warning: An update to RowaKitTable inside a test was not wrapped in 
act(...).

When testing, code that causes React state updates should be wrapped into 
act(...):

act(() => {
  /* fire events that update state */
});
/* assert on the output */

This ensures that you're testing the behavior the user would see in the 
browser. Learn more at https://reactjs.org/link/wrap-tests-with-act
    at RowaKitTable (C:\Working\Projects\Trung\RowaKit\packages\table\src\
components\SmartTable.tsx:103:3)

[90mstderr[2m | packages/table/src/components/SmartTable.test.tsx[2m > 
[22m[2mSmartTable Component[2m > [22m[2mHeader Rendering[2m > 
[22m[2mfalls back to column.id when header not provided[22m[39m
Warning: An update to RowaKitTable inside a test was not wrapped in 
act(...).

When testing, code that causes React state updates should be wrapped into 
act(...):

act(() => {
  /* fire events that update state */
});
/* assert on the output */

This ensures that you're testing the behavior the user would see in the 
browser. Learn more at https://reactjs.org/link/wrap-tests-with-act
    at RowaKitTable (C:\Working\Projects\Trung\RowaKit\packages\table\src\
components\SmartTable.tsx:103:3)

[90mstderr[2m | packages/table/src/components/SmartTable.test.tsx[2m > 
[22m[2mSmartTable Component[2m > [22m[2mColumn Type Rendering[2m > 
[22m[2mrenders text columns correctly[22m[39m
Warning: An update to RowaKitTable inside a test was not wrapped in 
act(...).

When testing, code that causes React state updates should be wrapped into 
act(...):

act(() => {
  /* fire events that update state */
});
/* assert on the output */

This ensures that you're testing the behavior the user would see in the 
browser. Learn more at https://reactjs.org/link/wrap-tests-with-act
    at RowaKitTable (C:\Working\Projects\Trung\RowaKit\packages\table\src\
components\SmartTable.tsx:103:3)
    at TestComponent

[90mstderr[2m | packages/table/src/components/SmartTable.test.tsx[2m > 
[22m[2mSmartTable Component[2m > [22m[2mColumn Type Rendering[2m > 
[22m[2mrenders date columns with default format[22m[39m
Warning: An update to RowaKitTable inside a test was not wrapped in 
act(...).

When testing, code that causes React state updates should be wrapped into 
act(...):

act(() => {
  /* fire events that update state */
});
/* assert on the output */

This ensures that you're testing the behavior the user would see in the 
browser. Learn more at https://reactjs.org/link/wrap-tests-with-act
    at RowaKitTable (C:\Working\Projects\Trung\RowaKit\packages\table\src\
components\SmartTable.tsx:103:3)

[90mstderr[2m | packages/table/src/components/SmartTable.test.tsx[2m > 
[22m[2mSmartTable Component[2m > [22m[2mColumn Type Rendering[2m > 
[22m[2mrenders boolean columns with default format[22m[39m
Warning: An update to RowaKitTable inside a test was not wrapped in 
act(...).

When testing, code that causes React state updates should be wrapped into 
act(...):

act(() => {
  /* fire events that update state */
});
/* assert on the output */

This ensures that you're testing the behavior the user would see in the 
browser. Learn more at https://reactjs.org/link/wrap-tests-with-act
    at RowaKitTable (C:\Working\Projects\Trung\RowaKit\packages\table\src\
components\SmartTable.tsx:103:3)

[90mstderr[2m | packages/table/src/components/SmartTable.test.tsx[2m > 
[22m[2mSmartTable Component[2m > [22m[2mColumn Type Rendering[2m > 
[22m[2mrenders actions column[22m[39m
Warning: An update to RowaKitTable inside a test was not wrapped in 
act(...).

When testing, code that causes React state updates should be wrapped into 
act(...):

act(() => {
  /* fire events that update state */
});
/* assert on the output */

This ensures that you're testing the behavior the user would see in the 
browser. Learn more at https://reactjs.org/link/wrap-tests-with-act
    at RowaKitTable (C:\Working\Projects\Trung\RowaKit\packages\table\src\
components\SmartTable.tsx:103:3)

[90mstderr[2m | packages/table/src/components/SmartTable.test.tsx[2m > 
[22m[2mSmartTable Component[2m > [22m[2mColumn Type Rendering[2m > 
[22m[2mrenders custom column[22m[39m
Warning: An update to RowaKitTable inside a test was not wrapped in 
act(...).

When testing, code that causes React state updates should be wrapped into 
act(...):

act(() => {
  /* fire events that update state */
});
/* assert on the output */

This ensures that you're testing the behavior the user would see in the 
browser. Learn more at https://reactjs.org/link/wrap-tests-with-act
    at RowaKitTable (C:\Working\Projects\Trung\RowaKit\packages\table\src\
components\SmartTable.tsx:103:3)

[90mstderr[2m | packages/table/src/components/SmartTable.test.tsx[2m > 
[22m[2mSmartTable Component[2m > [22m[2mFormat Functions[2m > 
[22m[2mapplies format function for text columns[22m[39m
Warning: An update to RowaKitTable inside a test was not wrapped in 
act(...).

When testing, code that causes React state updates should be wrapped into 
act(...):

act(() => {
  /* fire events that update state */
});
/* assert on the output */

This ensures that you're testing the behavior the user would see in the 
browser. Learn more at https://reactjs.org/link/wrap-tests-with-act
    at RowaKitTable (C:\Working\Projects\Trung\RowaKit\packages\table\src\
components\SmartTable.tsx:103:3)

[90mstderr[2m | packages/table/src/components/SmartTable.test.tsx[2m > 
[22m[2mSmartTable Component[2m > [22m[2mFormat Functions[2m > 
[22m[2mapplies format function for date columns[22m[39m
Warning: An update to RowaKitTable inside a test was not wrapped in 
act(...).

When testing, code that causes React state updates should be wrapped into 
act(...):

act(() => {
  /* fire events that update state */
});
/* assert on the output */

This ensures that you're testing the behavior the user would see in the 
browser. Learn more at https://reactjs.org/link/wrap-tests-with-act
    at RowaKitTable (C:\Working\Projects\Trung\RowaKit\packages\table\src\
components\SmartTable.tsx:103:3)

[90mstderr[2m | packages/table/src/components/SmartTable.test.tsx[2m > 
[22m[2mSmartTable Component[2m > [22m[2mFormat Functions[2m > 
[22m[2mapplies format function for boolean columns[22m[39m
Warning: An update to RowaKitTable inside a test was not wrapped in 
act(...).

When testing, code that causes React state updates should be wrapped into 
act(...):

act(() => {
  /* fire events that update state */
});
/* assert on the output */

This ensures that you're testing the behavior the user would see in the 
browser. Learn more at https://reactjs.org/link/wrap-tests-with-act
    at RowaKitTable (C:\Working\Projects\Trung\RowaKit\packages\table\src\
components\SmartTable.tsx:103:3)

[90mstderr[2m | packages/table/src/components/SmartTable.test.tsx[2m > 
[22m[2mSmartTable Component[2m > [22m[2mRow Key Handling[2m > 
[22m[2maccepts rowKey as field name[22m[39m
Warning: An update to RowaKitTable inside a test was not wrapped in 
act(...).

When testing, code that causes React state updates should be wrapped into 
act(...):

act(() => {
  /* fire events that update state */
});
/* assert on the output */

This ensures that you're testing the behavior the user would see in the 
browser. Learn more at https://reactjs.org/link/wrap-tests-with-act
    at RowaKitTable (C:\Working\Projects\Trung\RowaKit\packages\table\src\
components\SmartTable.tsx:103:3)

[90mstderr[2m | packages/table/src/components/SmartTable.test.tsx[2m > 
[22m[2mSmartTable Component[2m > [22m[2mRow Key Handling[2m > 
[22m[2maccepts rowKey as function[22m[39m
Warning: An update to RowaKitTable inside a test was not wrapped in 
act(...).

When testing, code that causes React state updates should be wrapped into 
act(...):

act(() => {
  /* fire events that update state */
});
/* assert on the output */

This ensures that you're testing the behavior the user would see in the 
browser. Learn more at https://reactjs.org/link/wrap-tests-with-act
    at RowaKitTable (C:\Working\Projects\Trung\RowaKit\packages\table\src\
components\SmartTable.tsx:103:3)

[90mstderr[2m | packages/table/src/components/SmartTable.test.tsx[2m > 
[22m[2mSmartTable Component[2m > [22m[2mRow Key Handling[2m > 
[22m[2mworks without explicit rowKey[22m[39m
Warning: An update to RowaKitTable inside a test was not wrapped in 
act(...).

When testing, code that causes React state updates should be wrapped into 
act(...):

act(() => {
  /* fire events that update state */
});
/* assert on the output */

This ensures that you're testing the behavior the user would see in the 
browser. Learn more at https://reactjs.org/link/wrap-tests-with-act
    at RowaKitTable (C:\Working\Projects\Trung\RowaKit\packages\table\src\
components\SmartTable.tsx:103:3)

[90mstderr[2m | packages/table/src/components/SmartTable.test.tsx[2m > 
[22m[2mSmartTable Component[2m > [22m[2mIntegration Tests[2m > 
[22m[2mrenders all column types together[22m[39m
Warning: An update to RowaKitTable inside a test was not wrapped in 
act(...).

When testing, code that causes React state updates should be wrapped into 
act(...):

act(() => {
  /* fire events that update state */
});
/* assert on the output */

This ensures that you're testing the behavior the user would see in the 
browser. Learn more at https://reactjs.org/link/wrap-tests-with-act
    at RowaKitTable (C:\Working\Projects\Trung\RowaKit\packages\table\src\
components\SmartTable.tsx:103:3)

[90mstderr[2m | packages/table/src/components/SmartTable.test.tsx[2m > 
[22m[2mSmartTable Component[2m > [22m[2mIntegration Tests[2m > 
[22m[2maccepts all documented props[22m[39m
Warning: An update to RowaKitTable inside a test was not wrapped in 
act(...).

When testing, code that causes React state updates should be wrapped into 
act(...):

act(() => {
  /* fire events that update state */
});
/* assert on the output */

This ensures that you're testing the behavior the user would see in the 
browser. Learn more at https://reactjs.org/link/wrap-tests-with-act
    at RowaKitTable (C:\Working\Projects\Trung\RowaKit\packages\table\src\
components\SmartTable.tsx:103:3)

[90mstderr[2m | packages/table/src/components/SmartTable.test.tsx[2m > 
[22m[2mSmartTable Component[2m > [22m[2mTypeScript Type Safety[2m > 
[22m[2menforces generic type consistency[22m[39m
Warning: An update to RowaKitTable inside a test was not wrapped in 
act(...).

When testing, code that causes React state updates should be wrapped into 
act(...):

act(() => {
  /* fire events that update state */
});
/* assert on the output */

This ensures that you're testing the behavior the user would see in the 
browser. Learn more at https://reactjs.org/link/wrap-tests-with-act
    at RowaKitTable (C:\Working\Projects\Trung\RowaKit\packages\table\src\
components\SmartTable.tsx:103:3)

[90mstderr[2m | packages/table/src/components/SmartTable.test.tsx[2m > 
[22m[2mSmartTable Component[2m > [22m[2mEdge Cases[2m > 
[22m[2mhandles undefined values in cells gracefully[22m[39m
Warning: An update to RowaKitTable inside a test was not wrapped in 
act(...).

When testing, code that causes React state updates should be wrapped into 
act(...):

act(() => {
  /* fire events that update state */
});
/* assert on the output */

This ensures that you're testing the behavior the user would see in the 
browser. Learn more at https://reactjs.org/link/wrap-tests-with-act
    at RowaKitTable (C:\Working\Projects\Trung\RowaKit\packages\table\src\
components\SmartTable.tsx:103:3)

[90mstderr[2m | packages/table/src/components/SmartTable.test.tsx[2m > 
[22m[2mSmartTable Component[2m > [22m[2mEdge Cases[2m > 
[22m[2mhandles null values in cells gracefully[22m[39m
Warning: An update to RowaKitTable inside a test was not wrapped in 
act(...).

When testing, code that causes React state updates should be wrapped into 
act(...):

act(() => {
  /* fire events that update state */
});
/* assert on the output */

This ensures that you're testing the behavior the user would see in the 
browser. Learn more at https://reactjs.org/link/wrap-tests-with-act
    at RowaKitTable (C:\Working\Projects\Trung\RowaKit\packages\table\src\
components\SmartTable.tsx:103:3)

[90mstderr[2m | packages/table/src/components/SmartTable.test.tsx[2m > 
[22m[2mSmartTable Component[2m > [22m[2mEdge Cases[2m > 
[22m[2mrenders with minimal required props[22m[39m
Warning: An update to RowaKitTable inside a test was not wrapped in 
act(...).

When testing, code that causes React state updates should be wrapped into 
act(...):

act(() => {
  /* fire events that update state */
});
/* assert on the output */

This ensures that you're testing the behavior the user would see in the 
browser. Learn more at https://reactjs.org/link/wrap-tests-with-act
    at RowaKitTable (C:\Working\Projects\Trung\RowaKit\packages\table\src\
components\SmartTable.tsx:103:3)

 [32mΓ£ô[39m packages/table/src/components/SmartTable.test.tsx [2m ([22m[2m24 tests[22m[2m)[22m[33m 3915[2mms[22m[39m
 [32mΓ£ô[39m packages/table/src/components/SmartTable.styling.test.tsx [2m ([22m[2m20 tests[22m[2m)[22m[33m 3848[2mms[22m[39m
 [32mΓ£ô[39m packages/table/src/components/SmartTable.fetching.test.tsx [2m ([22m[2m22 tests[22m[2m)[22m[33m 4413[2mms[22m[39m
 [32mΓ£ô[39m packages/table/src/__tests__/RowaKitTable.test.tsx [2m ([22m[2m12 tests[22m[2m)[22m[33m 5527[2mms[22m[39m
 [32mΓ£ô[39m packages/table/src/components/SmartTable.pagination.test.tsx [2m ([22m[2m21 tests[22m[2m)[22m[33m 7542[2mms[22m[39m
 [32mΓ£ô[39m packages/table/src/components/SmartTable.actions.test.tsx [2m ([22m[2m18 tests[22m[2m)[22m[33m 8872[2mms[22m[39m
 [32mΓ£ô[39m packages/table/src/components/SmartTable.sorting.test.tsx [2m ([22m[2m21 tests[22m[2m)[22m[33m 9505[2mms[22m[39m

[2m Test Files [22m [1m[32m10 passed[39m[22m[90m (10)[39m
[2m      Tests [22m [1m[32m178 passed[39m[22m[90m (178)[39m
[2m   Start at [22m 15:12:45
[2m   Duration [22m 21.14s[2m (transform 3.05s, setup 9ms, collect 24.31s, tests 44.14s, environment 67.09s, prepare 8.19s)[22m

